******************************************************************************
                  TI ARM Linker PC v5.2.4                      
******************************************************************************
>> Linked Sat May 09 18:55:25 2015

OUTPUT FILE NAME:   <Milestone2.out>
ENTRY POINT SYMBOL: "_c_int00"  address: 00003365


MEMORY CONFIGURATION

         name            origin    length      used     unused   attr    fill
----------------------  --------  ---------  --------  --------  ----  --------
  FLASH                 00000000   00040000  00003d72  0003c28e  R  X
  SRAM                  20000000   00010000  000013f3  0000ec0d  RW X


SEGMENT ALLOCATION MAP

run origin  load origin   length   init length attrs members
----------  ----------- ---------- ----------- ----- -------
00000000    00000000    00003d78   00003d78    r-x
  00000000    00000000    000000f0   000000f0    r-- .intvecs
  000000f0    000000f0    0000378e   0000378e    r-x .text
  00003880    00003880    0000046c   0000046c    r-- .const
  00003cf0    00003cf0    00000088   00000088    r-- .cinit
20000000    20000000    000013f8   00000000    rw-
  20000000    20000000    0000026c   00000000    rw- .vtable
  2000026c    2000026c    00000800   00000000    rw- .stack
  20000a70    20000a70    00000800   00000000    rw- .sysmem
  20001270    20001270    00000167   00000000    rw- .data
  200013d8    200013d8    00000020   00000000    rw- .bss


SECTION ALLOCATION MAP

 output                                  attributes/
section   page    origin      length       input sections
--------  ----  ----------  ----------   ----------------
.intvecs   0    00000000    000000f0     
                  00000000    000000f0     startup_ccs.obj (.intvecs)

.text      0    000000f0    0000378e     
                  000000f0    0000109a     rtsv7M3_T_le_eabi.lib : _printfi.obj (.text)
                  0000118a    00000002     --HOLE-- [fill = 0]
                  0000118c    00000510     rit128x96x4.obj (.text)
                  0000169c    000003dc     rtsv7M3_T_le_eabi.lib : memory.obj (.text)
                  00001a78    000001f4                           : ull_div_t2.obj (.text)
                  00001c6c    000001c8     driverlib-cm3.lib : sysctl.obj (.text:SysCtlClockGet)
                  00001e34    000001b6     rtsv7M3_T_le_eabi.lib : fd_add_t2.obj (.text)
                  00001fea    00000002     --HOLE-- [fill = 0]
                  00001fec    00000148     driverlib-cm3.lib : sysctl.obj (.text:SysCtlClockSet)
                  00002134    00000138     main.obj (.text)
                  0000226c    00000136     rtsv7M3_T_le_eabi.lib : fd_div_t2.obj (.text)
                  000023a2    00000002     --HOLE-- [fill = 0]
                  000023a4    00000110                           : xdscale.obj (.text)
                  000024b4    000000fc     driverlib-cm3.lib : gpio.obj (.text:GPIOGetIntNumber)
                  000025b0    000000fc     rtsv7M3_T_le_eabi.lib : fd_mul_t2.obj (.text)
                  000026ac    000000c4     quadDecoder.obj (.text)
                  00002770    000000be     rtsv7M3_T_le_eabi.lib : xdnorm.obj (.text)
                  0000282e    000000b8     driverlib-cm3.lib : gpio.obj (.text:GPIOPadConfigSet)
                  000028e6    000000b8     circBuf.obj (.text)
                  0000299e    00000002     --HOLE-- [fill = 0]
                  000029a0    000000ac     altitudeMonitor.obj (.text)
                  00002a4c    0000009c     rtsv7M3_T_le_eabi.lib : memcpy_t2.obj (.text)
                  00002ae8    00000092                           : fs_div_t2.obj (.text)
                  00002b7a    00000002     --HOLE-- [fill = 0]
                  00002b7c    00000090     pwmOutput.obj (.text)
                  00002c0c    00000086     rtsv7M3_T_le_eabi.lib : fd_cmp_t2.obj (.text:__aeabi_cdcmple)
                  00002c92    00000086                           : fd_cmp_t2.obj (.text:__aeabi_cdrcmple)
                  00002d18    0000007a                           : fs_mul_t2.obj (.text)
                  00002d92    0000007a                           : memset_t2.obj (.text)
                  00002e0c    0000006c     driverlib-cm3.lib : adc.obj (.text:ADCSequenceStepConfigure)
                  00002e78    0000006c     rtsv7M3_T_le_eabi.lib : autoinit.obj (.text)
                  00002ee4    0000006a                           : copy_decompress_rle.obj (.text)
                  00002f4e    00000002     --HOLE-- [fill = 0]
                  00002f50    00000068     driverlib-cm3.lib : interrupt.obj (.text:IntEnable)
                  00002fb8    00000066     rtsv7M3_T_le_eabi.lib : xdunscal.obj (.text)
                  0000301e    00000002     --HOLE-- [fill = 0]
                  00003020    00000060                           : sprintf.obj (.text)
                  00003080    0000005c     driverlib-cm3.lib : sysctl.obj (.text:SysCtlPeripheralEnable)
                  000030dc    00000056     rtsv7M3_T_le_eabi.lib : ltoa.obj (.text)
                  00003132    00000002     --HOLE-- [fill = 0]
                  00003134    0000004c                           : atoi.obj (.text)
                  00003180    0000004c                           : cpy_tbl.obj (.text)
                  000031cc    00000048                           : fd_toi_t2.obj (.text)
                  00003214    00000046                           : ldexp.obj (.text)
                  0000325a    00000002     --HOLE-- [fill = 0]
                  0000325c    00000044                           : exit.obj (.text)
                  000032a0    00000042     driverlib-cm3.lib : ssi.obj (.text:SSIConfigSetExpClk)
                  000032e2    00000002     --HOLE-- [fill = 0]
                  000032e4    00000040     rtsv7M3_T_le_eabi.lib : signal.obj (.text)
                  00003324    0000003e     driverlib-cm3.lib : gpio.obj (.text:GPIOIntTypeSet)
                  00003362    00000002     --HOLE-- [fill = 0]
                  00003364    0000003c     rtsv7M3_T_le_eabi.lib : boot.obj (.text)
                  000033a0    00000038                           : fs_toi_t2.obj (.text)
                  000033d8    00000034     driverlib-cm3.lib : interrupt.obj (.text:IntRegister)
                  0000340c    00000034     rtsv7M3_T_le_eabi.lib : feraiseexcept.obj (.text)
                  00003440    00000034                           : fs_tou_t2.obj (.text)
                  00003474    00000030                           : xferaise.obj (.text)
                  000034a4    0000002e                           : i_tofd_t2.obj (.text)
                  000034d2    0000002e                           : raise.obj (.text)
                  00003500    0000002a     driverlib-cm3.lib : adc.obj (.text:ADCSequenceConfigure)
                  0000352a    0000002a                       : gpio.obj (.text:GPIODirModeSet)
                  00003554    0000002a     rtsv7M3_T_le_eabi.lib : xdclass.obj (.text)
                  0000357e    00000002     --HOLE-- [fill = 0]
                  00003580    00000024     driverlib-cm3.lib : adc.obj (.text:ADCIntRegister)
                  000035a4    00000024     rtsv7M3_T_le_eabi.lib : u_tofs_t2.obj (.text)
                  000035c8    00000022     driverlib-cm3.lib : pwm.obj (.text:PWMGenConfigure)
                  000035ea    00000022     rtsv7M3_T_le_eabi.lib : frexp.obj (.text)
                  0000360c    0000001e     driverlib-cm3.lib : adc.obj (.text:ADCSequenceDataGet)
                  0000362a    0000001e                       : pwm.obj (.text:PWMPulseWidthSet)
                  00003648    0000001c                       : systick.obj (.text:SysTickIntRegister)
                  00003664    0000001a                       : adc.obj (.text:ADCProcessorTrigger)
                  0000367e    0000001a     rtsv7M3_T_le_eabi.lib : memccpy.obj (.text)
                  00003698    00000018     driverlib-cm3.lib : gpio.obj (.text:GPIOPortIntRegister)
                  000036b0    00000018     rtsv7M3_T_le_eabi.lib : args_main.obj (.text)
                  000036c8    00000016                           : strchr.obj (.text)
                  000036de    00000002     --HOLE-- [fill = 0]
                  000036e0    00000014     driverlib-cm3.lib : systick.obj (.text:SysTickEnable)
                  000036f4    00000014                       : systick.obj (.text:SysTickIntEnable)
                  00003708    00000014     rtsv7M3_T_le_eabi.lib : _lock.obj (.text)
                  0000371c    00000014                           : strlen.obj (.text)
                  00003730    00000012     driverlib-cm3.lib : gpio.obj (.text:GPIOPinTypeGPIOInput)
                  00003742    00000012                       : gpio.obj (.text:GPIOPinTypeGPIOOutput)
                  00003754    00000012                       : gpio.obj (.text:GPIOPinTypePWM)
                  00003766    00000012                       : gpio.obj (.text:GPIOPinTypeSSI)
                  00003778    00000012                       : pwm.obj (.text:PWMOutputState)
                  0000378a    00000012                       : ssi.obj (.text:SSIDataGetNonBlocking)
                  0000379c    00000010                       : adc.obj (.text:ADCIntEnable)
                  000037ac    00000010                       : pwm.obj (.text:PWMGenPeriodSet)
                  000037bc    00000010                       : systick.obj (.text:SysTickPeriodSet)
                  000037cc    0000000e                       : adc.obj (.text:ADCSequenceEnable)
                  000037da    0000000e     rtsv7M3_T_le_eabi.lib : copy_decompress_none.obj (.text:decompress:none)
                  000037e8    0000000c     driverlib-cm3.lib : cpu.obj (.text:CPUcpsie)
                  000037f4    0000000c                       : gpio.obj (.text:GPIOPinIntEnable)
                  00003800    0000000c     rtsv7M3_T_le_eabi.lib : copy_zero_init.obj (.text:decompress:ZI)
                  0000380c    0000000c     startup_ccs.obj (.text)
                  00003818    0000000a     driverlib-cm3.lib : adc.obj (.text:ADCIntClear)
                  00003822    0000000a                       : interrupt.obj (.text:IntMasterEnable)
                  0000382c    0000000a                       : pwm.obj (.text:PWMGenEnable)
                  00003836    0000000a                       : ssi.obj (.text:SSIDataPut)
                  00003840    0000000a                       : ssi.obj (.text:SSIDisable)
                  0000384a    0000000a                       : ssi.obj (.text:SSIEnable)
                  00003854    00000008                       : ssi.obj (.text:SSIBusy)
                  0000385c    00000006                       : gpio.obj (.text:GPIOPinIntClear)
                  00003862    00000006                       : gpio.obj (.text:GPIOPinRead)
                  00003868    00000006                       : gpio.obj (.text:GPIOPinWrite)
                  0000386e    00000006                       : sysctl.obj (.text:SysCtlDelay)
                  00003874    00000006     rtsv7M3_T_le_eabi.lib : copy_decompress_rle.obj (.text:decompress:rle24)
                  0000387a    00000004                           : pre_init.obj (.text)

.const     0    00003880    0000046c     
                  00003880    000001e0     rit128x96x4.obj (.const:g_pucFont)
                  00003a60    00000101     rtsv7M3_T_le_eabi.lib : ctype.obj (.const:.string:_ctypes_)
                  00003b61    00000003     --HOLE-- [fill = 0]
                  00003b64    00000070     driverlib-cm3.lib : interrupt.obj (.const)
                  00003bd4    0000006c                       : sysctl.obj (.const:g_pulXtals)
                  00003c40    0000004f     rit128x96x4.obj (.const:.string:g_pucRIT128x96x4Init)
                  00003c8f    00000001     --HOLE-- [fill = 0]
                  00003c90    00000040     driverlib-cm3.lib : sysctl.obj (.const)
                  00003cd0    00000010     quadDecoder.obj (.const:.string)
                  00003ce0    0000000c     rit128x96x4.obj (.const:.string)

.cinit     0    00003cf0    00000088     
                  00003cf0    00000054     (.cinit..data.load) [load image, compression = rle]
                  00003d44    0000000c     (__TI_handler_table)
                  00003d50    00000008     (.cinit..bss.load) [load image, compression = zero_init]
                  00003d58    00000008     (.cinit..vtable.load) [load image, compression = zero_init]
                  00003d60    00000018     (__TI_cinit_table)

.init_array 
*          0    00000000    00000000     UNINITIALIZED

.vtable    0    20000000    0000026c     UNINITIALIZED
                  20000000    0000026c     driverlib-cm3.lib : interrupt.obj (.vtable)

.stack     0    2000026c    00000800     UNINITIALIZED
                  2000026c    00000800     --HOLE--

.sysmem    0    20000a70    00000800     UNINITIALIZED
                  20000a70    00000008     rtsv7M3_T_le_eabi.lib : memory.obj (.sysmem)
                  20000a78    000007f8     --HOLE--

.data      0    20001270    00000167     UNINITIALIZED
                  20001270    000000b0     rtsv7M3_T_le_eabi.lib : signal.obj (.data:sigtable)
                  20001320    00000080                           : xvalues.obj (.data)
                  200013a0    0000000c                           : memory.obj (.data)
                  200013ac    00000008     main.obj (.data)
                  200013b4    00000008     rtsv7M3_T_le_eabi.lib : _lock.obj (.data)
                  200013bc    00000008                           : exit.obj (.data)
                  200013c4    00000008                           : feraiseexcept.obj (.data)
                  200013cc    00000004                           : errno.obj (.data)
                  200013d0    00000004                           : stkdepth_vars.obj (.data)
                  200013d4    00000003     quadDecoder.obj (.data)

.TI.persistent 
*          0    20001270    00000000     UNINITIALIZED

.bss       0    200013d8    00000020     UNINITIALIZED
                  200013d8    00000010     (.common:g_AltitudeBuff)
                  200013e8    00000008     (.common:g_pucBuffer)
                  200013f0    00000004     (.common:g_ulSSIFlags)
                  200013f4    00000004     (.common:gul_AltitudeSampCnt)

.TI.noinit 
*          0    200013d8    00000000     UNINITIALIZED


LINKER GENERATED COPY TABLES

__TI_cinit_table @ 00003d60 records: 3, size/record: 8, table size: 24
	.data: load addr=00003cf0, load size=00000054 bytes, run addr=20001270, run size=00000167 bytes, compression=rle
	.bss: load addr=00003d50, load size=00000008 bytes, run addr=200013d8, run size=00000020 bytes, compression=zero_init
	.vtable: load addr=00003d58, load size=00000008 bytes, run addr=20000000, run size=0000026c bytes, compression=zero_init


LINKER GENERATED HANDLER TABLE

__TI_handler_table @ 00003d44 records: 3, size/record: 4, table size: 12
	index: 0, handler: __TI_zero_init
	index: 1, handler: __TI_decompress_rle24
	index: 2, handler: __TI_decompress_none


GLOBAL SYMBOLS: SORTED ALPHABETICALLY BY Name 

address   name                    
-------   ----                    
00003819  ADCIntClear             
0000379d  ADCIntEnable            
00003581  ADCIntRegister          
00003665  ADCProcessorTrigger     
00003501  ADCSequenceConfigure    
0000360d  ADCSequenceDataGet      
000037cd  ADCSequenceEnable       
00002e0d  ADCSequenceStepConfigure
000029dd  Altitude_Monitor_ISR    
0000325d  C$$EXIT                 
000037e9  CPUcpsie                
00002165  Display_Val             
0000352b  GPIODirModeSet          
00003325  GPIOIntTypeSet          
0000282f  GPIOPadConfigSet        
0000385d  GPIOPinIntClear         
000037f5  GPIOPinIntEnable        
00003863  GPIOPinRead             
00003731  GPIOPinTypeGPIOInput    
00003743  GPIOPinTypeGPIOOutput   
00003755  GPIOPinTypePWM          
00003767  GPIOPinTypeSSI          
00003869  GPIOPinWrite            
00003699  GPIOPortIntRegister     
00002743  Get_Yaw                 
000029a1  Init_ADC                
00002135  Init_Clock              
0000215b  Init_Display            
00002b7d  Init_PWM                
000026ad  Init_Quad_Decoder       
00002191  Init_Ref_Pin            
00002f51  IntEnable               
00003823  IntMasterEnable         
000033d9  IntRegister             
000035c9  PWMGenConfigure         
0000382d  PWMGenEnable            
000037ad  PWMGenPeriodSet         
00003779  PWMOutputState          
0000362b  PWMPulseWidthSet        
000026eb  Quad_Decoder_ISR        
00001295  RIT128x96x4Clear        
00001513  RIT128x96x4Disable      
00001665  RIT128x96x4DisplayOff   
00001631  RIT128x96x4DisplayOn    
000014b9  RIT128x96x4Enable       
00001431  RIT128x96x4ImageDraw    
0000158d  RIT128x96x4Init         
000012f1  RIT128x96x4StringDraw   
0000380d  ResetISR                
UNDEFED   SHT$$INIT_ARRAY$$Base   
UNDEFED   SHT$$INIT_ARRAY$$Limit  
00003855  SSIBusy                 
000032a1  SSIConfigSetExpClk      
0000378b  SSIDataGetNonBlocking   
00003837  SSIDataPut              
00003841  SSIDisable              
0000384b  SSIEnable               
00002bb3  Set_PWM                 
00001c6d  SysCtlClockGet          
00001fed  SysCtlClockSet          
0000386f  SysCtlDelay             
00003081  SysCtlPeripheralEnable  
000036e1  SysTickEnable           
000036f5  SysTickIntEnable        
00003649  SysTickIntRegister      
000037bd  SysTickPeriodSet        
00002a1b  Sys_Tick_ISR            
00003555  _Dclass                 
20001320  _Denorm                 
00002771  _Dnorm                  
000023a5  _Dscale                 
00002fb9  _Dunscale               
20001330  _Eps                    
200013cc  _Errno                  
200013c4  _Fenv                   
00003475  _Feraise                
20001340  _Hugeval                
20001350  _Inf                    
20001360  _Nan                    
20001380  _Rteps                  
20001370  _Snan                   
200013c8  _Tls_setup__Fenv        
20001390  _Xbig                   
20001398  _Zero                   
20000a6c  __STACK_END             
00000800  __STACK_SIZE            
2000046c  __STACK_TOP             
00000800  __SYSMEM_SIZE           
00003d60  __TI_CINIT_Base         
00003d78  __TI_CINIT_Limit        
00003d44  __TI_Handler_Table_Base 
00003d50  __TI_Handler_Table_Limit
00002e79  __TI_auto_init          
200013bc  __TI_cleanup_ptr        
000037db  __TI_decompress_none    
00003875  __TI_decompress_rle24   
200013c0  __TI_dtors_ptr          
00000e85  __TI_printfi            
00000000  __TI_static_base__      
00003801  __TI_zero_init          
00002c0d  __aeabi_cdcmpeq         
00002c0d  __aeabi_cdcmple         
00002c93  __aeabi_cdrcmple        
000031cd  __aeabi_d2iz            
00001e3f  __aeabi_dadd            
0000226d  __aeabi_ddiv            
000025b1  __aeabi_dmul            
00001e35  __aeabi_dsub            
000033a1  __aeabi_f2iz            
00003441  __aeabi_f2uiz           
00002ae9  __aeabi_fdiv            
00002d19  __aeabi_fmul            
000034a5  __aeabi_i2d             
00002d93  __aeabi_memclr          
00002d93  __aeabi_memclr4         
00002d93  __aeabi_memclr8         
00002a4d  __aeabi_memcpy          
00002a4d  __aeabi_memcpy4         
00002a4d  __aeabi_memcpy8         
00002d95  __aeabi_memset          
00002d95  __aeabi_memset4         
00002d95  __aeabi_memset8         
000035a5  __aeabi_ui2f            
00001a79  __aeabi_uldivmod        
ffffffff  __binit__               
ffffffff  __c_args__              
2000026c  __stack                 
000036b1  _args_main              
00003365  _c_int00                
00003a60  _ctypes_                
200013b4  _lock                   
00003717  _nop                    
0000370f  _register_lock          
00003709  _register_unlock        
20000a70  _sys_memory             
0000387b  _system_pre_init        
200013b8  _unlock                 
00003261  abort                   
200013b0  altStr                  
00003135  atoi                    
ffffffff  binit                   
00001a45  calloc                  
00003181  copy_in                 
00003269  exit                    
0000340d  feraiseexcept           
00001793  free                    
00002979  freeCircBuf             
000035eb  frexp                   
200013d8  g_AltitudeBuff          
20000000  g_pfnRAMVectors         
00000000  g_pfnVectors            
200013f4  gul_AltitudeSampCnt     
000028e7  initCircBuf             
00003215  ldexp                   
000030dd  ltoa                    
000021b9  main                    
200013d0  main_func_sp            
0000172b  malloc                  
00001961  memalign                
0000367f  memccpy                 
00002a4d  memcpy                  
00002d9b  memset                  
0000169d  minit                   
000034d3  raise                   
00002945  readCircBuf             
00001855  realloc                 
000032e5  signal                  
00003021  sprintf                 
000036c9  strchr                  
0000371d  strlen                  
00002911  writeCircBuf            
200013ac  yawStr                  


GLOBAL SYMBOLS: SORTED BY Symbol Address 

address   name                    
-------   ----                    
00000000  __TI_static_base__      
00000000  g_pfnVectors            
00000800  __STACK_SIZE            
00000800  __SYSMEM_SIZE           
00000e85  __TI_printfi            
00001295  RIT128x96x4Clear        
000012f1  RIT128x96x4StringDraw   
00001431  RIT128x96x4ImageDraw    
000014b9  RIT128x96x4Enable       
00001513  RIT128x96x4Disable      
0000158d  RIT128x96x4Init         
00001631  RIT128x96x4DisplayOn    
00001665  RIT128x96x4DisplayOff   
0000169d  minit                   
0000172b  malloc                  
00001793  free                    
00001855  realloc                 
00001961  memalign                
00001a45  calloc                  
00001a79  __aeabi_uldivmod        
00001c6d  SysCtlClockGet          
00001e35  __aeabi_dsub            
00001e3f  __aeabi_dadd            
00001fed  SysCtlClockSet          
00002135  Init_Clock              
0000215b  Init_Display            
00002165  Display_Val             
00002191  Init_Ref_Pin            
000021b9  main                    
0000226d  __aeabi_ddiv            
000023a5  _Dscale                 
000025b1  __aeabi_dmul            
000026ad  Init_Quad_Decoder       
000026eb  Quad_Decoder_ISR        
00002743  Get_Yaw                 
00002771  _Dnorm                  
0000282f  GPIOPadConfigSet        
000028e7  initCircBuf             
00002911  writeCircBuf            
00002945  readCircBuf             
00002979  freeCircBuf             
000029a1  Init_ADC                
000029dd  Altitude_Monitor_ISR    
00002a1b  Sys_Tick_ISR            
00002a4d  __aeabi_memcpy          
00002a4d  __aeabi_memcpy4         
00002a4d  __aeabi_memcpy8         
00002a4d  memcpy                  
00002ae9  __aeabi_fdiv            
00002b7d  Init_PWM                
00002bb3  Set_PWM                 
00002c0d  __aeabi_cdcmpeq         
00002c0d  __aeabi_cdcmple         
00002c93  __aeabi_cdrcmple        
00002d19  __aeabi_fmul            
00002d93  __aeabi_memclr          
00002d93  __aeabi_memclr4         
00002d93  __aeabi_memclr8         
00002d95  __aeabi_memset          
00002d95  __aeabi_memset4         
00002d95  __aeabi_memset8         
00002d9b  memset                  
00002e0d  ADCSequenceStepConfigure
00002e79  __TI_auto_init          
00002f51  IntEnable               
00002fb9  _Dunscale               
00003021  sprintf                 
00003081  SysCtlPeripheralEnable  
000030dd  ltoa                    
00003135  atoi                    
00003181  copy_in                 
000031cd  __aeabi_d2iz            
00003215  ldexp                   
0000325d  C$$EXIT                 
00003261  abort                   
00003269  exit                    
000032a1  SSIConfigSetExpClk      
000032e5  signal                  
00003325  GPIOIntTypeSet          
00003365  _c_int00                
000033a1  __aeabi_f2iz            
000033d9  IntRegister             
0000340d  feraiseexcept           
00003441  __aeabi_f2uiz           
00003475  _Feraise                
000034a5  __aeabi_i2d             
000034d3  raise                   
00003501  ADCSequenceConfigure    
0000352b  GPIODirModeSet          
00003555  _Dclass                 
00003581  ADCIntRegister          
000035a5  __aeabi_ui2f            
000035c9  PWMGenConfigure         
000035eb  frexp                   
0000360d  ADCSequenceDataGet      
0000362b  PWMPulseWidthSet        
00003649  SysTickIntRegister      
00003665  ADCProcessorTrigger     
0000367f  memccpy                 
00003699  GPIOPortIntRegister     
000036b1  _args_main              
000036c9  strchr                  
000036e1  SysTickEnable           
000036f5  SysTickIntEnable        
00003709  _register_unlock        
0000370f  _register_lock          
00003717  _nop                    
0000371d  strlen                  
00003731  GPIOPinTypeGPIOInput    
00003743  GPIOPinTypeGPIOOutput   
00003755  GPIOPinTypePWM          
00003767  GPIOPinTypeSSI          
00003779  PWMOutputState          
0000378b  SSIDataGetNonBlocking   
0000379d  ADCIntEnable            
000037ad  PWMGenPeriodSet         
000037bd  SysTickPeriodSet        
000037cd  ADCSequenceEnable       
000037db  __TI_decompress_none    
000037e9  CPUcpsie                
000037f5  GPIOPinIntEnable        
00003801  __TI_zero_init          
0000380d  ResetISR                
00003819  ADCIntClear             
00003823  IntMasterEnable         
0000382d  PWMGenEnable            
00003837  SSIDataPut              
00003841  SSIDisable              
0000384b  SSIEnable               
00003855  SSIBusy                 
0000385d  GPIOPinIntClear         
00003863  GPIOPinRead             
00003869  GPIOPinWrite            
0000386f  SysCtlDelay             
00003875  __TI_decompress_rle24   
0000387b  _system_pre_init        
00003a60  _ctypes_                
00003d44  __TI_Handler_Table_Base 
00003d50  __TI_Handler_Table_Limit
00003d60  __TI_CINIT_Base         
00003d78  __TI_CINIT_Limit        
20000000  g_pfnRAMVectors         
2000026c  __stack                 
2000046c  __STACK_TOP             
20000a6c  __STACK_END             
20000a70  _sys_memory             
20001320  _Denorm                 
20001330  _Eps                    
20001340  _Hugeval                
20001350  _Inf                    
20001360  _Nan                    
20001370  _Snan                   
20001380  _Rteps                  
20001390  _Xbig                   
20001398  _Zero                   
200013ac  yawStr                  
200013b0  altStr                  
200013b4  _lock                   
200013b8  _unlock                 
200013bc  __TI_cleanup_ptr        
200013c0  __TI_dtors_ptr          
200013c4  _Fenv                   
200013c8  _Tls_setup__Fenv        
200013cc  _Errno                  
200013d0  main_func_sp            
200013d8  g_AltitudeBuff          
200013f4  gul_AltitudeSampCnt     
ffffffff  __binit__               
ffffffff  __c_args__              
ffffffff  binit                   
UNDEFED   SHT$$INIT_ARRAY$$Base   
UNDEFED   SHT$$INIT_ARRAY$$Limit  

[172 symbols]
