******************************************************************************
                  TI ARM Linker PC v5.1.6                      
******************************************************************************
>> Linked Fri May 01 10:35:07 2015

OUTPUT FILE NAME:   <Milestone-1.1.out>
ENTRY POINT SYMBOL: "_c_int00"  address: 00002c0d


MEMORY CONFIGURATION

         name            origin    length      used     unused   attr    fill
----------------------  --------  ---------  --------  --------  ----  --------
  FLASH                 00000000   00040000  000032da  0003cd26  R  X
  SRAM                  20000000   00010000  000004b8  0000fb48  RW X


SEGMENT ALLOCATION MAP

run origin  load origin   length   init length attrs members
----------  ----------- ---------- ----------- ----- -------
00000000    00000000    000032e0   000032e0    r-x
  00000000    00000000    000000f0   000000f0    r-- .intvecs
  000000f0    000000f0    00002d3e   00002d3e    r-x .text
  00002e30    00002e30    0000045c   0000045c    r-- .const
  00003290    00003290    00000050   00000050    r-- .cinit
20000000    20000000    000004b8   00000000    rw-
  20000000    20000000    0000026c   00000000    rw- .vtable
  2000026c    2000026c    00000200   00000000    rw- .stack
  2000046c    2000046c    00000024   00000000    rw- .bss
  20000490    20000490    00000020   00000000    rw- .data
  200004b0    200004b0    00000008   00000000    rw- .sysmem


SECTION ALLOCATION MAP

 output                                  attributes/
section   page    origin      length       input sections
--------  ----  ----------  ----------   ----------------
.intvecs   0    00000000    000000f0     
                  00000000    000000f0     startup_ccs.obj (.intvecs)

.init_array 
*          0    00000000    00000000     UNINITIALIZED

.text      0    000000f0    00002d3e     
                  000000f0    00000ebc     rtsv7M3_T_le_eabi.lib : _printfi.obj (.text)
                  00000fac    00000510     rit128x96x4.obj (.text)
                  000014bc    000003cc     rtsv7M3_T_le_eabi.lib : memory.obj (.text)
                  00001888    00000220     pulseInrpt.obj (.text)
                  00001aa8    000001f4     rtsv7M3_T_le_eabi.lib : ull_div_t2.obj (.text)
                  00001c9c    000001d8     driverlib-cm3.lib : sysctl.obj (.text:SysCtlClockGet)
                  00001e74    000001b6     rtsv7M3_T_le_eabi.lib : fd_add_t2.obj (.text)
                  0000202a    00000002     --HOLE-- [fill = 0]
                  0000202c    00000144     driverlib-cm3.lib : sysctl.obj (.text:SysCtlClockSet)
                  00002170    00000136     rtsv7M3_T_le_eabi.lib : fd_div_t2.obj (.text)
                  000022a6    00000002     --HOLE-- [fill = 0]
                  000022a8    000000fc     driverlib-cm3.lib : gpio.obj (.text:GPIOGetIntNumber)
                  000023a4    000000fc     rtsv7M3_T_le_eabi.lib : fd_mul_t2.obj (.text)
                  000024a0    000000c8     driverlib-cm3.lib : gpio.obj (.text:GPIOPadConfigSet)
                  00002568    0000009c     rtsv7M3_T_le_eabi.lib : memcpy_t2.obj (.text)
                  00002604    00000094                           : auto_init.obj (.text)
                  00002698    00000086                           : fd_cmp_t2.obj (.text:__aeabi_cdcmple)
                  0000271e    00000086                           : fd_cmp_t2.obj (.text:__aeabi_cdrcmple)
                  000027a4    00000078                           : memset_t2.obj (.text)
                  0000281c    00000064     driverlib-cm3.lib : interrupt.obj (.text:IntEnable)
                  00002880    00000060     rtsv7M3_T_le_eabi.lib : sprintf.obj (.text)
                  000028e0    0000005e                           : copy_decompress_rle.obj (.text)
                  0000293e    0000005a                           : ltoa.obj (.text)
                  00002998    00000058     driverlib-cm3.lib : sysctl.obj (.text:SysCtlPeripheralEnable)
                  000029f0    0000004c     rtsv7M3_T_le_eabi.lib : atoi.obj (.text)
                  00002a3c    00000048                           : fd_toi_t2.obj (.text)
                  00002a84    00000044     driverlib-cm3.lib : gpio.obj (.text:GPIOIntTypeSet)
                  00002ac8    00000044                       : ssi.obj (.text:SSIConfigSetExpClk)
                  00002b0c    00000044     rtsv7M3_T_le_eabi.lib : cpy_tbl.obj (.text)
                  00002b50    00000044                           : exit.obj (.text)
                  00002b94    00000044                           : xdtest.obj (.text)
                  00002bd8    00000034     driverlib-cm3.lib : interrupt.obj (.text:IntRegister)
                  00002c0c    00000034     rtsv7M3_T_le_eabi.lib : boot.obj (.text)
                  00002c40    0000002e     driverlib-cm3.lib : gpio.obj (.text:GPIODirModeSet)
                  00002c6e    0000002e     rtsv7M3_T_le_eabi.lib : i_tofd_t2.obj (.text)
                  00002c9c    0000001a                           : memccpy.obj (.text)
                  00002cb6    00000018     driverlib-cm3.lib : gpio.obj (.text:GPIOPortIntRegister)
                  00002cce    00000002     --HOLE-- [fill = 0]
                  00002cd0    00000018     rtsv7M3_T_le_eabi.lib : args_main.obj (.text)
                  00002ce8    00000018                           : ll_mul_t2.obj (.text)
                  00002d00    00000014     driverlib-cm3.lib : systick.obj (.text:SysTickEnable)
                  00002d14    00000014     rtsv7M3_T_le_eabi.lib : _lock.obj (.text)
                  00002d28    00000014                           : strlen.obj (.text)
                  00002d3c    00000012     driverlib-cm3.lib : gpio.obj (.text:GPIOPinTypeGPIOOutput)
                  00002d4e    00000012                       : gpio.obj (.text:GPIOPinTypeSSI)
                  00002d60    00000012                       : ssi.obj (.text:SSIDataGetNonBlocking)
                  00002d72    00000012     rtsv7M3_T_le_eabi.lib : copy_zero_init.obj (.text:decompress:ZI)
                  00002d84    00000010     driverlib-cm3.lib : systick.obj (.text:SysTickPeriodSet)
                  00002d94    0000000e     rtsv7M3_T_le_eabi.lib : copy_decompress_none.obj (.text:decompress:none)
                  00002da2    0000000e                           : xdclass.obj (.text)
                  00002db0    0000000c     driverlib-cm3.lib : cpu.obj (.text:CPUcpsie)
                  00002dbc    0000000c                       : gpio.obj (.text:GPIOPinIntEnable)
                  00002dc8    0000000c                       : systick.obj (.text:SysTickValueGet)
                  00002dd4    0000000c     startup_ccs.obj (.text)
                  00002de0    0000000a     driverlib-cm3.lib : interrupt.obj (.text:IntMasterEnable)
                  00002dea    0000000a                       : ssi.obj (.text:SSIDataPut)
                  00002df4    0000000a                       : ssi.obj (.text:SSIDisable)
                  00002dfe    0000000a                       : ssi.obj (.text:SSIEnable)
                  00002e08    00000008                       : ssi.obj (.text:SSIBusy)
                  00002e10    00000006                       : gpio.obj (.text:GPIOPinIntClear)
                  00002e16    00000006                       : gpio.obj (.text:GPIOPinRead)
                  00002e1c    00000006                       : gpio.obj (.text:GPIOPinWrite)
                  00002e22    00000006                       : sysctl.obj (.text:SysCtlDelay)
                  00002e28    00000006     rtsv7M3_T_le_eabi.lib : copy_decompress_rle.obj (.text:decompress:rle24)

.const     0    00002e30    0000045c     
                  00002e30    000001e0     rit128x96x4.obj (.const:g_pucFont)
                  00003010    00000102     rtsv7M3_T_le_eabi.lib : ctype.obj (.const:.string:_ctypes_)
                  00003112    00000002     --HOLE-- [fill = 0]
                  00003114    00000070     driverlib-cm3.lib : interrupt.obj (.const)
                  00003184    0000006c                       : sysctl.obj (.const:g_pulXtals)
                  000031f0    0000004f     rit128x96x4.obj (.const:.string:g_pucRIT128x96x4Init)
                  0000323f    00000001     --HOLE-- [fill = 0]
                  00003240    00000040     driverlib-cm3.lib : sysctl.obj (.const)
                  00003280    0000000c     rit128x96x4.obj (.const:.string)

.cinit     0    00003290    00000050     
                  00003290    0000001b     (.cinit..data.load) [load image, compression = rle]
                  000032ab    00000001     --HOLE-- [fill = 0]
                  000032ac    0000000c     (__TI_handler_table)
                  000032b8    00000008     (.cinit..bss.load) [load image, compression = zero_init]
                  000032c0    00000008     (.cinit..vtable.load) [load image, compression = zero_init]
                  000032c8    00000018     (__TI_cinit_table)

.vtable    0    20000000    0000026c     UNINITIALIZED
                  20000000    0000026c     driverlib-cm3.lib : interrupt.obj (.vtable)

.stack     0    2000026c    00000200     UNINITIALIZED
                  2000026c    00000200     --HOLE--

.bss       0    2000046c    00000024     UNINITIALIZED
                  2000046c    00000010     (.common:g_inBuffer)
                  2000047c    00000008     (.common:g_pucBuffer)
                  20000484    00000004     (.common:g_ulIntCnt)
                  20000488    00000004     (.common:g_ulSSIFlags)
                  2000048c    00000004     (.common:ulLastCnt$1)

.data      0    20000490    00000020     UNINITIALIZED
                  20000490    0000000c     rtsv7M3_T_le_eabi.lib : memory.obj (.data)
                  2000049c    00000008                           : _lock.obj (.data)
                  200004a4    00000008                           : exit.obj (.data)
                  200004ac    00000004                           : stkdepth_vars.obj (.data)

.sysmem    0    200004b0    00000008     UNINITIALIZED
                  200004b0    00000008     rtsv7M3_T_le_eabi.lib : memory.obj (.sysmem)


LINKER GENERATED COPY TABLES

__TI_cinit_table @ 000032c8 records: 3, size/record: 8, table size: 24
	.data: load addr=00003290, load size=0000001b bytes, run addr=20000490, run size=00000020 bytes, compression=rle
	.bss: load addr=000032b8, load size=00000008 bytes, run addr=2000046c, run size=00000024 bytes, compression=zero_init
	.vtable: load addr=000032c0, load size=00000008 bytes, run addr=20000000, run size=0000026c bytes, compression=zero_init


LINKER GENERATED HANDLER TABLE

__TI_handler_table @ 000032ac records: 3, size/record: 4, table size: 12
	index: 0, handler: __TI_zero_init
	index: 1, handler: __TI_decompress_rle24
	index: 2, handler: __TI_decompress_none


GLOBAL SYMBOLS: SORTED ALPHABETICALLY BY Name 

address    name
--------   ----
00002b51   C$$EXIT
00002db1   CPUcpsie
00002c41   GPIODirModeSet
00002a85   GPIOIntTypeSet
000024a1   GPIOPadConfigSet
00002e11   GPIOPinIntClear
00002dbd   GPIOPinIntEnable
00002e17   GPIOPinRead
00002d3d   GPIOPinTypeGPIOOutput
00002d4f   GPIOPinTypeSSI
00002e1d   GPIOPinWrite
00002cb7   GPIOPortIntRegister
0000281d   IntEnable
00002de1   IntMasterEnable
00002bd9   IntRegister
00001889   PinChangeIntHandler
000010b5   RIT128x96x4Clear
00001333   RIT128x96x4Disable
00001485   RIT128x96x4DisplayOff
00001451   RIT128x96x4DisplayOn
000012d9   RIT128x96x4Enable
00001251   RIT128x96x4ImageDraw
000013ad   RIT128x96x4Init
00001111   RIT128x96x4StringDraw
00002dd5   ResetISR
UNDEFED    SHT$$INIT_ARRAY$$Base
UNDEFED    SHT$$INIT_ARRAY$$Limit
00002e09   SSIBusy
00002ac9   SSIConfigSetExpClk
00002d61   SSIDataGetNonBlocking
00002deb   SSIDataPut
00002df5   SSIDisable
00002dff   SSIEnable
00001c9d   SysCtlClockGet
0000202d   SysCtlClockSet
00002e23   SysCtlDelay
00002999   SysCtlPeripheralEnable
00002d01   SysTickEnable
00002d85   SysTickPeriodSet
00002dc9   SysTickValueGet
00002da3   _Dclass
00002b95   _Dtest
2000046c   __STACK_END
00000200   __STACK_SIZE
2000046c   __STACK_TOP
00000008   __SYSMEM_SIZE
000032c8   __TI_CINIT_Base
000032e0   __TI_CINIT_Limit
000032ac   __TI_Handler_Table_Base
000032b8   __TI_Handler_Table_Limit
00000001   __TI_args_main
00002605   __TI_auto_init
200004a4   __TI_cleanup_ptr
00002d95   __TI_decompress_none
00002e29   __TI_decompress_rle24
200004a8   __TI_dtors_ptr
00000ca3   __TI_printfi
00000000   __TI_static_base__
00002d73   __TI_zero_init
00002699   __aeabi_cdcmpeq
00002699   __aeabi_cdcmple
0000271f   __aeabi_cdrcmple
00002a3d   __aeabi_d2iz
00001e7f   __aeabi_dadd
00002171   __aeabi_ddiv
000023a5   __aeabi_dmul
00001e75   __aeabi_dsub
00002c6f   __aeabi_i2d
00002ce9   __aeabi_lmul
000027a5   __aeabi_memclr
000027a5   __aeabi_memclr4
000027a5   __aeabi_memclr8
00002569   __aeabi_memcpy
00002569   __aeabi_memcpy4
00002569   __aeabi_memcpy8
000027a7   __aeabi_memset
000027a7   __aeabi_memset4
000027a7   __aeabi_memset8
00001aa9   __aeabi_uldivmod
ffffffff   __binit__
ffffffff   __c_args__
2000026c   __stack
00002cd1   _args_main
00002c0d   _c_int00
00003010   _ctypes_
2000049c   _lock
00002d23   _nop
00002d1b   _register_lock
00002d15   _register_unlock
200004b0   _sys_memory
200004a0   _unlock
00002b55   abort
000029f1   atoi
ffffffff   binit
00001851   calloc
00002b0d   copy_in
000019c3   displayIntCnt
00001979   displayMeanVal
00002b5d   exit
000015ab   free
20000000   g_pfnRAMVectors
00000000   g_pfnVectors
0000194f   initCircBuf
000018f9   initClock
00001945   initDisplay
0000190f   initPin
0000293f   ltoa
000019e5   main
200004ac   main_func_sp
00001549   malloc
00001771   memalign
00002c9d   memccpy
00002569   memcpy
000027ad   memset
000014bd   minit
0000166b   realloc
00002881   sprintf
00002d29   strlen


GLOBAL SYMBOLS: SORTED BY Symbol Address 

address    name
--------   ----
00000000   __TI_static_base__
00000000   g_pfnVectors
00000001   __TI_args_main
00000008   __SYSMEM_SIZE
00000200   __STACK_SIZE
00000ca3   __TI_printfi
000010b5   RIT128x96x4Clear
00001111   RIT128x96x4StringDraw
00001251   RIT128x96x4ImageDraw
000012d9   RIT128x96x4Enable
00001333   RIT128x96x4Disable
000013ad   RIT128x96x4Init
00001451   RIT128x96x4DisplayOn
00001485   RIT128x96x4DisplayOff
000014bd   minit
00001549   malloc
000015ab   free
0000166b   realloc
00001771   memalign
00001851   calloc
00001889   PinChangeIntHandler
000018f9   initClock
0000190f   initPin
00001945   initDisplay
0000194f   initCircBuf
00001979   displayMeanVal
000019c3   displayIntCnt
000019e5   main
00001aa9   __aeabi_uldivmod
00001c9d   SysCtlClockGet
00001e75   __aeabi_dsub
00001e7f   __aeabi_dadd
0000202d   SysCtlClockSet
00002171   __aeabi_ddiv
000023a5   __aeabi_dmul
000024a1   GPIOPadConfigSet
00002569   __aeabi_memcpy
00002569   __aeabi_memcpy4
00002569   __aeabi_memcpy8
00002569   memcpy
00002605   __TI_auto_init
00002699   __aeabi_cdcmpeq
00002699   __aeabi_cdcmple
0000271f   __aeabi_cdrcmple
000027a5   __aeabi_memclr
000027a5   __aeabi_memclr4
000027a5   __aeabi_memclr8
000027a7   __aeabi_memset
000027a7   __aeabi_memset4
000027a7   __aeabi_memset8
000027ad   memset
0000281d   IntEnable
00002881   sprintf
0000293f   ltoa
00002999   SysCtlPeripheralEnable
000029f1   atoi
00002a3d   __aeabi_d2iz
00002a85   GPIOIntTypeSet
00002ac9   SSIConfigSetExpClk
00002b0d   copy_in
00002b51   C$$EXIT
00002b55   abort
00002b5d   exit
00002b95   _Dtest
00002bd9   IntRegister
00002c0d   _c_int00
00002c41   GPIODirModeSet
00002c6f   __aeabi_i2d
00002c9d   memccpy
00002cb7   GPIOPortIntRegister
00002cd1   _args_main
00002ce9   __aeabi_lmul
00002d01   SysTickEnable
00002d15   _register_unlock
00002d1b   _register_lock
00002d23   _nop
00002d29   strlen
00002d3d   GPIOPinTypeGPIOOutput
00002d4f   GPIOPinTypeSSI
00002d61   SSIDataGetNonBlocking
00002d73   __TI_zero_init
00002d85   SysTickPeriodSet
00002d95   __TI_decompress_none
00002da3   _Dclass
00002db1   CPUcpsie
00002dbd   GPIOPinIntEnable
00002dc9   SysTickValueGet
00002dd5   ResetISR
00002de1   IntMasterEnable
00002deb   SSIDataPut
00002df5   SSIDisable
00002dff   SSIEnable
00002e09   SSIBusy
00002e11   GPIOPinIntClear
00002e17   GPIOPinRead
00002e1d   GPIOPinWrite
00002e23   SysCtlDelay
00002e29   __TI_decompress_rle24
00003010   _ctypes_
000032ac   __TI_Handler_Table_Base
000032b8   __TI_Handler_Table_Limit
000032c8   __TI_CINIT_Base
000032e0   __TI_CINIT_Limit
20000000   g_pfnRAMVectors
2000026c   __stack
2000046c   __STACK_END
2000046c   __STACK_TOP
2000049c   _lock
200004a0   _unlock
200004a4   __TI_cleanup_ptr
200004a8   __TI_dtors_ptr
200004ac   main_func_sp
200004b0   _sys_memory
ffffffff   __binit__
ffffffff   __c_args__
ffffffff   binit
UNDEFED    SHT$$INIT_ARRAY$$Base
UNDEFED    SHT$$INIT_ARRAY$$Limit

[118 symbols]
