<?xml version="1.0"?>
<link_info>
   <banner>TI ARM Linker PC v5.2.4</banner>
   <copyright>Copyright (c) 1996-2015 Texas Instruments Incorporated</copyright>
   <link_time>0x554e026b</link_time>
   <link_errors>0x0</link_errors>
   <output_file>Milestone2.out</output_file>
   <entry_point>
      <name>_c_int00</name>
      <address>0x367d</address>
   </entry_point>
   <input_file_list>
      <input_file id="fl-2">
         <path>.\</path>
         <kind>object</kind>
         <file>altitudeMonitor.obj</file>
         <name>altitudeMonitor.obj</name>
      </input_file>
      <input_file id="fl-3">
         <path>.\</path>
         <kind>object</kind>
         <file>circBuf.obj</file>
         <name>circBuf.obj</name>
      </input_file>
      <input_file id="fl-4">
         <path>.\</path>
         <kind>object</kind>
         <file>display.obj</file>
         <name>display.obj</name>
      </input_file>
      <input_file id="fl-5">
         <path>.\</path>
         <kind>object</kind>
         <file>main.obj</file>
         <name>main.obj</name>
      </input_file>
      <input_file id="fl-6">
         <path>.\</path>
         <kind>object</kind>
         <file>pwmOutput.obj</file>
         <name>pwmOutput.obj</name>
      </input_file>
      <input_file id="fl-7">
         <path>.\</path>
         <kind>object</kind>
         <file>quadDecoder.obj</file>
         <name>quadDecoder.obj</name>
      </input_file>
      <input_file id="fl-8">
         <path>.\</path>
         <kind>object</kind>
         <file>rit128x96x4.obj</file>
         <name>rit128x96x4.obj</name>
      </input_file>
      <input_file id="fl-9">
         <path>.\</path>
         <kind>object</kind>
         <file>startup_ccs.obj</file>
         <name>startup_ccs.obj</name>
      </input_file>
      <input_file id="fl-a">
         <path>.\</path>
         <kind>object</kind>
         <file>ustdlib.obj</file>
         <name>ustdlib.obj</name>
      </input_file>
      <input_file id="fl-131">
         <path>D:\Programs\ccsv6\tools\compiler\ti-cgt-arm_5.2.4\lib\</path>
         <kind>archive</kind>
         <file>rtsv7M3_T_le_eabi.lib</file>
         <name>boot.obj</name>
      </input_file>
      <input_file id="fl-132">
         <path>D:\Programs\ccsv6\tools\compiler\ti-cgt-arm_5.2.4\lib\</path>
         <kind>archive</kind>
         <file>rtsv7M3_T_le_eabi.lib</file>
         <name>copy_decompress_none.obj</name>
      </input_file>
      <input_file id="fl-133">
         <path>D:\Programs\ccsv6\tools\compiler\ti-cgt-arm_5.2.4\lib\</path>
         <kind>archive</kind>
         <file>rtsv7M3_T_le_eabi.lib</file>
         <name>copy_decompress_rle.obj</name>
      </input_file>
      <input_file id="fl-134">
         <path>D:\Programs\ccsv6\tools\compiler\ti-cgt-arm_5.2.4\lib\</path>
         <kind>archive</kind>
         <file>rtsv7M3_T_le_eabi.lib</file>
         <name>copy_zero_init.obj</name>
      </input_file>
      <input_file id="fl-135">
         <path>D:\Programs\ccsv6\tools\compiler\ti-cgt-arm_5.2.4\lib\</path>
         <kind>archive</kind>
         <file>rtsv7M3_T_le_eabi.lib</file>
         <name>exit.obj</name>
      </input_file>
      <input_file id="fl-136">
         <path>D:\Programs\ccsv6\tools\compiler\ti-cgt-arm_5.2.4\lib\</path>
         <kind>archive</kind>
         <file>rtsv7M3_T_le_eabi.lib</file>
         <name>fs_add_t2.obj</name>
      </input_file>
      <input_file id="fl-137">
         <path>D:\Programs\ccsv6\tools\compiler\ti-cgt-arm_5.2.4\lib\</path>
         <kind>archive</kind>
         <file>rtsv7M3_T_le_eabi.lib</file>
         <name>fs_cmp_t2.obj</name>
      </input_file>
      <input_file id="fl-138">
         <path>D:\Programs\ccsv6\tools\compiler\ti-cgt-arm_5.2.4\lib\</path>
         <kind>archive</kind>
         <file>rtsv7M3_T_le_eabi.lib</file>
         <name>fs_div_t2.obj</name>
      </input_file>
      <input_file id="fl-139">
         <path>D:\Programs\ccsv6\tools\compiler\ti-cgt-arm_5.2.4\lib\</path>
         <kind>archive</kind>
         <file>rtsv7M3_T_le_eabi.lib</file>
         <name>fs_mul_t2.obj</name>
      </input_file>
      <input_file id="fl-13a">
         <path>D:\Programs\ccsv6\tools\compiler\ti-cgt-arm_5.2.4\lib\</path>
         <kind>archive</kind>
         <file>rtsv7M3_T_le_eabi.lib</file>
         <name>fs_toi_t2.obj</name>
      </input_file>
      <input_file id="fl-13b">
         <path>D:\Programs\ccsv6\tools\compiler\ti-cgt-arm_5.2.4\lib\</path>
         <kind>archive</kind>
         <file>rtsv7M3_T_le_eabi.lib</file>
         <name>fs_tou_t2.obj</name>
      </input_file>
      <input_file id="fl-13c">
         <path>D:\Programs\ccsv6\tools\compiler\ti-cgt-arm_5.2.4\lib\</path>
         <kind>archive</kind>
         <file>rtsv7M3_T_le_eabi.lib</file>
         <name>i_tofs_t2.obj</name>
      </input_file>
      <input_file id="fl-13d">
         <path>D:\Programs\ccsv6\tools\compiler\ti-cgt-arm_5.2.4\lib\</path>
         <kind>archive</kind>
         <file>rtsv7M3_T_le_eabi.lib</file>
         <name>memcpy_t2.obj</name>
      </input_file>
      <input_file id="fl-13e">
         <path>D:\Programs\ccsv6\tools\compiler\ti-cgt-arm_5.2.4\lib\</path>
         <kind>archive</kind>
         <file>rtsv7M3_T_le_eabi.lib</file>
         <name>memory.obj</name>
      </input_file>
      <input_file id="fl-13f">
         <path>D:\Programs\ccsv6\tools\compiler\ti-cgt-arm_5.2.4\lib\</path>
         <kind>archive</kind>
         <file>rtsv7M3_T_le_eabi.lib</file>
         <name>memset_t2.obj</name>
      </input_file>
      <input_file id="fl-140">
         <path>D:\Programs\ccsv6\tools\compiler\ti-cgt-arm_5.2.4\lib\</path>
         <kind>archive</kind>
         <file>rtsv7M3_T_le_eabi.lib</file>
         <name>pre_init.obj</name>
      </input_file>
      <input_file id="fl-141">
         <path>D:\Programs\ccsv6\tools\compiler\ti-cgt-arm_5.2.4\lib\</path>
         <kind>archive</kind>
         <file>rtsv7M3_T_le_eabi.lib</file>
         <name>sprintf.obj</name>
      </input_file>
      <input_file id="fl-142">
         <path>D:\Programs\ccsv6\tools\compiler\ti-cgt-arm_5.2.4\lib\</path>
         <kind>archive</kind>
         <file>rtsv7M3_T_le_eabi.lib</file>
         <name>stkdepth_vars.obj</name>
      </input_file>
      <input_file id="fl-143">
         <path>D:\Programs\ccsv6\tools\compiler\ti-cgt-arm_5.2.4\lib\</path>
         <kind>archive</kind>
         <file>rtsv7M3_T_le_eabi.lib</file>
         <name>u_divt2.obj</name>
      </input_file>
      <input_file id="fl-144">
         <path>D:\Programs\ccsv6\tools\compiler\ti-cgt-arm_5.2.4\lib\</path>
         <kind>archive</kind>
         <file>rtsv7M3_T_le_eabi.lib</file>
         <name>u_tofs_t2.obj</name>
      </input_file>
      <input_file id="fl-145">
         <path>D:\Programs\ccsv6\tools\compiler\ti-cgt-arm_5.2.4\lib\</path>
         <kind>archive</kind>
         <file>rtsv7M3_T_le_eabi.lib</file>
         <name>_lock.obj</name>
      </input_file>
      <input_file id="fl-146">
         <path>D:\Programs\ccsv6\tools\compiler\ti-cgt-arm_5.2.4\lib\</path>
         <kind>archive</kind>
         <file>rtsv7M3_T_le_eabi.lib</file>
         <name>_printfi.obj</name>
      </input_file>
      <input_file id="fl-147">
         <path>D:\Programs\ccsv6\tools\compiler\ti-cgt-arm_5.2.4\lib\</path>
         <kind>archive</kind>
         <file>rtsv7M3_T_le_eabi.lib</file>
         <name>args_main.obj</name>
      </input_file>
      <input_file id="fl-148">
         <path>D:\Programs\ccsv6\tools\compiler\ti-cgt-arm_5.2.4\lib\</path>
         <kind>archive</kind>
         <file>rtsv7M3_T_le_eabi.lib</file>
         <name>atoi.obj</name>
      </input_file>
      <input_file id="fl-149">
         <path>D:\Programs\ccsv6\tools\compiler\ti-cgt-arm_5.2.4\lib\</path>
         <kind>archive</kind>
         <file>rtsv7M3_T_le_eabi.lib</file>
         <name>autoinit.obj</name>
      </input_file>
      <input_file id="fl-14a">
         <path>D:\Programs\ccsv6\tools\compiler\ti-cgt-arm_5.2.4\lib\</path>
         <kind>archive</kind>
         <file>rtsv7M3_T_le_eabi.lib</file>
         <name>cpy_tbl.obj</name>
      </input_file>
      <input_file id="fl-14b">
         <path>D:\Programs\ccsv6\tools\compiler\ti-cgt-arm_5.2.4\lib\</path>
         <kind>archive</kind>
         <file>rtsv7M3_T_le_eabi.lib</file>
         <name>ctype.obj</name>
      </input_file>
      <input_file id="fl-14c">
         <path>D:\Programs\ccsv6\tools\compiler\ti-cgt-arm_5.2.4\lib\</path>
         <kind>archive</kind>
         <file>rtsv7M3_T_le_eabi.lib</file>
         <name>fd_add_t2.obj</name>
      </input_file>
      <input_file id="fl-14d">
         <path>D:\Programs\ccsv6\tools\compiler\ti-cgt-arm_5.2.4\lib\</path>
         <kind>archive</kind>
         <file>rtsv7M3_T_le_eabi.lib</file>
         <name>fd_cmp_t2.obj</name>
      </input_file>
      <input_file id="fl-14e">
         <path>D:\Programs\ccsv6\tools\compiler\ti-cgt-arm_5.2.4\lib\</path>
         <kind>archive</kind>
         <file>rtsv7M3_T_le_eabi.lib</file>
         <name>fd_div_t2.obj</name>
      </input_file>
      <input_file id="fl-14f">
         <path>D:\Programs\ccsv6\tools\compiler\ti-cgt-arm_5.2.4\lib\</path>
         <kind>archive</kind>
         <file>rtsv7M3_T_le_eabi.lib</file>
         <name>fd_mul_t2.obj</name>
      </input_file>
      <input_file id="fl-150">
         <path>D:\Programs\ccsv6\tools\compiler\ti-cgt-arm_5.2.4\lib\</path>
         <kind>archive</kind>
         <file>rtsv7M3_T_le_eabi.lib</file>
         <name>fd_toi_t2.obj</name>
      </input_file>
      <input_file id="fl-151">
         <path>D:\Programs\ccsv6\tools\compiler\ti-cgt-arm_5.2.4\lib\</path>
         <kind>archive</kind>
         <file>rtsv7M3_T_le_eabi.lib</file>
         <name>frexp.obj</name>
      </input_file>
      <input_file id="fl-152">
         <path>D:\Programs\ccsv6\tools\compiler\ti-cgt-arm_5.2.4\lib\</path>
         <kind>archive</kind>
         <file>rtsv7M3_T_le_eabi.lib</file>
         <name>i_div0.obj</name>
      </input_file>
      <input_file id="fl-153">
         <path>D:\Programs\ccsv6\tools\compiler\ti-cgt-arm_5.2.4\lib\</path>
         <kind>archive</kind>
         <file>rtsv7M3_T_le_eabi.lib</file>
         <name>i_tofd_t2.obj</name>
      </input_file>
      <input_file id="fl-154">
         <path>D:\Programs\ccsv6\tools\compiler\ti-cgt-arm_5.2.4\lib\</path>
         <kind>archive</kind>
         <file>rtsv7M3_T_le_eabi.lib</file>
         <name>ldexp.obj</name>
      </input_file>
      <input_file id="fl-155">
         <path>D:\Programs\ccsv6\tools\compiler\ti-cgt-arm_5.2.4\lib\</path>
         <kind>archive</kind>
         <file>rtsv7M3_T_le_eabi.lib</file>
         <name>ltoa.obj</name>
      </input_file>
      <input_file id="fl-156">
         <path>D:\Programs\ccsv6\tools\compiler\ti-cgt-arm_5.2.4\lib\</path>
         <kind>archive</kind>
         <file>rtsv7M3_T_le_eabi.lib</file>
         <name>memccpy.obj</name>
      </input_file>
      <input_file id="fl-157">
         <path>D:\Programs\ccsv6\tools\compiler\ti-cgt-arm_5.2.4\lib\</path>
         <kind>archive</kind>
         <file>rtsv7M3_T_le_eabi.lib</file>
         <name>strchr.obj</name>
      </input_file>
      <input_file id="fl-158">
         <path>D:\Programs\ccsv6\tools\compiler\ti-cgt-arm_5.2.4\lib\</path>
         <kind>archive</kind>
         <file>rtsv7M3_T_le_eabi.lib</file>
         <name>strlen.obj</name>
      </input_file>
      <input_file id="fl-159">
         <path>D:\Programs\ccsv6\tools\compiler\ti-cgt-arm_5.2.4\lib\</path>
         <kind>archive</kind>
         <file>rtsv7M3_T_le_eabi.lib</file>
         <name>ull_div_t2.obj</name>
      </input_file>
      <input_file id="fl-15a">
         <path>D:\Programs\ccsv6\tools\compiler\ti-cgt-arm_5.2.4\lib\</path>
         <kind>archive</kind>
         <file>rtsv7M3_T_le_eabi.lib</file>
         <name>xdclass.obj</name>
      </input_file>
      <input_file id="fl-15b">
         <path>D:\Programs\ccsv6\tools\compiler\ti-cgt-arm_5.2.4\lib\</path>
         <kind>archive</kind>
         <file>rtsv7M3_T_le_eabi.lib</file>
         <name>xdscale.obj</name>
      </input_file>
      <input_file id="fl-15c">
         <path>D:\Programs\ccsv6\tools\compiler\ti-cgt-arm_5.2.4\lib\</path>
         <kind>archive</kind>
         <file>rtsv7M3_T_le_eabi.lib</file>
         <name>xdunscal.obj</name>
      </input_file>
      <input_file id="fl-15d">
         <path>D:\Programs\ccsv6\tools\compiler\ti-cgt-arm_5.2.4\lib\</path>
         <kind>archive</kind>
         <file>rtsv7M3_T_le_eabi.lib</file>
         <name>xferaise.obj</name>
      </input_file>
      <input_file id="fl-15e">
         <path>D:\Programs\ccsv6\tools\compiler\ti-cgt-arm_5.2.4\lib\</path>
         <kind>archive</kind>
         <file>rtsv7M3_T_le_eabi.lib</file>
         <name>xvalues.obj</name>
      </input_file>
      <input_file id="fl-15f">
         <path>D:\Programs\ccsv6\tools\compiler\ti-cgt-arm_5.2.4\lib\</path>
         <kind>archive</kind>
         <file>rtsv7M3_T_le_eabi.lib</file>
         <name>errno.obj</name>
      </input_file>
      <input_file id="fl-160">
         <path>D:\Programs\ccsv6\tools\compiler\ti-cgt-arm_5.2.4\lib\</path>
         <kind>archive</kind>
         <file>rtsv7M3_T_le_eabi.lib</file>
         <name>feraiseexcept.obj</name>
      </input_file>
      <input_file id="fl-161">
         <path>D:\Programs\ccsv6\tools\compiler\ti-cgt-arm_5.2.4\lib\</path>
         <kind>archive</kind>
         <file>rtsv7M3_T_le_eabi.lib</file>
         <name>raise.obj</name>
      </input_file>
      <input_file id="fl-162">
         <path>D:\Programs\ccsv6\tools\compiler\ti-cgt-arm_5.2.4\lib\</path>
         <kind>archive</kind>
         <file>rtsv7M3_T_le_eabi.lib</file>
         <name>signal.obj</name>
      </input_file>
      <input_file id="fl-163">
         <path>D:\Programs\ccsv6\tools\compiler\ti-cgt-arm_5.2.4\lib\</path>
         <kind>archive</kind>
         <file>rtsv7M3_T_le_eabi.lib</file>
         <name>xdnorm.obj</name>
      </input_file>
      <input_file id="fl-164">
         <path>P:\Courses\ENCE361\StellarisWare\driverlib\ccs-cm3\Debug\</path>
         <kind>archive</kind>
         <file>driverlib-cm3.lib</file>
         <name>adc.obj</name>
      </input_file>
      <input_file id="fl-165">
         <path>P:\Courses\ENCE361\StellarisWare\driverlib\ccs-cm3\Debug\</path>
         <kind>archive</kind>
         <file>driverlib-cm3.lib</file>
         <name>gpio.obj</name>
      </input_file>
      <input_file id="fl-166">
         <path>P:\Courses\ENCE361\StellarisWare\driverlib\ccs-cm3\Debug\</path>
         <kind>archive</kind>
         <file>driverlib-cm3.lib</file>
         <name>interrupt.obj</name>
      </input_file>
      <input_file id="fl-167">
         <path>P:\Courses\ENCE361\StellarisWare\driverlib\ccs-cm3\Debug\</path>
         <kind>archive</kind>
         <file>driverlib-cm3.lib</file>
         <name>pwm.obj</name>
      </input_file>
      <input_file id="fl-168">
         <path>P:\Courses\ENCE361\StellarisWare\driverlib\ccs-cm3\Debug\</path>
         <kind>archive</kind>
         <file>driverlib-cm3.lib</file>
         <name>ssi.obj</name>
      </input_file>
      <input_file id="fl-169">
         <path>P:\Courses\ENCE361\StellarisWare\driverlib\ccs-cm3\Debug\</path>
         <kind>archive</kind>
         <file>driverlib-cm3.lib</file>
         <name>sysctl.obj</name>
      </input_file>
      <input_file id="fl-16a">
         <path>P:\Courses\ENCE361\StellarisWare\driverlib\ccs-cm3\Debug\</path>
         <kind>archive</kind>
         <file>driverlib-cm3.lib</file>
         <name>systick.obj</name>
      </input_file>
      <input_file id="fl-16b">
         <path>P:\Courses\ENCE361\StellarisWare\driverlib\ccs-cm3\Debug\</path>
         <kind>archive</kind>
         <file>driverlib-cm3.lib</file>
         <name>cpu.obj</name>
      </input_file>
   </input_file_list>
   <object_component_list>
      <object_component id="oc-f">
         <name>.intvecs</name>
         <load_address>0x0</load_address>
         <run_address>0x0</run_address>
         <size>0xf0</size>
         <input_file_ref idref="fl-9"/>
      </object_component>
      <object_component id="oc-2b5">
         <name>.text</name>
         <load_address>0xf0</load_address>
         <run_address>0xf0</run_address>
         <size>0x109a</size>
         <input_file_ref idref="fl-146"/>
      </object_component>
      <object_component id="oc-1aa">
         <name>.text</name>
         <load_address>0x118c</load_address>
         <run_address>0x118c</run_address>
         <size>0x510</size>
         <input_file_ref idref="fl-8"/>
      </object_component>
      <object_component id="oc-238">
         <name>.text</name>
         <load_address>0x169c</load_address>
         <run_address>0x169c</run_address>
         <size>0x3dc</size>
         <input_file_ref idref="fl-13e"/>
      </object_component>
      <object_component id="oc-302">
         <name>.text</name>
         <load_address>0x1a78</load_address>
         <run_address>0x1a78</run_address>
         <size>0x1f4</size>
         <input_file_ref idref="fl-159"/>
      </object_component>
      <object_component id="oc-9f">
         <name>.text</name>
         <load_address>0x1c6c</load_address>
         <run_address>0x1c6c</run_address>
         <size>0x1ec</size>
         <input_file_ref idref="fl-5"/>
      </object_component>
      <object_component id="oc-d2">
         <name>.text:SysCtlClockGet</name>
         <load_address>0x1e58</load_address>
         <run_address>0x1e58</run_address>
         <size>0x1c8</size>
         <input_file_ref idref="fl-169"/>
      </object_component>
      <object_component id="oc-331">
         <name>.text</name>
         <load_address>0x2020</load_address>
         <run_address>0x2020</run_address>
         <size>0x1b6</size>
         <input_file_ref idref="fl-14c"/>
      </object_component>
      <object_component id="oc-cc">
         <name>.text:SysCtlClockSet</name>
         <load_address>0x21d8</load_address>
         <run_address>0x21d8</run_address>
         <size>0x148</size>
         <input_file_ref idref="fl-169"/>
      </object_component>
      <object_component id="oc-317">
         <name>.text</name>
         <load_address>0x2320</load_address>
         <run_address>0x2320</run_address>
         <size>0x136</size>
         <input_file_ref idref="fl-14e"/>
      </object_component>
      <object_component id="oc-389">
         <name>.text</name>
         <load_address>0x2458</load_address>
         <run_address>0x2458</run_address>
         <size>0x110</size>
         <input_file_ref idref="fl-15b"/>
      </object_component>
      <object_component id="oc-26b">
         <name>.text:GPIOGetIntNumber</name>
         <load_address>0x2568</load_address>
         <run_address>0x2568</run_address>
         <size>0xfc</size>
         <input_file_ref idref="fl-165"/>
      </object_component>
      <object_component id="oc-312">
         <name>.text</name>
         <load_address>0x2664</load_address>
         <run_address>0x2664</run_address>
         <size>0xfc</size>
         <input_file_ref idref="fl-14f"/>
      </object_component>
      <object_component id="oc-1f0">
         <name>.text</name>
         <load_address>0x2760</load_address>
         <run_address>0x2760</run_address>
         <size>0xfa</size>
         <input_file_ref idref="fl-136"/>
      </object_component>
      <object_component id="oc-114">
         <name>.text</name>
         <load_address>0x285c</load_address>
         <run_address>0x285c</run_address>
         <size>0xe8</size>
         <input_file_ref idref="fl-6"/>
      </object_component>
      <object_component id="oc-108">
         <name>.text</name>
         <load_address>0x2944</load_address>
         <run_address>0x2944</run_address>
         <size>0xc4</size>
         <input_file_ref idref="fl-7"/>
      </object_component>
      <object_component id="oc-3ad">
         <name>.text</name>
         <load_address>0x2a08</load_address>
         <run_address>0x2a08</run_address>
         <size>0xbe</size>
         <input_file_ref idref="fl-163"/>
      </object_component>
      <object_component id="oc-fc">
         <name>.text:GPIOPadConfigSet</name>
         <load_address>0x2ac6</load_address>
         <run_address>0x2ac6</run_address>
         <size>0xb8</size>
         <input_file_ref idref="fl-165"/>
      </object_component>
      <object_component id="oc-11a">
         <name>.text</name>
         <load_address>0x2b80</load_address>
         <run_address>0x2b80</run_address>
         <size>0xb8</size>
         <input_file_ref idref="fl-2"/>
      </object_component>
      <object_component id="oc-120">
         <name>.text</name>
         <load_address>0x2c38</load_address>
         <run_address>0x2c38</run_address>
         <size>0xb8</size>
         <input_file_ref idref="fl-3"/>
      </object_component>
      <object_component id="oc-36">
         <name>.text</name>
         <load_address>0x2cf0</load_address>
         <run_address>0x2cf0</run_address>
         <size>0x9c</size>
         <input_file_ref idref="fl-13d"/>
      </object_component>
      <object_component id="oc-1d5">
         <name>.text</name>
         <load_address>0x2d8c</load_address>
         <run_address>0x2d8c</run_address>
         <size>0x92</size>
         <input_file_ref idref="fl-138"/>
      </object_component>
      <object_component id="oc-30d">
         <name>.text:__aeabi_cdcmple</name>
         <load_address>0x2e1e</load_address>
         <run_address>0x2e1e</run_address>
         <size>0x86</size>
         <input_file_ref idref="fl-14d"/>
      </object_component>
      <object_component id="oc-31c">
         <name>.text:__aeabi_cdrcmple</name>
         <load_address>0x2ea4</load_address>
         <run_address>0x2ea4</run_address>
         <size>0x86</size>
         <input_file_ref idref="fl-14d"/>
      </object_component>
      <object_component id="oc-1da">
         <name>.text</name>
         <load_address>0x2f2a</load_address>
         <run_address>0x2f2a</run_address>
         <size>0x7a</size>
         <input_file_ref idref="fl-139"/>
      </object_component>
      <object_component id="oc-4f">
         <name>.text</name>
         <load_address>0x2fa4</load_address>
         <run_address>0x2fa4</run_address>
         <size>0x7a</size>
         <input_file_ref idref="fl-13f"/>
      </object_component>
      <object_component id="oc-20c">
         <name>.text:ADCSequenceStepConfigure</name>
         <load_address>0x301e</load_address>
         <run_address>0x301e</run_address>
         <size>0x6c</size>
         <input_file_ref idref="fl-164"/>
      </object_component>
      <object_component id="oc-61">
         <name>.text</name>
         <load_address>0x308c</load_address>
         <run_address>0x308c</run_address>
         <size>0x6c</size>
         <input_file_ref idref="fl-149"/>
      </object_component>
      <object_component id="oc-42">
         <name>.text</name>
         <load_address>0x30f8</load_address>
         <run_address>0x30f8</run_address>
         <size>0x6a</size>
         <input_file_ref idref="fl-133"/>
      </object_component>
      <object_component id="oc-192">
         <name>.text:IntEnable</name>
         <load_address>0x3164</load_address>
         <run_address>0x3164</run_address>
         <size>0x68</size>
         <input_file_ref idref="fl-166"/>
      </object_component>
      <object_component id="oc-381">
         <name>.text</name>
         <load_address>0x31cc</load_address>
         <run_address>0x31cc</run_address>
         <size>0x66</size>
         <input_file_ref idref="fl-15c"/>
      </object_component>
      <object_component id="oc-1ff">
         <name>.text:__aeabi_cfcmple</name>
         <load_address>0x3232</load_address>
         <run_address>0x3232</run_address>
         <size>0x60</size>
         <input_file_ref idref="fl-137"/>
      </object_component>
      <object_component id="oc-1fa">
         <name>.text:__aeabi_cfrcmple</name>
         <load_address>0x3292</load_address>
         <run_address>0x3292</run_address>
         <size>0x60</size>
         <input_file_ref idref="fl-137"/>
      </object_component>
      <object_component id="oc-1b0">
         <name>.text</name>
         <load_address>0x32f4</load_address>
         <run_address>0x32f4</run_address>
         <size>0x60</size>
         <input_file_ref idref="fl-141"/>
      </object_component>
      <object_component id="oc-f0">
         <name>.text:SysCtlPeripheralEnable</name>
         <load_address>0x3354</load_address>
         <run_address>0x3354</run_address>
         <size>0x5c</size>
         <input_file_ref idref="fl-169"/>
      </object_component>
      <object_component id="oc-326">
         <name>.text</name>
         <load_address>0x33b0</load_address>
         <run_address>0x33b0</run_address>
         <size>0x56</size>
         <input_file_ref idref="fl-155"/>
      </object_component>
      <object_component id="oc-354">
         <name>.text</name>
         <load_address>0x3408</load_address>
         <run_address>0x3408</run_address>
         <size>0x4c</size>
         <input_file_ref idref="fl-148"/>
      </object_component>
      <object_component id="oc-97">
         <name>.text</name>
         <load_address>0x3454</load_address>
         <run_address>0x3454</run_address>
         <size>0x4c</size>
         <input_file_ref idref="fl-14a"/>
      </object_component>
      <object_component id="oc-321">
         <name>.text</name>
         <load_address>0x34a0</load_address>
         <run_address>0x34a0</run_address>
         <size>0x48</size>
         <input_file_ref idref="fl-150"/>
      </object_component>
      <object_component id="oc-33c">
         <name>.text</name>
         <load_address>0x34e8</load_address>
         <run_address>0x34e8</run_address>
         <size>0x46</size>
         <input_file_ref idref="fl-154"/>
      </object_component>
      <object_component id="oc-10e">
         <name>.text</name>
         <load_address>0x3530</load_address>
         <run_address>0x3530</run_address>
         <size>0x44</size>
         <input_file_ref idref="fl-4"/>
      </object_component>
      <object_component id="oc-6d">
         <name>.text</name>
         <load_address>0x3574</load_address>
         <run_address>0x3574</run_address>
         <size>0x44</size>
         <input_file_ref idref="fl-135"/>
      </object_component>
      <object_component id="oc-292">
         <name>.text:SSIConfigSetExpClk</name>
         <load_address>0x35b8</load_address>
         <run_address>0x35b8</run_address>
         <size>0x42</size>
         <input_file_ref idref="fl-168"/>
      </object_component>
      <object_component id="oc-3f0">
         <name>.text</name>
         <load_address>0x35fc</load_address>
         <run_address>0x35fc</run_address>
         <size>0x40</size>
         <input_file_ref idref="fl-162"/>
      </object_component>
      <object_component id="oc-18c">
         <name>.text:GPIOIntTypeSet</name>
         <load_address>0x363c</load_address>
         <run_address>0x363c</run_address>
         <size>0x3e</size>
         <input_file_ref idref="fl-165"/>
      </object_component>
      <object_component id="oc-24">
         <name>.text</name>
         <load_address>0x367c</load_address>
         <run_address>0x367c</run_address>
         <size>0x3c</size>
         <input_file_ref idref="fl-131"/>
      </object_component>
      <object_component id="oc-1f5">
         <name>.text</name>
         <load_address>0x36b8</load_address>
         <run_address>0x36b8</run_address>
         <size>0x38</size>
         <input_file_ref idref="fl-13a"/>
      </object_component>
      <object_component id="oc-12c">
         <name>.text</name>
         <load_address>0x36f0</load_address>
         <run_address>0x36f0</run_address>
         <size>0x38</size>
         <input_file_ref idref="fl-13c"/>
      </object_component>
      <object_component id="oc-163">
         <name>.text:IntRegister</name>
         <load_address>0x3728</load_address>
         <run_address>0x3728</run_address>
         <size>0x34</size>
         <input_file_ref idref="fl-166"/>
      </object_component>
      <object_component id="oc-3bc">
         <name>.text</name>
         <load_address>0x375c</load_address>
         <run_address>0x375c</run_address>
         <size>0x34</size>
         <input_file_ref idref="fl-160"/>
      </object_component>
      <object_component id="oc-1df">
         <name>.text</name>
         <load_address>0x3790</load_address>
         <run_address>0x3790</run_address>
         <size>0x34</size>
         <input_file_ref idref="fl-13b"/>
      </object_component>
      <object_component id="oc-38f">
         <name>.text</name>
         <load_address>0x37c4</load_address>
         <run_address>0x37c4</run_address>
         <size>0x30</size>
         <input_file_ref idref="fl-15d"/>
      </object_component>
      <object_component id="oc-32c">
         <name>.text</name>
         <load_address>0x37f4</load_address>
         <run_address>0x37f4</run_address>
         <size>0x2e</size>
         <input_file_ref idref="fl-153"/>
      </object_component>
      <object_component id="oc-3e0">
         <name>.text</name>
         <load_address>0x3822</load_address>
         <run_address>0x3822</run_address>
         <size>0x2e</size>
         <input_file_ref idref="fl-161"/>
      </object_component>
      <object_component id="oc-206">
         <name>.text:ADCSequenceConfigure</name>
         <load_address>0x3850</load_address>
         <run_address>0x3850</run_address>
         <size>0x2a</size>
         <input_file_ref idref="fl-164"/>
      </object_component>
      <object_component id="oc-170">
         <name>.text:GPIODirModeSet</name>
         <load_address>0x387a</load_address>
         <run_address>0x387a</run_address>
         <size>0x2a</size>
         <input_file_ref idref="fl-165"/>
      </object_component>
      <object_component id="oc-348">
         <name>.text</name>
         <load_address>0x38a4</load_address>
         <run_address>0x38a4</run_address>
         <size>0x2a</size>
         <input_file_ref idref="fl-15a"/>
      </object_component>
      <object_component id="oc-218">
         <name>.text:ADCIntRegister</name>
         <load_address>0x38d0</load_address>
         <run_address>0x38d0</run_address>
         <size>0x24</size>
         <input_file_ref idref="fl-164"/>
      </object_component>
      <object_component id="oc-1d0">
         <name>.text</name>
         <load_address>0x38f4</load_address>
         <run_address>0x38f4</run_address>
         <size>0x24</size>
         <input_file_ref idref="fl-144"/>
      </object_component>
      <object_component id="oc-1be">
         <name>.text:PWMGenConfigure</name>
         <load_address>0x3918</load_address>
         <run_address>0x3918</run_address>
         <size>0x22</size>
         <input_file_ref idref="fl-167"/>
      </object_component>
      <object_component id="oc-336">
         <name>.text</name>
         <load_address>0x393a</load_address>
         <run_address>0x393a</run_address>
         <size>0x22</size>
         <input_file_ref idref="fl-151"/>
      </object_component>
      <object_component id="oc-224">
         <name>.text:ADCSequenceDataGet</name>
         <load_address>0x395c</load_address>
         <run_address>0x395c</run_address>
         <size>0x1e</size>
         <input_file_ref idref="fl-164"/>
      </object_component>
      <object_component id="oc-1ea">
         <name>.text:PWMPulseWidthSet</name>
         <load_address>0x397a</load_address>
         <run_address>0x397a</run_address>
         <size>0x1e</size>
         <input_file_ref idref="fl-167"/>
      </object_component>
      <object_component id="oc-de">
         <name>.text:SysTickIntRegister</name>
         <load_address>0x3998</load_address>
         <run_address>0x3998</run_address>
         <size>0x1c</size>
         <input_file_ref idref="fl-16a"/>
      </object_component>
      <object_component id="oc-230">
         <name>.text:ADCProcessorTrigger</name>
         <load_address>0x39b4</load_address>
         <run_address>0x39b4</run_address>
         <size>0x1a</size>
         <input_file_ref idref="fl-164"/>
      </object_component>
      <object_component id="oc-34e">
         <name>.text</name>
         <load_address>0x39ce</load_address>
         <run_address>0x39ce</run_address>
         <size>0x1a</size>
         <input_file_ref idref="fl-156"/>
      </object_component>
      <object_component id="oc-186">
         <name>.text:GPIOPortIntRegister</name>
         <load_address>0x39e8</load_address>
         <run_address>0x39e8</run_address>
         <size>0x18</size>
         <input_file_ref idref="fl-165"/>
      </object_component>
      <object_component id="oc-67">
         <name>.text</name>
         <load_address>0x3a00</load_address>
         <run_address>0x3a00</run_address>
         <size>0x18</size>
         <input_file_ref idref="fl-147"/>
      </object_component>
      <object_component id="oc-342">
         <name>.text</name>
         <load_address>0x3a18</load_address>
         <run_address>0x3a18</run_address>
         <size>0x16</size>
         <input_file_ref idref="fl-157"/>
      </object_component>
      <object_component id="oc-ea">
         <name>.text:SysTickEnable</name>
         <load_address>0x3a30</load_address>
         <run_address>0x3a30</run_address>
         <size>0x14</size>
         <input_file_ref idref="fl-16a"/>
      </object_component>
      <object_component id="oc-e4">
         <name>.text:SysTickIntEnable</name>
         <load_address>0x3a44</load_address>
         <run_address>0x3a44</run_address>
         <size>0x14</size>
         <input_file_ref idref="fl-16a"/>
      </object_component>
      <object_component id="oc-144">
         <name>.text</name>
         <load_address>0x3a58</load_address>
         <run_address>0x3a58</run_address>
         <size>0x14</size>
         <input_file_ref idref="fl-145"/>
      </object_component>
      <object_component id="oc-307">
         <name>.text</name>
         <load_address>0x3a6c</load_address>
         <run_address>0x3a6c</run_address>
         <size>0x14</size>
         <input_file_ref idref="fl-158"/>
      </object_component>
      <object_component id="oc-17a">
         <name>.text:GPIOPinTypeGPIOInput</name>
         <load_address>0x3a80</load_address>
         <run_address>0x3a80</run_address>
         <size>0x12</size>
         <input_file_ref idref="fl-165"/>
      </object_component>
      <object_component id="oc-f6">
         <name>.text:GPIOPinTypeGPIOOutput</name>
         <load_address>0x3a92</load_address>
         <run_address>0x3a92</run_address>
         <size>0x12</size>
         <input_file_ref idref="fl-165"/>
      </object_component>
      <object_component id="oc-1b8">
         <name>.text:GPIOPinTypePWM</name>
         <load_address>0x3aa4</load_address>
         <run_address>0x3aa4</run_address>
         <size>0x12</size>
         <input_file_ref idref="fl-165"/>
      </object_component>
      <object_component id="oc-298">
         <name>.text:GPIOPinTypeSSI</name>
         <load_address>0x3ab6</load_address>
         <run_address>0x3ab6</run_address>
         <size>0x12</size>
         <input_file_ref idref="fl-165"/>
      </object_component>
      <object_component id="oc-1c4">
         <name>.text:PWMOutputState</name>
         <load_address>0x3ac8</load_address>
         <run_address>0x3ac8</run_address>
         <size>0x12</size>
         <input_file_ref idref="fl-167"/>
      </object_component>
      <object_component id="oc-2a4">
         <name>.text:SSIDataGetNonBlocking</name>
         <load_address>0x3ada</load_address>
         <run_address>0x3ada</run_address>
         <size>0x12</size>
         <input_file_ref idref="fl-168"/>
      </object_component>
      <object_component id="oc-21e">
         <name>.text:ADCIntEnable</name>
         <load_address>0x3aec</load_address>
         <run_address>0x3aec</run_address>
         <size>0x10</size>
         <input_file_ref idref="fl-164"/>
      </object_component>
      <object_component id="oc-1e4">
         <name>.text:PWMGenPeriodSet</name>
         <load_address>0x3afc</load_address>
         <run_address>0x3afc</run_address>
         <size>0x10</size>
         <input_file_ref idref="fl-167"/>
      </object_component>
      <object_component id="oc-d8">
         <name>.text:SysTickPeriodSet</name>
         <load_address>0x3b0c</load_address>
         <run_address>0x3b0c</run_address>
         <size>0x10</size>
         <input_file_ref idref="fl-16a"/>
      </object_component>
      <object_component id="oc-212">
         <name>.text:ADCSequenceEnable</name>
         <load_address>0x3b1c</load_address>
         <run_address>0x3b1c</run_address>
         <size>0xe</size>
         <input_file_ref idref="fl-164"/>
      </object_component>
      <object_component id="oc-12">
         <name>.text:decompress:none</name>
         <load_address>0x3b2a</load_address>
         <run_address>0x3b2a</run_address>
         <size>0xe</size>
         <input_file_ref idref="fl-132"/>
      </object_component>
      <object_component id="oc-240">
         <name>.text:CPUcpsie</name>
         <load_address>0x3b38</load_address>
         <run_address>0x3b38</run_address>
         <size>0xc</size>
         <input_file_ref idref="fl-16b"/>
      </object_component>
      <object_component id="oc-180">
         <name>.text:GPIOPinIntEnable</name>
         <load_address>0x3b44</load_address>
         <run_address>0x3b44</run_address>
         <size>0xc</size>
         <input_file_ref idref="fl-165"/>
      </object_component>
      <object_component id="oc-1e">
         <name>.text:decompress:ZI</name>
         <load_address>0x3b50</load_address>
         <run_address>0x3b50</run_address>
         <size>0xc</size>
         <input_file_ref idref="fl-134"/>
      </object_component>
      <object_component id="oc-2d">
         <name>.text</name>
         <load_address>0x3b5c</load_address>
         <run_address>0x3b5c</run_address>
         <size>0xc</size>
         <input_file_ref idref="fl-9"/>
      </object_component>
      <object_component id="oc-22a">
         <name>.text:ADCIntClear</name>
         <load_address>0x3b68</load_address>
         <run_address>0x3b68</run_address>
         <size>0xa</size>
         <input_file_ref idref="fl-164"/>
      </object_component>
      <object_component id="oc-126">
         <name>.text:IntMasterEnable</name>
         <load_address>0x3b72</load_address>
         <run_address>0x3b72</run_address>
         <size>0xa</size>
         <input_file_ref idref="fl-166"/>
      </object_component>
      <object_component id="oc-1ca">
         <name>.text:PWMGenEnable</name>
         <load_address>0x3b7c</load_address>
         <run_address>0x3b7c</run_address>
         <size>0xa</size>
         <input_file_ref idref="fl-167"/>
      </object_component>
      <object_component id="oc-283">
         <name>.text:SSIDataPut</name>
         <load_address>0x3b86</load_address>
         <run_address>0x3b86</run_address>
         <size>0xa</size>
         <input_file_ref idref="fl-168"/>
      </object_component>
      <object_component id="oc-28c">
         <name>.text:SSIDisable</name>
         <load_address>0x3b90</load_address>
         <run_address>0x3b90</run_address>
         <size>0xa</size>
         <input_file_ref idref="fl-168"/>
      </object_component>
      <object_component id="oc-29e">
         <name>.text:SSIEnable</name>
         <load_address>0x3b9a</load_address>
         <run_address>0x3b9a</run_address>
         <size>0xa</size>
         <input_file_ref idref="fl-168"/>
      </object_component>
      <object_component id="oc-27d">
         <name>.text:SSIBusy</name>
         <load_address>0x3ba4</load_address>
         <run_address>0x3ba4</run_address>
         <size>0x8</size>
         <input_file_ref idref="fl-168"/>
      </object_component>
      <object_component id="oc-198">
         <name>.text:GPIOPinIntClear</name>
         <load_address>0x3bac</load_address>
         <run_address>0x3bac</run_address>
         <size>0x6</size>
         <input_file_ref idref="fl-165"/>
      </object_component>
      <object_component id="oc-19e">
         <name>.text:GPIOPinRead</name>
         <load_address>0x3bb2</load_address>
         <run_address>0x3bb2</run_address>
         <size>0x6</size>
         <input_file_ref idref="fl-165"/>
      </object_component>
      <object_component id="oc-102">
         <name>.text:GPIOPinWrite</name>
         <load_address>0x3bb8</load_address>
         <run_address>0x3bb8</run_address>
         <size>0x6</size>
         <input_file_ref idref="fl-165"/>
      </object_component>
      <object_component id="oc-159">
         <name>.text:SysCtlDelay</name>
         <load_address>0x3bbe</load_address>
         <run_address>0x3bbe</run_address>
         <size>0x6</size>
         <input_file_ref idref="fl-169"/>
      </object_component>
      <object_component id="oc-18">
         <name>.text:decompress:rle24</name>
         <load_address>0x3bc4</load_address>
         <run_address>0x3bc4</run_address>
         <size>0x6</size>
         <input_file_ref idref="fl-133"/>
      </object_component>
      <object_component id="oc-5b">
         <name>.text</name>
         <load_address>0x3bca</load_address>
         <run_address>0x3bca</run_address>
         <size>0x4</size>
         <input_file_ref idref="fl-140"/>
      </object_component>
      <object_component id="oc-2ae">
         <name>.const:g_pucFont</name>
         <load_address>0x3bd0</load_address>
         <run_address>0x3bd0</run_address>
         <size>0x1e0</size>
         <input_file_ref idref="fl-8"/>
      </object_component>
      <object_component id="oc-39d">
         <name>.const:.string:_ctypes_</name>
         <load_address>0x3db0</load_address>
         <run_address>0x3db0</run_address>
         <size>0x101</size>
         <input_file_ref idref="fl-14b"/>
      </object_component>
      <object_component id="oc-273">
         <name>.const</name>
         <load_address>0x3eb4</load_address>
         <run_address>0x3eb4</run_address>
         <size>0x70</size>
         <input_file_ref idref="fl-166"/>
      </object_component>
      <object_component id="oc-15d">
         <name>.const:g_pulXtals</name>
         <load_address>0x3f24</load_address>
         <run_address>0x3f24</run_address>
         <size>0x6c</size>
         <input_file_ref idref="fl-169"/>
      </object_component>
      <object_component id="oc-2b1">
         <name>.const:.string:g_pucRIT128x96x4Init</name>
         <load_address>0x3f90</load_address>
         <run_address>0x3f90</run_address>
         <size>0x4f</size>
         <input_file_ref idref="fl-8"/>
      </object_component>
      <object_component id="oc-16c">
         <name>.const</name>
         <load_address>0x3fe0</load_address>
         <run_address>0x3fe0</run_address>
         <size>0x40</size>
         <input_file_ref idref="fl-169"/>
      </object_component>
      <object_component id="oc-1a7">
         <name>.const:.string</name>
         <load_address>0x4020</load_address>
         <run_address>0x4020</run_address>
         <size>0x10</size>
         <input_file_ref idref="fl-7"/>
      </object_component>
      <object_component id="oc-2ab">
         <name>.const:.string</name>
         <load_address>0x4030</load_address>
         <run_address>0x4030</run_address>
         <size>0xc</size>
         <input_file_ref idref="fl-8"/>
      </object_component>
      <object_component id="oc-437">
         <name>.cinit..data.load</name>
         <load_address>0x4040</load_address>
         <run_address>0x4040</run_address>
         <size>0x4c</size>
      </object_component>
      <object_component id="oc-434">
         <name>__TI_handler_table</name>
         <load_address>0x408c</load_address>
         <run_address>0x408c</run_address>
         <size>0xc</size>
      </object_component>
      <object_component id="oc-438">
         <name>.cinit..bss.load</name>
         <load_address>0x4098</load_address>
         <run_address>0x4098</run_address>
         <size>0x8</size>
      </object_component>
      <object_component id="oc-436">
         <name>.cinit..vtable.load</name>
         <load_address>0x40a0</load_address>
         <run_address>0x40a0</run_address>
         <size>0x8</size>
      </object_component>
      <object_component id="oc-435">
         <name>__TI_cinit_table</name>
         <load_address>0x40a8</load_address>
         <run_address>0x40a8</run_address>
         <size>0x18</size>
      </object_component>
      <object_component id="oc-25f">
         <name>.vtable</name>
         <uninitialized>true</uninitialized>
         <run_address>0x20000000</run_address>
         <size>0x26c</size>
         <input_file_ref idref="fl-166"/>
      </object_component>
      <object_component id="oc-2a">
         <name>.sysmem</name>
         <uninitialized>true</uninitialized>
         <run_address>0x20001870</run_address>
         <size>0x8</size>
         <input_file_ref idref="fl-13e"/>
      </object_component>
      <object_component id="oc-43a">
         <name>.sysmem</name>
         <uninitialized>true</uninitialized>
         <run_address>0x20001870</run_address>
         <size>0x0</size>
      </object_component>
      <object_component id="oc-29">
         <name>.stack</name>
         <uninitialized>true</uninitialized>
         <run_address>0x2000026c</run_address>
         <size>0x0</size>
         <input_file_ref idref="fl-131"/>
      </object_component>
      <object_component id="oc-439">
         <name>.stack</name>
         <uninitialized>true</uninitialized>
         <run_address>0x2000026c</run_address>
         <size>0x0</size>
      </object_component>
      <object_component id="oc-131">
         <name>.common:g_AltitudeBuff</name>
         <uninitialized>true</uninitialized>
         <run_address>0x20002fd4</run_address>
         <size>0x10</size>
      </object_component>
      <object_component id="oc-136">
         <name>.common:gul_AltitudeSampCnt</name>
         <uninitialized>true</uninitialized>
         <run_address>0x20002ff0</run_address>
         <size>0x4</size>
      </object_component>
      <object_component id="oc-289">
         <name>.common:g_ulSSIFlags</name>
         <uninitialized>true</uninitialized>
         <run_address>0x20002fec</run_address>
         <size>0x4</size>
      </object_component>
      <object_component id="oc-2aa">
         <name>.common:g_pucBuffer</name>
         <uninitialized>true</uninitialized>
         <run_address>0x20002fe4</run_address>
         <size>0x8</size>
      </object_component>
      <object_component id="oc-236">
         <name>.data</name>
         <load_address>0x20002fc4</load_address>
         <run_address>0x20002fc4</run_address>
         <size>0x4</size>
         <input_file_ref idref="fl-2"/>
      </object_component>
      <object_component id="oc-1a4">
         <name>.data</name>
         <load_address>0x20002fd0</load_address>
         <run_address>0x20002fd0</run_address>
         <size>0x3</size>
         <input_file_ref idref="fl-7"/>
      </object_component>
      <object_component id="oc-aa">
         <name>.data</name>
         <load_address>0x20002fb4</load_address>
         <run_address>0x20002fb4</run_address>
         <size>0x8</size>
         <input_file_ref idref="fl-135"/>
      </object_component>
      <object_component id="oc-2df">
         <name>.data</name>
         <load_address>0x20002fa0</load_address>
         <run_address>0x20002fa0</run_address>
         <size>0xc</size>
         <input_file_ref idref="fl-13e"/>
      </object_component>
      <object_component id="oc-73">
         <name>.data</name>
         <load_address>0x20002fcc</load_address>
         <run_address>0x20002fcc</run_address>
         <size>0x4</size>
         <input_file_ref idref="fl-142"/>
      </object_component>
      <object_component id="oc-a7">
         <name>.data</name>
         <load_address>0x20002fac</load_address>
         <run_address>0x20002fac</run_address>
         <size>0x8</size>
         <input_file_ref idref="fl-145"/>
      </object_component>
      <object_component id="oc-3b7">
         <name>.data</name>
         <load_address>0x20002f20</load_address>
         <run_address>0x20002f20</run_address>
         <size>0x80</size>
         <input_file_ref idref="fl-15e"/>
      </object_component>
      <object_component id="oc-3c2">
         <name>.data</name>
         <load_address>0x20002fc8</load_address>
         <run_address>0x20002fc8</run_address>
         <size>0x4</size>
         <input_file_ref idref="fl-15f"/>
      </object_component>
      <object_component id="oc-3e6">
         <name>.data</name>
         <load_address>0x20002fbc</load_address>
         <run_address>0x20002fbc</run_address>
         <size>0x8</size>
         <input_file_ref idref="fl-160"/>
      </object_component>
      <object_component id="oc-401">
         <name>.data:sigtable</name>
         <load_address>0x20002e70</load_address>
         <run_address>0x20002e70</run_address>
         <size>0xb0</size>
         <input_file_ref idref="fl-162"/>
      </object_component>
      <object_component id="oc-132">
         <name>.debug_info</name>
         <load_address>0x0</load_address>
         <run_address>0x0</run_address>
         <size>0x367</size>
         <input_file_ref idref="fl-2"/>
      </object_component>
      <object_component id="oc-11b">
         <name>.debug_info</name>
         <load_address>0x367</load_address>
         <run_address>0x367</run_address>
         <size>0x324</size>
         <input_file_ref idref="fl-2"/>
      </object_component>
      <object_component id="oc-24f">
         <name>.debug_info</name>
         <load_address>0x68b</load_address>
         <run_address>0x68b</run_address>
         <size>0x86</size>
         <input_file_ref idref="fl-2"/>
      </object_component>
      <object_component id="oc-7e">
         <name>.debug_info</name>
         <load_address>0x711</load_address>
         <run_address>0x711</run_address>
         <size>0x84</size>
         <input_file_ref idref="fl-2"/>
      </object_component>
      <object_component id="oc-247">
         <name>.debug_info</name>
         <load_address>0x795</load_address>
         <run_address>0x795</run_address>
         <size>0x2c</size>
         <input_file_ref idref="fl-2"/>
      </object_component>
      <object_component id="oc-23f">
         <name>.debug_info</name>
         <load_address>0x7c1</load_address>
         <run_address>0x7c1</run_address>
         <size>0x145</size>
         <input_file_ref idref="fl-3"/>
      </object_component>
      <object_component id="oc-121">
         <name>.debug_info</name>
         <load_address>0x906</load_address>
         <run_address>0x906</run_address>
         <size>0x32e</size>
         <input_file_ref idref="fl-3"/>
      </object_component>
      <object_component id="oc-2e5">
         <name>.debug_info</name>
         <load_address>0xc34</load_address>
         <run_address>0xc34</run_address>
         <size>0x110</size>
         <input_file_ref idref="fl-3"/>
      </object_component>
      <object_component id="oc-1b7">
         <name>.debug_info</name>
         <load_address>0xd44</load_address>
         <run_address>0xd44</run_address>
         <size>0x1c1</size>
         <input_file_ref idref="fl-4"/>
      </object_component>
      <object_component id="oc-10f">
         <name>.debug_info</name>
         <load_address>0xf05</load_address>
         <run_address>0xf05</run_address>
         <size>0x235</size>
         <input_file_ref idref="fl-4"/>
      </object_component>
      <object_component id="oc-2bd">
         <name>.debug_info</name>
         <load_address>0x113a</load_address>
         <run_address>0x113a</run_address>
         <size>0x4e</size>
         <input_file_ref idref="fl-4"/>
      </object_component>
      <object_component id="oc-134">
         <name>.debug_info</name>
         <load_address>0x1188</load_address>
         <run_address>0x1188</run_address>
         <size>0x540</size>
         <input_file_ref idref="fl-5"/>
      </object_component>
      <object_component id="oc-a1">
         <name>.debug_info</name>
         <load_address>0x16c8</load_address>
         <run_address>0x16c8</run_address>
         <size>0x5a2</size>
         <input_file_ref idref="fl-5"/>
      </object_component>
      <object_component id="oc-138">
         <name>.debug_info</name>
         <load_address>0x1c6a</load_address>
         <run_address>0x1c6a</run_address>
         <size>0x18b</size>
         <input_file_ref idref="fl-5"/>
      </object_component>
      <object_component id="oc-205">
         <name>.debug_info</name>
         <load_address>0x1df5</load_address>
         <run_address>0x1df5</run_address>
         <size>0x289</size>
         <input_file_ref idref="fl-6"/>
      </object_component>
      <object_component id="oc-116">
         <name>.debug_info</name>
         <load_address>0x207e</load_address>
         <run_address>0x207e</run_address>
         <size>0x46d</size>
         <input_file_ref idref="fl-6"/>
      </object_component>
      <object_component id="oc-1a9">
         <name>.debug_info</name>
         <load_address>0x24eb</load_address>
         <run_address>0x24eb</run_address>
         <size>0x2dd</size>
         <input_file_ref idref="fl-7"/>
      </object_component>
      <object_component id="oc-1a5">
         <name>.debug_info</name>
         <load_address>0x27c8</load_address>
         <run_address>0x27c8</run_address>
         <size>0xe2</size>
         <input_file_ref idref="fl-7"/>
      </object_component>
      <object_component id="oc-109">
         <name>.debug_info</name>
         <load_address>0x28aa</load_address>
         <run_address>0x28aa</run_address>
         <size>0x31a</size>
         <input_file_ref idref="fl-7"/>
      </object_component>
      <object_component id="oc-28a">
         <name>.debug_info</name>
         <load_address>0x2bc4</load_address>
         <run_address>0x2bc4</run_address>
         <size>0x445</size>
         <input_file_ref idref="fl-8"/>
      </object_component>
      <object_component id="oc-2ac">
         <name>.debug_info</name>
         <load_address>0x3009</load_address>
         <run_address>0x3009</run_address>
         <size>0x18b</size>
         <input_file_ref idref="fl-8"/>
      </object_component>
      <object_component id="oc-2af">
         <name>.debug_info</name>
         <load_address>0x3194</load_address>
         <run_address>0x3194</run_address>
         <size>0x11d</size>
         <input_file_ref idref="fl-8"/>
      </object_component>
      <object_component id="oc-2b2">
         <name>.debug_info</name>
         <load_address>0x32b1</load_address>
         <run_address>0x32b1</run_address>
         <size>0x133</size>
         <input_file_ref idref="fl-8"/>
      </object_component>
      <object_component id="oc-1ab">
         <name>.debug_info</name>
         <load_address>0x33e4</load_address>
         <run_address>0x33e4</run_address>
         <size>0x10c9</size>
         <input_file_ref idref="fl-8"/>
      </object_component>
      <object_component id="oc-35">
         <name>.debug_info</name>
         <load_address>0x44ad</load_address>
         <run_address>0x44ad</run_address>
         <size>0x105</size>
         <input_file_ref idref="fl-9"/>
      </object_component>
      <object_component id="oc-10">
         <name>.debug_info</name>
         <load_address>0x45b2</load_address>
         <run_address>0x45b2</run_address>
         <size>0xeb</size>
         <input_file_ref idref="fl-9"/>
      </object_component>
      <object_component id="oc-31">
         <name>.debug_info</name>
         <load_address>0x469d</load_address>
         <run_address>0x469d</run_address>
         <size>0x1f6</size>
         <input_file_ref idref="fl-9"/>
      </object_component>
      <object_component id="oc-8e">
         <name>.debug_info</name>
         <load_address>0x4893</load_address>
         <run_address>0x4893</run_address>
         <size>0x2c</size>
         <input_file_ref idref="fl-a"/>
      </object_component>
      <object_component id="oc-26">
         <name>.debug_info</name>
         <load_address>0x48bf</load_address>
         <run_address>0x48bf</run_address>
         <size>0x136</size>
         <input_file_ref idref="fl-131"/>
      </object_component>
      <object_component id="oc-41">
         <name>.debug_info</name>
         <load_address>0x49f5</load_address>
         <run_address>0x49f5</run_address>
         <size>0x123</size>
         <input_file_ref idref="fl-132"/>
      </object_component>
      <object_component id="oc-16">
         <name>.debug_info</name>
         <load_address>0x4b18</load_address>
         <run_address>0x4b18</run_address>
         <size>0x1c2</size>
         <input_file_ref idref="fl-132"/>
      </object_component>
      <object_component id="oc-3c">
         <name>.debug_info</name>
         <load_address>0x4cda</load_address>
         <run_address>0x4cda</run_address>
         <size>0x46</size>
         <input_file_ref idref="fl-132"/>
      </object_component>
      <object_component id="oc-84">
         <name>.debug_info</name>
         <load_address>0x4d20</load_address>
         <run_address>0x4d20</run_address>
         <size>0x2c</size>
         <input_file_ref idref="fl-132"/>
      </object_component>
      <object_component id="oc-49">
         <name>.debug_info</name>
         <load_address>0x4d4c</load_address>
         <run_address>0x4d4c</run_address>
         <size>0x117</size>
         <input_file_ref idref="fl-133"/>
      </object_component>
      <object_component id="oc-43">
         <name>.debug_info</name>
         <load_address>0x4e63</load_address>
         <run_address>0x4e63</run_address>
         <size>0x22a</size>
         <input_file_ref idref="fl-133"/>
      </object_component>
      <object_component id="oc-19">
         <name>.debug_info</name>
         <load_address>0x508d</load_address>
         <run_address>0x508d</run_address>
         <size>0x194</size>
         <input_file_ref idref="fl-133"/>
      </object_component>
      <object_component id="oc-4a">
         <name>.debug_info</name>
         <load_address>0x5221</load_address>
         <run_address>0x5221</run_address>
         <size>0x39</size>
         <input_file_ref idref="fl-133"/>
      </object_component>
      <object_component id="oc-5a">
         <name>.debug_info</name>
         <load_address>0x525a</load_address>
         <run_address>0x525a</run_address>
         <size>0x112</size>
         <input_file_ref idref="fl-134"/>
      </object_component>
      <object_component id="oc-1f">
         <name>.debug_info</name>
         <load_address>0x536c</load_address>
         <run_address>0x536c</run_address>
         <size>0x18d</size>
         <input_file_ref idref="fl-134"/>
      </object_component>
      <object_component id="oc-55">
         <name>.debug_info</name>
         <load_address>0x54f9</load_address>
         <run_address>0x54f9</run_address>
         <size>0x46</size>
         <input_file_ref idref="fl-134"/>
      </object_component>
      <object_component id="oc-ae">
         <name>.debug_info</name>
         <load_address>0x553f</load_address>
         <run_address>0x553f</run_address>
         <size>0x174</size>
         <input_file_ref idref="fl-135"/>
      </object_component>
      <object_component id="oc-ab">
         <name>.debug_info</name>
         <load_address>0x56b3</load_address>
         <run_address>0x56b3</run_address>
         <size>0x119</size>
         <input_file_ref idref="fl-135"/>
      </object_component>
      <object_component id="oc-71">
         <name>.debug_info</name>
         <load_address>0x57cc</load_address>
         <run_address>0x57cc</run_address>
         <size>0x1f0</size>
         <input_file_ref idref="fl-135"/>
      </object_component>
      <object_component id="oc-1f3">
         <name>.debug_info</name>
         <load_address>0x59bc</load_address>
         <run_address>0x59bc</run_address>
         <size>0x11f</size>
         <input_file_ref idref="fl-136"/>
      </object_component>
      <object_component id="oc-200">
         <name>.debug_info</name>
         <load_address>0x5adb</load_address>
         <run_address>0x5adb</run_address>
         <size>0x12b</size>
         <input_file_ref idref="fl-137"/>
      </object_component>
      <object_component id="oc-1fd">
         <name>.debug_info</name>
         <load_address>0x5c06</load_address>
         <run_address>0x5c06</run_address>
         <size>0x12d</size>
         <input_file_ref idref="fl-137"/>
      </object_component>
      <object_component id="oc-1d6">
         <name>.debug_info</name>
         <load_address>0x5d33</load_address>
         <run_address>0x5d33</run_address>
         <size>0x119</size>
         <input_file_ref idref="fl-138"/>
      </object_component>
      <object_component id="oc-1db">
         <name>.debug_info</name>
         <load_address>0x5e4c</load_address>
         <run_address>0x5e4c</run_address>
         <size>0x119</size>
         <input_file_ref idref="fl-139"/>
      </object_component>
      <object_component id="oc-1f7">
         <name>.debug_info</name>
         <load_address>0x5f65</load_address>
         <run_address>0x5f65</run_address>
         <size>0x10d</size>
         <input_file_ref idref="fl-13a"/>
      </object_component>
      <object_component id="oc-1e2">
         <name>.debug_info</name>
         <load_address>0x6072</load_address>
         <run_address>0x6072</run_address>
         <size>0x128</size>
         <input_file_ref idref="fl-13b"/>
      </object_component>
      <object_component id="oc-12d">
         <name>.debug_info</name>
         <load_address>0x619a</load_address>
         <run_address>0x619a</run_address>
         <size>0x108</size>
         <input_file_ref idref="fl-13c"/>
      </object_component>
      <object_component id="oc-37">
         <name>.debug_info</name>
         <load_address>0x62a2</load_address>
         <run_address>0x62a2</run_address>
         <size>0xf8</size>
         <input_file_ref idref="fl-13d"/>
      </object_component>
      <object_component id="oc-79">
         <name>.debug_info</name>
         <load_address>0x639a</load_address>
         <run_address>0x639a</run_address>
         <size>0x205</size>
         <input_file_ref idref="fl-13e"/>
      </object_component>
      <object_component id="oc-2b">
         <name>.debug_info</name>
         <load_address>0x659f</load_address>
         <run_address>0x659f</run_address>
         <size>0xe4</size>
         <input_file_ref idref="fl-13e"/>
      </object_component>
      <object_component id="oc-2e0">
         <name>.debug_info</name>
         <load_address>0x6683</load_address>
         <run_address>0x6683</run_address>
         <size>0x12f</size>
         <input_file_ref idref="fl-13e"/>
      </object_component>
      <object_component id="oc-239">
         <name>.debug_info</name>
         <load_address>0x67b2</load_address>
         <run_address>0x67b2</run_address>
         <size>0x86e</size>
         <input_file_ref idref="fl-13e"/>
      </object_component>
      <object_component id="oc-b4">
         <name>.debug_info</name>
         <load_address>0x7020</load_address>
         <run_address>0x7020</run_address>
         <size>0x2c</size>
         <input_file_ref idref="fl-13e"/>
      </object_component>
      <object_component id="oc-b9">
         <name>.debug_info</name>
         <load_address>0x704c</load_address>
         <run_address>0x704c</run_address>
         <size>0x62</size>
         <input_file_ref idref="fl-13e"/>
      </object_component>
      <object_component id="oc-51">
         <name>.debug_info</name>
         <load_address>0x70ae</load_address>
         <run_address>0x70ae</run_address>
         <size>0x126</size>
         <input_file_ref idref="fl-13f"/>
      </object_component>
      <object_component id="oc-5c">
         <name>.debug_info</name>
         <load_address>0x71d4</load_address>
         <run_address>0x71d4</run_address>
         <size>0x12b</size>
         <input_file_ref idref="fl-140"/>
      </object_component>
      <object_component id="oc-2bc">
         <name>.debug_info</name>
         <load_address>0x72ff</load_address>
         <run_address>0x72ff</run_address>
         <size>0x19e</size>
         <input_file_ref idref="fl-141"/>
      </object_component>
      <object_component id="oc-1b1">
         <name>.debug_info</name>
         <load_address>0x749d</load_address>
         <run_address>0x749d</run_address>
         <size>0x2c7</size>
         <input_file_ref idref="fl-141"/>
      </object_component>
      <object_component id="oc-361">
         <name>.debug_info</name>
         <load_address>0x7764</load_address>
         <run_address>0x7764</run_address>
         <size>0x2c</size>
         <input_file_ref idref="fl-141"/>
      </object_component>
      <object_component id="oc-74">
         <name>.debug_info</name>
         <load_address>0x7790</load_address>
         <run_address>0x7790</run_address>
         <size>0xec</size>
         <input_file_ref idref="fl-142"/>
      </object_component>
      <object_component id="oc-1d1">
         <name>.debug_info</name>
         <load_address>0x787c</load_address>
         <run_address>0x787c</run_address>
         <size>0x10a</size>
         <input_file_ref idref="fl-144"/>
      </object_component>
      <object_component id="oc-14c">
         <name>.debug_info</name>
         <load_address>0x7986</load_address>
         <run_address>0x7986</run_address>
         <size>0x107</size>
         <input_file_ref idref="fl-145"/>
      </object_component>
      <object_component id="oc-a8">
         <name>.debug_info</name>
         <load_address>0x7a8d</load_address>
         <run_address>0x7a8d</run_address>
         <size>0xf6</size>
         <input_file_ref idref="fl-145"/>
      </object_component>
      <object_component id="oc-148">
         <name>.debug_info</name>
         <load_address>0x7b83</load_address>
         <run_address>0x7b83</run_address>
         <size>0x202</size>
         <input_file_ref idref="fl-145"/>
      </object_component>
      <object_component id="oc-35b">
         <name>.debug_info</name>
         <load_address>0x7d85</load_address>
         <run_address>0x7d85</run_address>
         <size>0x3a9</size>
         <input_file_ref idref="fl-146"/>
      </object_component>
      <object_component id="oc-2b7">
         <name>.debug_info</name>
         <load_address>0x812e</load_address>
         <run_address>0x812e</run_address>
         <size>0x17ea</size>
         <input_file_ref idref="fl-146"/>
      </object_component>
      <object_component id="oc-35c">
         <name>.debug_info</name>
         <load_address>0x9918</load_address>
         <run_address>0x9918</run_address>
         <size>0x86</size>
         <input_file_ref idref="fl-146"/>
      </object_component>
      <object_component id="oc-3a4">
         <name>.debug_info</name>
         <load_address>0x999e</load_address>
         <run_address>0x999e</run_address>
         <size>0x46</size>
         <input_file_ref idref="fl-146"/>
      </object_component>
      <object_component id="oc-366">
         <name>.debug_info</name>
         <load_address>0x99e4</load_address>
         <run_address>0x99e4</run_address>
         <size>0x39</size>
         <input_file_ref idref="fl-146"/>
      </object_component>
      <object_component id="oc-a6">
         <name>.debug_info</name>
         <load_address>0x9a1d</load_address>
         <run_address>0x9a1d</run_address>
         <size>0x149</size>
         <input_file_ref idref="fl-147"/>
      </object_component>
      <object_component id="oc-68">
         <name>.debug_info</name>
         <load_address>0x9b66</load_address>
         <run_address>0x9b66</run_address>
         <size>0x14a</size>
         <input_file_ref idref="fl-147"/>
      </object_component>
      <object_component id="oc-13f">
         <name>.debug_info</name>
         <load_address>0x9cb0</load_address>
         <run_address>0x9cb0</run_address>
         <size>0x5e</size>
         <input_file_ref idref="fl-147"/>
      </object_component>
      <object_component id="oc-3a1">
         <name>.debug_info</name>
         <load_address>0x9d0e</load_address>
         <run_address>0x9d0e</run_address>
         <size>0xf7</size>
         <input_file_ref idref="fl-148"/>
      </object_component>
      <object_component id="oc-355">
         <name>.debug_info</name>
         <load_address>0x9e05</load_address>
         <run_address>0x9e05</run_address>
         <size>0x154</size>
         <input_file_ref idref="fl-148"/>
      </object_component>
      <object_component id="oc-9e">
         <name>.debug_info</name>
         <load_address>0x9f59</load_address>
         <run_address>0x9f59</run_address>
         <size>0x2a0</size>
         <input_file_ref idref="fl-149"/>
      </object_component>
      <object_component id="oc-63">
         <name>.debug_info</name>
         <load_address>0xa1f9</load_address>
         <run_address>0xa1f9</run_address>
         <size>0x194</size>
         <input_file_ref idref="fl-149"/>
      </object_component>
      <object_component id="oc-c2">
         <name>.debug_info</name>
         <load_address>0xa38d</load_address>
         <run_address>0xa38d</run_address>
         <size>0x39</size>
         <input_file_ref idref="fl-149"/>
      </object_component>
      <object_component id="oc-c7">
         <name>.debug_info</name>
         <load_address>0xa3c6</load_address>
         <run_address>0xa3c6</run_address>
         <size>0xcd</size>
         <input_file_ref idref="fl-149"/>
      </object_component>
      <object_component id="oc-bf">
         <name>.debug_info</name>
         <load_address>0xa493</load_address>
         <run_address>0xa493</run_address>
         <size>0x1c3</size>
         <input_file_ref idref="fl-14a"/>
      </object_component>
      <object_component id="oc-9a">
         <name>.debug_info</name>
         <load_address>0xa656</load_address>
         <run_address>0xa656</run_address>
         <size>0x166</size>
         <input_file_ref idref="fl-14a"/>
      </object_component>
      <object_component id="oc-154">
         <name>.debug_info</name>
         <load_address>0xa7bc</load_address>
         <run_address>0xa7bc</run_address>
         <size>0x2c</size>
         <input_file_ref idref="fl-14a"/>
      </object_component>
      <object_component id="oc-3d0">
         <name>.debug_info</name>
         <load_address>0xa7e8</load_address>
         <run_address>0xa7e8</run_address>
         <size>0xd1</size>
         <input_file_ref idref="fl-14b"/>
      </object_component>
      <object_component id="oc-39e">
         <name>.debug_info</name>
         <load_address>0xa8b9</load_address>
         <run_address>0xa8b9</run_address>
         <size>0xdd</size>
         <input_file_ref idref="fl-14b"/>
      </object_component>
      <object_component id="oc-333">
         <name>.debug_info</name>
         <load_address>0xa996</load_address>
         <run_address>0xa996</run_address>
         <size>0x12b</size>
         <input_file_ref idref="fl-14c"/>
      </object_component>
      <object_component id="oc-30f">
         <name>.debug_info</name>
         <load_address>0xaac1</load_address>
         <run_address>0xaac1</run_address>
         <size>0x107</size>
         <input_file_ref idref="fl-14d"/>
      </object_component>
      <object_component id="oc-31d">
         <name>.debug_info</name>
         <load_address>0xabc8</load_address>
         <run_address>0xabc8</run_address>
         <size>0x109</size>
         <input_file_ref idref="fl-14d"/>
      </object_component>
      <object_component id="oc-318">
         <name>.debug_info</name>
         <load_address>0xacd1</load_address>
         <run_address>0xacd1</run_address>
         <size>0x119</size>
         <input_file_ref idref="fl-14e"/>
      </object_component>
      <object_component id="oc-313">
         <name>.debug_info</name>
         <load_address>0xadea</load_address>
         <run_address>0xadea</run_address>
         <size>0x119</size>
         <input_file_ref idref="fl-14f"/>
      </object_component>
      <object_component id="oc-323">
         <name>.debug_info</name>
         <load_address>0xaf03</load_address>
         <run_address>0xaf03</run_address>
         <size>0x10d</size>
         <input_file_ref idref="fl-150"/>
      </object_component>
      <object_component id="oc-388">
         <name>.debug_info</name>
         <load_address>0xb010</load_address>
         <run_address>0xb010</run_address>
         <size>0x16f</size>
         <input_file_ref idref="fl-151"/>
      </object_component>
      <object_component id="oc-338">
         <name>.debug_info</name>
         <load_address>0xb17f</load_address>
         <run_address>0xb17f</run_address>
         <size>0x16f</size>
         <input_file_ref idref="fl-151"/>
      </object_component>
      <object_component id="oc-32d">
         <name>.debug_info</name>
         <load_address>0xb2ee</load_address>
         <run_address>0xb2ee</run_address>
         <size>0x10b</size>
         <input_file_ref idref="fl-153"/>
      </object_component>
      <object_component id="oc-396">
         <name>.debug_info</name>
         <load_address>0xb3f9</load_address>
         <run_address>0xb3f9</run_address>
         <size>0x171</size>
         <input_file_ref idref="fl-154"/>
      </object_component>
      <object_component id="oc-33e">
         <name>.debug_info</name>
         <load_address>0xb56a</load_address>
         <run_address>0xb56a</run_address>
         <size>0x166</size>
         <input_file_ref idref="fl-154"/>
      </object_component>
      <object_component id="oc-37e">
         <name>.debug_info</name>
         <load_address>0xb6d0</load_address>
         <run_address>0xb6d0</run_address>
         <size>0x12f</size>
         <input_file_ref idref="fl-155"/>
      </object_component>
      <object_component id="oc-327">
         <name>.debug_info</name>
         <load_address>0xb7ff</load_address>
         <run_address>0xb7ff</run_address>
         <size>0x1a5</size>
         <input_file_ref idref="fl-155"/>
      </object_component>
      <object_component id="oc-39c">
         <name>.debug_info</name>
         <load_address>0xb9a4</load_address>
         <run_address>0xb9a4</run_address>
         <size>0xd4</size>
         <input_file_ref idref="fl-156"/>
      </object_component>
      <object_component id="oc-34f">
         <name>.debug_info</name>
         <load_address>0xba78</load_address>
         <run_address>0xba78</run_address>
         <size>0x18e</size>
         <input_file_ref idref="fl-156"/>
      </object_component>
      <object_component id="oc-398">
         <name>.debug_info</name>
         <load_address>0xbc06</load_address>
         <run_address>0xbc06</run_address>
         <size>0xd8</size>
         <input_file_ref idref="fl-157"/>
      </object_component>
      <object_component id="oc-346">
         <name>.debug_info</name>
         <load_address>0xbcde</load_address>
         <run_address>0xbcde</run_address>
         <size>0x1f7</size>
         <input_file_ref idref="fl-157"/>
      </object_component>
      <object_component id="oc-377">
         <name>.debug_info</name>
         <load_address>0xbed5</load_address>
         <run_address>0xbed5</run_address>
         <size>0xcd</size>
         <input_file_ref idref="fl-158"/>
      </object_component>
      <object_component id="oc-30a">
         <name>.debug_info</name>
         <load_address>0xbfa2</load_address>
         <run_address>0xbfa2</run_address>
         <size>0x1dd</size>
         <input_file_ref idref="fl-158"/>
      </object_component>
      <object_component id="oc-304">
         <name>.debug_info</name>
         <load_address>0xc17f</load_address>
         <run_address>0xc17f</run_address>
         <size>0x164</size>
         <input_file_ref idref="fl-159"/>
      </object_component>
      <object_component id="oc-39a">
         <name>.debug_info</name>
         <load_address>0xc2e3</load_address>
         <run_address>0xc2e3</run_address>
         <size>0x122</size>
         <input_file_ref idref="fl-15a"/>
      </object_component>
      <object_component id="oc-349">
         <name>.debug_info</name>
         <load_address>0xc405</load_address>
         <run_address>0xc405</run_address>
         <size>0x136</size>
         <input_file_ref idref="fl-15a"/>
      </object_component>
      <object_component id="oc-3bb">
         <name>.debug_info</name>
         <load_address>0xc53b</load_address>
         <run_address>0xc53b</run_address>
         <size>0x182</size>
         <input_file_ref idref="fl-15b"/>
      </object_component>
      <object_component id="oc-38a">
         <name>.debug_info</name>
         <load_address>0xc6bd</load_address>
         <run_address>0xc6bd</run_address>
         <size>0x194</size>
         <input_file_ref idref="fl-15b"/>
      </object_component>
      <object_component id="oc-3d9">
         <name>.debug_info</name>
         <load_address>0xc851</load_address>
         <run_address>0xc851</run_address>
         <size>0x86</size>
         <input_file_ref idref="fl-15b"/>
      </object_component>
      <object_component id="oc-3b4">
         <name>.debug_info</name>
         <load_address>0xc8d7</load_address>
         <run_address>0xc8d7</run_address>
         <size>0x16c</size>
         <input_file_ref idref="fl-15c"/>
      </object_component>
      <object_component id="oc-384">
         <name>.debug_info</name>
         <load_address>0xca43</load_address>
         <run_address>0xca43</run_address>
         <size>0x175</size>
         <input_file_ref idref="fl-15c"/>
      </object_component>
      <object_component id="oc-390">
         <name>.debug_info</name>
         <load_address>0xcbb8</load_address>
         <run_address>0xcbb8</run_address>
         <size>0x155</size>
         <input_file_ref idref="fl-15d"/>
      </object_component>
      <object_component id="oc-3b8">
         <name>.debug_info</name>
         <load_address>0xcd0d</load_address>
         <run_address>0xcd0d</run_address>
         <size>0x1b7</size>
         <input_file_ref idref="fl-15e"/>
      </object_component>
      <object_component id="oc-3c3">
         <name>.debug_info</name>
         <load_address>0xcec4</load_address>
         <run_address>0xcec4</run_address>
         <size>0xd8</size>
         <input_file_ref idref="fl-15f"/>
      </object_component>
      <object_component id="oc-3ff">
         <name>.debug_info</name>
         <load_address>0xcf9c</load_address>
         <run_address>0xcf9c</run_address>
         <size>0x1af</size>
         <input_file_ref idref="fl-160"/>
      </object_component>
      <object_component id="oc-3e7">
         <name>.debug_info</name>
         <load_address>0xd14b</load_address>
         <run_address>0xd14b</run_address>
         <size>0x110</size>
         <input_file_ref idref="fl-160"/>
      </object_component>
      <object_component id="oc-3bd">
         <name>.debug_info</name>
         <load_address>0xd25b</load_address>
         <run_address>0xd25b</run_address>
         <size>0x171</size>
         <input_file_ref idref="fl-160"/>
[...]
         <value>0x20002fb8</value>
         <object_component_ref idref="oc-aa"/>
      </symbol>
      <symbol id="sm-208">
         <name>__TI_cleanup_ptr</name>
         <value>0x20002fb4</value>
         <object_component_ref idref="oc-aa"/>
      </symbol>
      <symbol id="sm-220">
         <name>__aeabi_fadd</name>
         <value>0x2765</value>
         <object_component_ref idref="oc-1f0"/>
      </symbol>
      <symbol id="sm-221">
         <name>__aeabi_fsub</name>
         <value>0x2761</value>
         <object_component_ref idref="oc-1f0"/>
      </symbol>
      <symbol id="sm-23c">
         <name>__aeabi_cfrcmple</name>
         <value>0x3293</value>
         <object_component_ref idref="oc-1fa"/>
      </symbol>
      <symbol id="sm-23d">
         <name>__aeabi_cfcmpeq</name>
         <value>0x3233</value>
         <object_component_ref idref="oc-1ff"/>
      </symbol>
      <symbol id="sm-23e">
         <name>__aeabi_cfcmple</name>
         <value>0x3233</value>
         <object_component_ref idref="oc-1ff"/>
      </symbol>
      <symbol id="sm-253">
         <name>__aeabi_fdiv</name>
         <value>0x2d8d</value>
         <object_component_ref idref="oc-1d5"/>
      </symbol>
      <symbol id="sm-265">
         <name>__aeabi_fmul</name>
         <value>0x2f2b</value>
         <object_component_ref idref="oc-1da"/>
      </symbol>
      <symbol id="sm-271">
         <name>__aeabi_f2iz</name>
         <value>0x36b9</value>
         <object_component_ref idref="oc-1f5"/>
      </symbol>
      <symbol id="sm-27d">
         <name>__aeabi_f2uiz</name>
         <value>0x3791</value>
         <object_component_ref idref="oc-1df"/>
      </symbol>
      <symbol id="sm-28a">
         <name>__aeabi_i2f</name>
         <value>0x36f1</value>
         <object_component_ref idref="oc-12c"/>
      </symbol>
      <symbol id="sm-2a5">
         <name>memcpy</name>
         <value>0x2cf1</value>
         <object_component_ref idref="oc-36"/>
      </symbol>
      <symbol id="sm-2a6">
         <name>__aeabi_memcpy</name>
         <value>0x2cf1</value>
         <object_component_ref idref="oc-36"/>
      </symbol>
      <symbol id="sm-2a7">
         <name>__aeabi_memcpy8</name>
         <value>0x2cf1</value>
         <object_component_ref idref="oc-36"/>
      </symbol>
      <symbol id="sm-2a8">
         <name>__aeabi_memcpy4</name>
         <value>0x2cf1</value>
         <object_component_ref idref="oc-36"/>
      </symbol>
      <symbol id="sm-31f">
         <name>_sys_memory</name>
         <value>0x20001870</value>
         <object_component_ref idref="oc-2a"/>
      </symbol>
      <symbol id="sm-320">
         <name>free</name>
         <value>0x1793</value>
         <object_component_ref idref="oc-238"/>
      </symbol>
      <symbol id="sm-321">
         <name>realloc</name>
         <value>0x1855</value>
         <object_component_ref idref="oc-238"/>
      </symbol>
      <symbol id="sm-322">
         <name>memalign</name>
         <value>0x1961</value>
         <object_component_ref idref="oc-238"/>
      </symbol>
      <symbol id="sm-323">
         <name>calloc</name>
         <value>0x1a45</value>
         <object_component_ref idref="oc-238"/>
      </symbol>
      <symbol id="sm-324">
         <name>malloc</name>
         <value>0x172b</value>
         <object_component_ref idref="oc-238"/>
      </symbol>
      <symbol id="sm-325">
         <name>minit</name>
         <value>0x169d</value>
         <object_component_ref idref="oc-238"/>
      </symbol>
      <symbol id="sm-334">
         <name>__aeabi_memset</name>
         <value>0x2fa7</value>
         <object_component_ref idref="oc-4f"/>
      </symbol>
      <symbol id="sm-335">
         <name>memset</name>
         <value>0x2fad</value>
         <object_component_ref idref="oc-4f"/>
      </symbol>
      <symbol id="sm-336">
         <name>__aeabi_memset8</name>
         <value>0x2fa7</value>
         <object_component_ref idref="oc-4f"/>
      </symbol>
      <symbol id="sm-337">
         <name>__aeabi_memset4</name>
         <value>0x2fa7</value>
         <object_component_ref idref="oc-4f"/>
      </symbol>
      <symbol id="sm-338">
         <name>__aeabi_memclr8</name>
         <value>0x2fa5</value>
         <object_component_ref idref="oc-4f"/>
      </symbol>
      <symbol id="sm-339">
         <name>__aeabi_memclr4</name>
         <value>0x2fa5</value>
         <object_component_ref idref="oc-4f"/>
      </symbol>
      <symbol id="sm-33a">
         <name>__aeabi_memclr</name>
         <value>0x2fa5</value>
         <object_component_ref idref="oc-4f"/>
      </symbol>
      <symbol id="sm-344">
         <name>_system_pre_init</name>
         <value>0x3bcb</value>
         <object_component_ref idref="oc-5b"/>
      </symbol>
      <symbol id="sm-35d">
         <name>sprintf</name>
         <value>0x32f5</value>
         <object_component_ref idref="oc-1b0"/>
      </symbol>
      <symbol id="sm-365">
         <name>main_func_sp</name>
         <value>0x20002fcc</value>
         <object_component_ref idref="oc-73"/>
      </symbol>
      <symbol id="sm-375">
         <name>__aeabi_ui2f</name>
         <value>0x38f5</value>
         <object_component_ref idref="oc-1d0"/>
      </symbol>
      <symbol id="sm-38e">
         <name>_nop</name>
         <value>0x3a67</value>
         <object_component_ref idref="oc-144"/>
      </symbol>
      <symbol id="sm-38f">
         <name>_lock</name>
         <value>0x20002fac</value>
         <object_component_ref idref="oc-a7"/>
      </symbol>
      <symbol id="sm-390">
         <name>_unlock</name>
         <value>0x20002fb0</value>
         <object_component_ref idref="oc-a7"/>
      </symbol>
      <symbol id="sm-391">
         <name>_register_lock</name>
         <value>0x3a5f</value>
         <object_component_ref idref="oc-144"/>
      </symbol>
      <symbol id="sm-392">
         <name>_register_unlock</name>
         <value>0x3a59</value>
         <object_component_ref idref="oc-144"/>
      </symbol>
      <symbol id="sm-497">
         <name>__TI_printfi</name>
         <value>0xe85</value>
         <object_component_ref idref="oc-2b5"/>
      </symbol>
      <symbol id="sm-4ac">
         <name>_args_main</name>
         <value>0x3a01</value>
         <object_component_ref idref="oc-67"/>
      </symbol>
      <symbol id="sm-4c2">
         <name>atoi</name>
         <value>0x3409</value>
         <object_component_ref idref="oc-354"/>
      </symbol>
      <symbol id="sm-4e8">
         <name>__TI_auto_init</name>
         <value>0x308d</value>
         <object_component_ref idref="oc-61"/>
      </symbol>
      <symbol id="sm-502">
         <name>copy_in</name>
         <value>0x3455</value>
         <object_component_ref idref="oc-97"/>
      </symbol>
      <symbol id="sm-50d">
         <name>_ctypes_</name>
         <value>0x3db0</value>
         <object_component_ref idref="oc-39d"/>
      </symbol>
      <symbol id="sm-531">
         <name>__aeabi_dsub</name>
         <value>0x2021</value>
         <object_component_ref idref="oc-331"/>
      </symbol>
      <symbol id="sm-532">
         <name>__aeabi_dadd</name>
         <value>0x202b</value>
         <object_component_ref idref="oc-331"/>
      </symbol>
      <symbol id="sm-559">
         <name>__aeabi_cdcmpeq</name>
         <value>0x2e1f</value>
         <object_component_ref idref="oc-30d"/>
      </symbol>
      <symbol id="sm-55a">
         <name>__aeabi_cdcmple</name>
         <value>0x2e1f</value>
         <object_component_ref idref="oc-30d"/>
      </symbol>
      <symbol id="sm-55b">
         <name>__aeabi_cdrcmple</name>
         <value>0x2ea5</value>
         <object_component_ref idref="oc-31c"/>
      </symbol>
      <symbol id="sm-57b">
         <name>__aeabi_ddiv</name>
         <value>0x2321</value>
         <object_component_ref idref="oc-317"/>
      </symbol>
      <symbol id="sm-592">
         <name>__aeabi_dmul</name>
         <value>0x2665</value>
         <object_component_ref idref="oc-312"/>
      </symbol>
      <symbol id="sm-5a0">
         <name>__aeabi_d2iz</name>
         <value>0x34a1</value>
         <object_component_ref idref="oc-321"/>
      </symbol>
      <symbol id="sm-5ad">
         <name>frexp</name>
         <value>0x393b</value>
         <object_component_ref idref="oc-336"/>
      </symbol>
      <symbol id="sm-5ba">
         <name>__aeabi_i2d</name>
         <value>0x37f5</value>
         <object_component_ref idref="oc-32c"/>
      </symbol>
      <symbol id="sm-5cb">
         <name>ldexp</name>
         <value>0x34e9</value>
         <object_component_ref idref="oc-33c"/>
      </symbol>
      <symbol id="sm-5da">
         <name>ltoa</name>
         <value>0x33b1</value>
         <object_component_ref idref="oc-326"/>
      </symbol>
      <symbol id="sm-5ea">
         <name>memccpy</name>
         <value>0x39cf</value>
         <object_component_ref idref="oc-34e"/>
      </symbol>
      <symbol id="sm-5fa">
         <name>strchr</name>
         <value>0x3a19</value>
         <object_component_ref idref="oc-342"/>
      </symbol>
      <symbol id="sm-608">
         <name>strlen</name>
         <value>0x3a6d</value>
         <object_component_ref idref="oc-307"/>
      </symbol>
      <symbol id="sm-632">
         <name>__aeabi_uldivmod</name>
         <value>0x1a79</value>
         <object_component_ref idref="oc-302"/>
      </symbol>
      <symbol id="sm-640">
         <name>_Dclass</name>
         <value>0x38a5</value>
         <object_component_ref idref="oc-348"/>
      </symbol>
      <symbol id="sm-661">
         <name>_Dscale</name>
         <value>0x2459</value>
         <object_component_ref idref="oc-389"/>
      </symbol>
      <symbol id="sm-675">
         <name>_Dunscale</name>
         <value>0x31cd</value>
         <object_component_ref idref="oc-381"/>
      </symbol>
      <symbol id="sm-684">
         <name>_Feraise</name>
         <value>0x37c5</value>
         <object_component_ref idref="oc-38f"/>
      </symbol>
      <symbol id="sm-694">
         <name>_Rteps</name>
         <value>0x20002f80</value>
         <object_component_ref idref="oc-3b7"/>
      </symbol>
      <symbol id="sm-695">
         <name>_Zero</name>
         <value>0x20002f98</value>
         <object_component_ref idref="oc-3b7"/>
      </symbol>
      <symbol id="sm-696">
         <name>_Hugeval</name>
         <value>0x20002f40</value>
         <object_component_ref idref="oc-3b7"/>
      </symbol>
      <symbol id="sm-697">
         <name>_Snan</name>
         <value>0x20002f70</value>
         <object_component_ref idref="oc-3b7"/>
      </symbol>
      <symbol id="sm-698">
         <name>_Nan</name>
         <value>0x20002f60</value>
         <object_component_ref idref="oc-3b7"/>
      </symbol>
      <symbol id="sm-699">
         <name>_Inf</name>
         <value>0x20002f50</value>
         <object_component_ref idref="oc-3b7"/>
      </symbol>
      <symbol id="sm-69a">
         <name>_Xbig</name>
         <value>0x20002f90</value>
         <object_component_ref idref="oc-3b7"/>
      </symbol>
      <symbol id="sm-69b">
         <name>_Eps</name>
         <value>0x20002f30</value>
         <object_component_ref idref="oc-3b7"/>
      </symbol>
      <symbol id="sm-69c">
         <name>_Denorm</name>
         <value>0x20002f20</value>
         <object_component_ref idref="oc-3b7"/>
      </symbol>
      <symbol id="sm-6a4">
         <name>_Errno</name>
         <value>0x20002fc8</value>
         <object_component_ref idref="oc-3c2"/>
      </symbol>
      <symbol id="sm-6c2">
         <name>feraiseexcept</name>
         <value>0x375d</value>
         <object_component_ref idref="oc-3bc"/>
      </symbol>
      <symbol id="sm-6c3">
         <name>_Tls_setup__Fenv</name>
         <value>0x20002fc0</value>
         <object_component_ref idref="oc-3e6"/>
      </symbol>
      <symbol id="sm-6c4">
         <name>_Fenv</name>
         <value>0x20002fbc</value>
         <object_component_ref idref="oc-3e6"/>
      </symbol>
      <symbol id="sm-6d8">
         <name>raise</name>
         <value>0x3823</value>
         <object_component_ref idref="oc-3e0"/>
      </symbol>
      <symbol id="sm-6f2">
         <name>signal</name>
         <value>0x35fd</value>
         <object_component_ref idref="oc-3f0"/>
      </symbol>
      <symbol id="sm-707">
         <name>_Dnorm</name>
         <value>0x2a09</value>
         <object_component_ref idref="oc-3ad"/>
      </symbol>
      <symbol id="sm-753">
         <name>ADCProcessorTrigger</name>
         <value>0x39b5</value>
         <object_component_ref idref="oc-230"/>
      </symbol>
      <symbol id="sm-754">
         <name>ADCSequenceEnable</name>
         <value>0x3b1d</value>
         <object_component_ref idref="oc-212"/>
      </symbol>
      <symbol id="sm-755">
         <name>ADCSequenceConfigure</name>
         <value>0x3851</value>
         <object_component_ref idref="oc-206"/>
      </symbol>
      <symbol id="sm-756">
         <name>ADCIntEnable</name>
         <value>0x3aed</value>
         <object_component_ref idref="oc-21e"/>
      </symbol>
      <symbol id="sm-757">
         <name>ADCSequenceStepConfigure</name>
         <value>0x301f</value>
         <object_component_ref idref="oc-20c"/>
      </symbol>
      <symbol id="sm-758">
         <name>ADCIntClear</name>
         <value>0x3b69</value>
         <object_component_ref idref="oc-22a"/>
      </symbol>
      <symbol id="sm-759">
         <name>ADCIntRegister</name>
         <value>0x38d1</value>
         <object_component_ref idref="oc-218"/>
      </symbol>
      <symbol id="sm-75a">
         <name>ADCSequenceDataGet</name>
         <value>0x395d</value>
         <object_component_ref idref="oc-224"/>
      </symbol>
      <symbol id="sm-7e2">
         <name>GPIOPinTypePWM</name>
         <value>0x3aa5</value>
         <object_component_ref idref="oc-1b8"/>
      </symbol>
      <symbol id="sm-7e3">
         <name>GPIOPinIntClear</name>
         <value>0x3bad</value>
         <object_component_ref idref="oc-198"/>
      </symbol>
      <symbol id="sm-7e4">
         <name>GPIOIntTypeSet</name>
         <value>0x363d</value>
         <object_component_ref idref="oc-18c"/>
      </symbol>
      <symbol id="sm-7e5">
         <name>GPIOPinTypeGPIOInput</name>
         <value>0x3a81</value>
         <object_component_ref idref="oc-17a"/>
      </symbol>
      <symbol id="sm-7e6">
         <name>GPIOPinIntEnable</name>
         <value>0x3b45</value>
         <object_component_ref idref="oc-180"/>
      </symbol>
      <symbol id="sm-7e7">
         <name>GPIOPinTypeGPIOOutput</name>
         <value>0x3a93</value>
         <object_component_ref idref="oc-f6"/>
      </symbol>
      <symbol id="sm-7e8">
         <name>GPIOPinRead</name>
         <value>0x3bb3</value>
         <object_component_ref idref="oc-19e"/>
      </symbol>
      <symbol id="sm-7e9">
         <name>GPIODirModeSet</name>
         <value>0x387b</value>
         <object_component_ref idref="oc-170"/>
      </symbol>
      <symbol id="sm-7ea">
         <name>GPIOPinWrite</name>
         <value>0x3bb9</value>
         <object_component_ref idref="oc-102"/>
      </symbol>
      <symbol id="sm-7eb">
         <name>GPIOPadConfigSet</name>
         <value>0x2ac7</value>
         <object_component_ref idref="oc-fc"/>
      </symbol>
      <symbol id="sm-7ec">
         <name>GPIOPinTypeSSI</name>
         <value>0x3ab7</value>
         <object_component_ref idref="oc-298"/>
      </symbol>
      <symbol id="sm-7ed">
         <name>GPIOPortIntRegister</name>
         <value>0x39e9</value>
         <object_component_ref idref="oc-186"/>
      </symbol>
      <symbol id="sm-82e">
         <name>IntEnable</name>
         <value>0x3165</value>
         <object_component_ref idref="oc-192"/>
      </symbol>
      <symbol id="sm-82f">
         <name>IntRegister</name>
         <value>0x3729</value>
         <object_component_ref idref="oc-163"/>
      </symbol>
      <symbol id="sm-830">
         <name>g_pfnRAMVectors</name>
         <value>0x20000000</value>
         <object_component_ref idref="oc-25f"/>
      </symbol>
      <symbol id="sm-831">
         <name>IntMasterEnable</name>
         <value>0x3b73</value>
         <object_component_ref idref="oc-126"/>
      </symbol>
      <symbol id="sm-85e">
         <name>PWMGenPeriodSet</name>
         <value>0x3afd</value>
         <object_component_ref idref="oc-1e4"/>
      </symbol>
      <symbol id="sm-85f">
         <name>PWMPulseWidthSet</name>
         <value>0x397b</value>
         <object_component_ref idref="oc-1ea"/>
      </symbol>
      <symbol id="sm-860">
         <name>PWMOutputState</name>
         <value>0x3ac9</value>
         <object_component_ref idref="oc-1c4"/>
      </symbol>
      <symbol id="sm-861">
         <name>PWMGenEnable</name>
         <value>0x3b7d</value>
         <object_component_ref idref="oc-1ca"/>
      </symbol>
      <symbol id="sm-862">
         <name>PWMGenConfigure</name>
         <value>0x3919</value>
         <object_component_ref idref="oc-1be"/>
      </symbol>
      <symbol id="sm-89b">
         <name>SSIDataPut</name>
         <value>0x3b87</value>
         <object_component_ref idref="oc-283"/>
      </symbol>
      <symbol id="sm-89c">
         <name>SSIDataGetNonBlocking</name>
         <value>0x3adb</value>
         <object_component_ref idref="oc-2a4"/>
      </symbol>
      <symbol id="sm-89d">
         <name>SSIConfigSetExpClk</name>
         <value>0x35b9</value>
         <object_component_ref idref="oc-292"/>
      </symbol>
      <symbol id="sm-89e">
         <name>SSIEnable</name>
         <value>0x3b9b</value>
         <object_component_ref idref="oc-29e"/>
      </symbol>
      <symbol id="sm-89f">
         <name>SSIBusy</name>
         <value>0x3ba5</value>
         <object_component_ref idref="oc-27d"/>
      </symbol>
      <symbol id="sm-8a0">
         <name>SSIDisable</name>
         <value>0x3b91</value>
         <object_component_ref idref="oc-28c"/>
      </symbol>
      <symbol id="sm-916">
         <name>SysCtlClockSet</name>
         <value>0x21d9</value>
         <object_component_ref idref="oc-cc"/>
      </symbol>
      <symbol id="sm-917">
         <name>SysCtlDelay</name>
         <value>0x3bbf</value>
         <object_component_ref idref="oc-159"/>
      </symbol>
      <symbol id="sm-918">
         <name>SysCtlPeripheralEnable</name>
         <value>0x3355</value>
         <object_component_ref idref="oc-f0"/>
      </symbol>
      <symbol id="sm-919">
         <name>SysCtlClockGet</name>
         <value>0x1e59</value>
         <object_component_ref idref="oc-d2"/>
      </symbol>
      <symbol id="sm-946">
         <name>SysTickEnable</name>
         <value>0x3a31</value>
         <object_component_ref idref="oc-ea"/>
      </symbol>
      <symbol id="sm-947">
         <name>SysTickIntRegister</name>
         <value>0x3999</value>
         <object_component_ref idref="oc-de"/>
      </symbol>
      <symbol id="sm-948">
         <name>SysTickIntEnable</name>
         <value>0x3a45</value>
         <object_component_ref idref="oc-e4"/>
      </symbol>
      <symbol id="sm-949">
         <name>SysTickPeriodSet</name>
         <value>0x3b0d</value>
         <object_component_ref idref="oc-d8"/>
      </symbol>
      <symbol id="sm-953">
         <name>CPUcpsie</name>
         <value>0x3b39</value>
         <object_component_ref idref="oc-240"/>
      </symbol>
      <symbol id="sm-954">
         <name>__TI_static_base__</name>
         <value>0x0</value>
      </symbol>
      <symbol id="sm-957">
         <name>SHT$$INIT_ARRAY$$Limit</name>
         <value>0x0</value>
      </symbol>
      <symbol id="sm-958">
         <name>SHT$$INIT_ARRAY$$Base</name>
         <value>0x0</value>
      </symbol>
   </symbol_table>
   <title>Link successful</title>
</link_info>
