<?xml version="1.0"?>
<link_info>
   <banner>TI ARM Linker PC v5.2.4</banner>
   <copyright>Copyright (c) 1996-2015 Texas Instruments Incorporated</copyright>
   <link_time>0x554b40ea</link_time>
   <link_errors>0x0</link_errors>
   <output_file>Milestone 2.1.out</output_file>
   <entry_point>
      <name>_c_int00</name>
      <address>0x2a21</address>
   </entry_point>
   <input_file_list>
      <input_file id="fl-2">
         <path>.\</path>
         <kind>object</kind>
         <file>quadEncoder.obj</file>
         <name>quadEncoder.obj</name>
      </input_file>
      <input_file id="fl-3">
         <path>.\</path>
         <kind>object</kind>
         <file>rit128x96x4.obj</file>
         <name>rit128x96x4.obj</name>
      </input_file>
      <input_file id="fl-4">
         <path>.\</path>
         <kind>object</kind>
         <file>startup_ccs.obj</file>
         <name>startup_ccs.obj</name>
      </input_file>
      <input_file id="fl-5">
         <path>.\</path>
         <kind>object</kind>
         <file>ustdlib.obj</file>
         <name>ustdlib.obj</name>
      </input_file>
      <input_file id="fl-12c">
         <path>D:\Programs\ccsv6\tools\compiler\ti-cgt-arm_5.2.4\lib\</path>
         <kind>archive</kind>
         <file>rtsv7M3_T_le_eabi.lib</file>
         <name>boot.obj</name>
      </input_file>
      <input_file id="fl-12d">
         <path>D:\Programs\ccsv6\tools\compiler\ti-cgt-arm_5.2.4\lib\</path>
         <kind>archive</kind>
         <file>rtsv7M3_T_le_eabi.lib</file>
         <name>copy_decompress_none.obj</name>
      </input_file>
      <input_file id="fl-12e">
         <path>D:\Programs\ccsv6\tools\compiler\ti-cgt-arm_5.2.4\lib\</path>
         <kind>archive</kind>
         <file>rtsv7M3_T_le_eabi.lib</file>
         <name>copy_decompress_rle.obj</name>
      </input_file>
      <input_file id="fl-12f">
         <path>D:\Programs\ccsv6\tools\compiler\ti-cgt-arm_5.2.4\lib\</path>
         <kind>archive</kind>
         <file>rtsv7M3_T_le_eabi.lib</file>
         <name>copy_zero_init.obj</name>
      </input_file>
      <input_file id="fl-130">
         <path>D:\Programs\ccsv6\tools\compiler\ti-cgt-arm_5.2.4\lib\</path>
         <kind>archive</kind>
         <file>rtsv7M3_T_le_eabi.lib</file>
         <name>exit.obj</name>
      </input_file>
      <input_file id="fl-131">
         <path>D:\Programs\ccsv6\tools\compiler\ti-cgt-arm_5.2.4\lib\</path>
         <kind>archive</kind>
         <file>rtsv7M3_T_le_eabi.lib</file>
         <name>memcpy_t2.obj</name>
      </input_file>
      <input_file id="fl-132">
         <path>D:\Programs\ccsv6\tools\compiler\ti-cgt-arm_5.2.4\lib\</path>
         <kind>archive</kind>
         <file>rtsv7M3_T_le_eabi.lib</file>
         <name>memset_t2.obj</name>
      </input_file>
      <input_file id="fl-133">
         <path>D:\Programs\ccsv6\tools\compiler\ti-cgt-arm_5.2.4\lib\</path>
         <kind>archive</kind>
         <file>rtsv7M3_T_le_eabi.lib</file>
         <name>pre_init.obj</name>
      </input_file>
      <input_file id="fl-134">
         <path>D:\Programs\ccsv6\tools\compiler\ti-cgt-arm_5.2.4\lib\</path>
         <kind>archive</kind>
         <file>rtsv7M3_T_le_eabi.lib</file>
         <name>sprintf.obj</name>
      </input_file>
      <input_file id="fl-135">
         <path>D:\Programs\ccsv6\tools\compiler\ti-cgt-arm_5.2.4\lib\</path>
         <kind>archive</kind>
         <file>rtsv7M3_T_le_eabi.lib</file>
         <name>stkdepth_vars.obj</name>
      </input_file>
      <input_file id="fl-136">
         <path>D:\Programs\ccsv6\tools\compiler\ti-cgt-arm_5.2.4\lib\</path>
         <kind>archive</kind>
         <file>rtsv7M3_T_le_eabi.lib</file>
         <name>u_divt2.obj</name>
      </input_file>
      <input_file id="fl-137">
         <path>D:\Programs\ccsv6\tools\compiler\ti-cgt-arm_5.2.4\lib\</path>
         <kind>archive</kind>
         <file>rtsv7M3_T_le_eabi.lib</file>
         <name>_lock.obj</name>
      </input_file>
      <input_file id="fl-138">
         <path>D:\Programs\ccsv6\tools\compiler\ti-cgt-arm_5.2.4\lib\</path>
         <kind>archive</kind>
         <file>rtsv7M3_T_le_eabi.lib</file>
         <name>_printfi.obj</name>
      </input_file>
      <input_file id="fl-139">
         <path>D:\Programs\ccsv6\tools\compiler\ti-cgt-arm_5.2.4\lib\</path>
         <kind>archive</kind>
         <file>rtsv7M3_T_le_eabi.lib</file>
         <name>args_main.obj</name>
      </input_file>
      <input_file id="fl-13a">
         <path>D:\Programs\ccsv6\tools\compiler\ti-cgt-arm_5.2.4\lib\</path>
         <kind>archive</kind>
         <file>rtsv7M3_T_le_eabi.lib</file>
         <name>atoi.obj</name>
      </input_file>
      <input_file id="fl-13b">
         <path>D:\Programs\ccsv6\tools\compiler\ti-cgt-arm_5.2.4\lib\</path>
         <kind>archive</kind>
         <file>rtsv7M3_T_le_eabi.lib</file>
         <name>autoinit.obj</name>
      </input_file>
      <input_file id="fl-13c">
         <path>D:\Programs\ccsv6\tools\compiler\ti-cgt-arm_5.2.4\lib\</path>
         <kind>archive</kind>
         <file>rtsv7M3_T_le_eabi.lib</file>
         <name>cpy_tbl.obj</name>
      </input_file>
      <input_file id="fl-13d">
         <path>D:\Programs\ccsv6\tools\compiler\ti-cgt-arm_5.2.4\lib\</path>
         <kind>archive</kind>
         <file>rtsv7M3_T_le_eabi.lib</file>
         <name>ctype.obj</name>
      </input_file>
      <input_file id="fl-13e">
         <path>D:\Programs\ccsv6\tools\compiler\ti-cgt-arm_5.2.4\lib\</path>
         <kind>archive</kind>
         <file>rtsv7M3_T_le_eabi.lib</file>
         <name>fd_add_t2.obj</name>
      </input_file>
      <input_file id="fl-13f">
         <path>D:\Programs\ccsv6\tools\compiler\ti-cgt-arm_5.2.4\lib\</path>
         <kind>archive</kind>
         <file>rtsv7M3_T_le_eabi.lib</file>
         <name>fd_cmp_t2.obj</name>
      </input_file>
      <input_file id="fl-140">
         <path>D:\Programs\ccsv6\tools\compiler\ti-cgt-arm_5.2.4\lib\</path>
         <kind>archive</kind>
         <file>rtsv7M3_T_le_eabi.lib</file>
         <name>fd_div_t2.obj</name>
      </input_file>
      <input_file id="fl-141">
         <path>D:\Programs\ccsv6\tools\compiler\ti-cgt-arm_5.2.4\lib\</path>
         <kind>archive</kind>
         <file>rtsv7M3_T_le_eabi.lib</file>
         <name>fd_mul_t2.obj</name>
      </input_file>
      <input_file id="fl-142">
         <path>D:\Programs\ccsv6\tools\compiler\ti-cgt-arm_5.2.4\lib\</path>
         <kind>archive</kind>
         <file>rtsv7M3_T_le_eabi.lib</file>
         <name>fd_toi_t2.obj</name>
      </input_file>
      <input_file id="fl-143">
         <path>D:\Programs\ccsv6\tools\compiler\ti-cgt-arm_5.2.4\lib\</path>
         <kind>archive</kind>
         <file>rtsv7M3_T_le_eabi.lib</file>
         <name>frexp.obj</name>
      </input_file>
      <input_file id="fl-144">
         <path>D:\Programs\ccsv6\tools\compiler\ti-cgt-arm_5.2.4\lib\</path>
         <kind>archive</kind>
         <file>rtsv7M3_T_le_eabi.lib</file>
         <name>i_div0.obj</name>
      </input_file>
      <input_file id="fl-145">
         <path>D:\Programs\ccsv6\tools\compiler\ti-cgt-arm_5.2.4\lib\</path>
         <kind>archive</kind>
         <file>rtsv7M3_T_le_eabi.lib</file>
         <name>i_tofd_t2.obj</name>
      </input_file>
      <input_file id="fl-146">
         <path>D:\Programs\ccsv6\tools\compiler\ti-cgt-arm_5.2.4\lib\</path>
         <kind>archive</kind>
         <file>rtsv7M3_T_le_eabi.lib</file>
         <name>ldexp.obj</name>
      </input_file>
      <input_file id="fl-147">
         <path>D:\Programs\ccsv6\tools\compiler\ti-cgt-arm_5.2.4\lib\</path>
         <kind>archive</kind>
         <file>rtsv7M3_T_le_eabi.lib</file>
         <name>ltoa.obj</name>
      </input_file>
      <input_file id="fl-148">
         <path>D:\Programs\ccsv6\tools\compiler\ti-cgt-arm_5.2.4\lib\</path>
         <kind>archive</kind>
         <file>rtsv7M3_T_le_eabi.lib</file>
         <name>memccpy.obj</name>
      </input_file>
      <input_file id="fl-149">
         <path>D:\Programs\ccsv6\tools\compiler\ti-cgt-arm_5.2.4\lib\</path>
         <kind>archive</kind>
         <file>rtsv7M3_T_le_eabi.lib</file>
         <name>strchr.obj</name>
      </input_file>
      <input_file id="fl-14a">
         <path>D:\Programs\ccsv6\tools\compiler\ti-cgt-arm_5.2.4\lib\</path>
         <kind>archive</kind>
         <file>rtsv7M3_T_le_eabi.lib</file>
         <name>strlen.obj</name>
      </input_file>
      <input_file id="fl-14b">
         <path>D:\Programs\ccsv6\tools\compiler\ti-cgt-arm_5.2.4\lib\</path>
         <kind>archive</kind>
         <file>rtsv7M3_T_le_eabi.lib</file>
         <name>ull_div_t2.obj</name>
      </input_file>
      <input_file id="fl-14c">
         <path>D:\Programs\ccsv6\tools\compiler\ti-cgt-arm_5.2.4\lib\</path>
         <kind>archive</kind>
         <file>rtsv7M3_T_le_eabi.lib</file>
         <name>xdclass.obj</name>
      </input_file>
      <input_file id="fl-14d">
         <path>D:\Programs\ccsv6\tools\compiler\ti-cgt-arm_5.2.4\lib\</path>
         <kind>archive</kind>
         <file>rtsv7M3_T_le_eabi.lib</file>
         <name>xdscale.obj</name>
      </input_file>
      <input_file id="fl-14e">
         <path>D:\Programs\ccsv6\tools\compiler\ti-cgt-arm_5.2.4\lib\</path>
         <kind>archive</kind>
         <file>rtsv7M3_T_le_eabi.lib</file>
         <name>xdunscal.obj</name>
      </input_file>
      <input_file id="fl-14f">
         <path>D:\Programs\ccsv6\tools\compiler\ti-cgt-arm_5.2.4\lib\</path>
         <kind>archive</kind>
         <file>rtsv7M3_T_le_eabi.lib</file>
         <name>xferaise.obj</name>
      </input_file>
      <input_file id="fl-150">
         <path>D:\Programs\ccsv6\tools\compiler\ti-cgt-arm_5.2.4\lib\</path>
         <kind>archive</kind>
         <file>rtsv7M3_T_le_eabi.lib</file>
         <name>xvalues.obj</name>
      </input_file>
      <input_file id="fl-151">
         <path>D:\Programs\ccsv6\tools\compiler\ti-cgt-arm_5.2.4\lib\</path>
         <kind>archive</kind>
         <file>rtsv7M3_T_le_eabi.lib</file>
         <name>errno.obj</name>
      </input_file>
      <input_file id="fl-152">
         <path>D:\Programs\ccsv6\tools\compiler\ti-cgt-arm_5.2.4\lib\</path>
         <kind>archive</kind>
         <file>rtsv7M3_T_le_eabi.lib</file>
         <name>feraiseexcept.obj</name>
      </input_file>
      <input_file id="fl-153">
         <path>D:\Programs\ccsv6\tools\compiler\ti-cgt-arm_5.2.4\lib\</path>
         <kind>archive</kind>
         <file>rtsv7M3_T_le_eabi.lib</file>
         <name>raise.obj</name>
      </input_file>
      <input_file id="fl-154">
         <path>D:\Programs\ccsv6\tools\compiler\ti-cgt-arm_5.2.4\lib\</path>
         <kind>archive</kind>
         <file>rtsv7M3_T_le_eabi.lib</file>
         <name>signal.obj</name>
      </input_file>
      <input_file id="fl-155">
         <path>D:\Programs\ccsv6\tools\compiler\ti-cgt-arm_5.2.4\lib\</path>
         <kind>archive</kind>
         <file>rtsv7M3_T_le_eabi.lib</file>
         <name>xdnorm.obj</name>
      </input_file>
      <input_file id="fl-156">
         <path>P:\Courses\ENCE361\StellarisWare\driverlib\ccs-cm3\Debug\</path>
         <kind>archive</kind>
         <file>driverlib-cm3.lib</file>
         <name>gpio.obj</name>
      </input_file>
      <input_file id="fl-157">
         <path>P:\Courses\ENCE361\StellarisWare\driverlib\ccs-cm3\Debug\</path>
         <kind>archive</kind>
         <file>driverlib-cm3.lib</file>
         <name>interrupt.obj</name>
      </input_file>
      <input_file id="fl-158">
         <path>P:\Courses\ENCE361\StellarisWare\driverlib\ccs-cm3\Debug\</path>
         <kind>archive</kind>
         <file>driverlib-cm3.lib</file>
         <name>ssi.obj</name>
      </input_file>
      <input_file id="fl-159">
         <path>P:\Courses\ENCE361\StellarisWare\driverlib\ccs-cm3\Debug\</path>
         <kind>archive</kind>
         <file>driverlib-cm3.lib</file>
         <name>sysctl.obj</name>
      </input_file>
      <input_file id="fl-15a">
         <path>P:\Courses\ENCE361\StellarisWare\driverlib\ccs-cm3\Debug\</path>
         <kind>archive</kind>
         <file>driverlib-cm3.lib</file>
         <name>cpu.obj</name>
      </input_file>
   </input_file_list>
   <object_component_list>
      <object_component id="oc-f">
         <name>.intvecs</name>
         <load_address>0x0</load_address>
         <run_address>0x0</run_address>
         <size>0xf0</size>
         <input_file_ref idref="fl-4"/>
      </object_component>
      <object_component id="oc-199">
         <name>.text</name>
         <load_address>0xf0</load_address>
         <run_address>0xf0</run_address>
         <size>0x109a</size>
         <input_file_ref idref="fl-138"/>
      </object_component>
      <object_component id="oc-e3">
         <name>.text</name>
         <load_address>0x118c</load_address>
         <run_address>0x118c</run_address>
         <size>0x510</size>
         <input_file_ref idref="fl-3"/>
      </object_component>
      <object_component id="oc-1dd">
         <name>.text</name>
         <load_address>0x169c</load_address>
         <run_address>0x169c</run_address>
         <size>0x1f4</size>
         <input_file_ref idref="fl-14b"/>
      </object_component>
      <object_component id="oc-16c">
         <name>.text:SysCtlClockGet</name>
         <load_address>0x1890</load_address>
         <run_address>0x1890</run_address>
         <size>0x1c8</size>
         <input_file_ref idref="fl-159"/>
      </object_component>
      <object_component id="oc-20c">
         <name>.text</name>
         <load_address>0x1a58</load_address>
         <run_address>0x1a58</run_address>
         <size>0x1b6</size>
         <input_file_ref idref="fl-13e"/>
      </object_component>
      <object_component id="oc-98">
         <name>.text</name>
         <load_address>0x1c10</load_address>
         <run_address>0x1c10</run_address>
         <size>0x14c</size>
         <input_file_ref idref="fl-2"/>
      </object_component>
      <object_component id="oc-1f2">
         <name>.text</name>
         <load_address>0x1d5c</load_address>
         <run_address>0x1d5c</run_address>
         <size>0x136</size>
         <input_file_ref idref="fl-140"/>
      </object_component>
      <object_component id="oc-263">
         <name>.text</name>
         <load_address>0x1e94</load_address>
         <run_address>0x1e94</run_address>
         <size>0x110</size>
         <input_file_ref idref="fl-14d"/>
      </object_component>
      <object_component id="oc-143">
         <name>.text:GPIOGetIntNumber</name>
         <load_address>0x1fa4</load_address>
         <run_address>0x1fa4</run_address>
         <size>0xfc</size>
         <input_file_ref idref="fl-156"/>
      </object_component>
      <object_component id="oc-1ed">
         <name>.text</name>
         <load_address>0x20a0</load_address>
         <run_address>0x20a0</run_address>
         <size>0xfc</size>
         <input_file_ref idref="fl-141"/>
      </object_component>
      <object_component id="oc-287">
         <name>.text</name>
         <load_address>0x219c</load_address>
         <run_address>0x219c</run_address>
         <size>0xbe</size>
         <input_file_ref idref="fl-155"/>
      </object_component>
      <object_component id="oc-d1">
         <name>.text:GPIOPadConfigSet</name>
         <load_address>0x225a</load_address>
         <run_address>0x225a</run_address>
         <size>0xb8</size>
         <input_file_ref idref="fl-156"/>
      </object_component>
      <object_component id="oc-33">
         <name>.text</name>
         <load_address>0x2312</load_address>
         <run_address>0x2312</run_address>
         <size>0x9c</size>
         <input_file_ref idref="fl-131"/>
      </object_component>
      <object_component id="oc-1e8">
         <name>.text:__aeabi_cdcmple</name>
         <load_address>0x23ae</load_address>
         <run_address>0x23ae</run_address>
         <size>0x86</size>
         <input_file_ref idref="fl-13f"/>
      </object_component>
      <object_component id="oc-1f7">
         <name>.text:__aeabi_cdrcmple</name>
         <load_address>0x2434</load_address>
         <run_address>0x2434</run_address>
         <size>0x86</size>
         <input_file_ref idref="fl-13f"/>
      </object_component>
      <object_component id="oc-4c">
         <name>.text</name>
         <load_address>0x24ba</load_address>
         <run_address>0x24ba</run_address>
         <size>0x7a</size>
         <input_file_ref idref="fl-132"/>
      </object_component>
      <object_component id="oc-5e">
         <name>.text</name>
         <load_address>0x2534</load_address>
         <run_address>0x2534</run_address>
         <size>0x6c</size>
         <input_file_ref idref="fl-13b"/>
      </object_component>
      <object_component id="oc-3f">
         <name>.text</name>
         <load_address>0x25a0</load_address>
         <run_address>0x25a0</run_address>
         <size>0x6a</size>
         <input_file_ref idref="fl-12e"/>
      </object_component>
      <object_component id="oc-dd">
         <name>.text:IntEnable</name>
         <load_address>0x260c</load_address>
         <run_address>0x260c</run_address>
         <size>0x68</size>
         <input_file_ref idref="fl-157"/>
      </object_component>
      <object_component id="oc-25b">
         <name>.text</name>
         <load_address>0x2674</load_address>
         <run_address>0x2674</run_address>
         <size>0x66</size>
         <input_file_ref idref="fl-14e"/>
      </object_component>
      <object_component id="oc-101">
         <name>.text</name>
         <load_address>0x26dc</load_address>
         <run_address>0x26dc</run_address>
         <size>0x60</size>
         <input_file_ref idref="fl-134"/>
      </object_component>
      <object_component id="oc-b9">
         <name>.text:SysCtlPeripheralEnable</name>
         <load_address>0x273c</load_address>
         <run_address>0x273c</run_address>
         <size>0x5c</size>
         <input_file_ref idref="fl-159"/>
      </object_component>
      <object_component id="oc-201">
         <name>.text</name>
         <load_address>0x2798</load_address>
         <run_address>0x2798</run_address>
         <size>0x56</size>
         <input_file_ref idref="fl-147"/>
      </object_component>
      <object_component id="oc-22f">
         <name>.text</name>
         <load_address>0x27f0</load_address>
         <run_address>0x27f0</run_address>
         <size>0x4c</size>
         <input_file_ref idref="fl-13a"/>
      </object_component>
      <object_component id="oc-90">
         <name>.text</name>
         <load_address>0x283c</load_address>
         <run_address>0x283c</run_address>
         <size>0x4c</size>
         <input_file_ref idref="fl-13c"/>
      </object_component>
      <object_component id="oc-1fc">
         <name>.text</name>
         <load_address>0x2888</load_address>
         <run_address>0x2888</run_address>
         <size>0x48</size>
         <input_file_ref idref="fl-142"/>
      </object_component>
      <object_component id="oc-217">
         <name>.text</name>
         <load_address>0x28d0</load_address>
         <run_address>0x28d0</run_address>
         <size>0x46</size>
         <input_file_ref idref="fl-146"/>
      </object_component>
      <object_component id="oc-6a">
         <name>.text</name>
         <load_address>0x2918</load_address>
         <run_address>0x2918</run_address>
         <size>0x44</size>
         <input_file_ref idref="fl-130"/>
      </object_component>
      <object_component id="oc-172">
         <name>.text:SSIConfigSetExpClk</name>
         <load_address>0x295c</load_address>
         <run_address>0x295c</run_address>
         <size>0x42</size>
         <input_file_ref idref="fl-158"/>
      </object_component>
      <object_component id="oc-2ca">
         <name>.text</name>
         <load_address>0x29a0</load_address>
         <run_address>0x29a0</run_address>
         <size>0x40</size>
         <input_file_ref idref="fl-154"/>
      </object_component>
      <object_component id="oc-d7">
         <name>.text:GPIOIntTypeSet</name>
         <load_address>0x29e0</load_address>
         <run_address>0x29e0</run_address>
         <size>0x3e</size>
         <input_file_ref idref="fl-156"/>
      </object_component>
      <object_component id="oc-24">
         <name>.text</name>
         <load_address>0x2a20</load_address>
         <run_address>0x2a20</run_address>
         <size>0x3c</size>
         <input_file_ref idref="fl-12c"/>
      </object_component>
      <object_component id="oc-149">
         <name>.text:IntRegister</name>
         <load_address>0x2a5c</load_address>
         <run_address>0x2a5c</run_address>
         <size>0x34</size>
         <input_file_ref idref="fl-157"/>
      </object_component>
      <object_component id="oc-296">
         <name>.text</name>
         <load_address>0x2a90</load_address>
         <run_address>0x2a90</run_address>
         <size>0x34</size>
         <input_file_ref idref="fl-152"/>
      </object_component>
      <object_component id="oc-269">
         <name>.text</name>
         <load_address>0x2ac4</load_address>
         <run_address>0x2ac4</run_address>
         <size>0x30</size>
         <input_file_ref idref="fl-14f"/>
      </object_component>
      <object_component id="oc-207">
         <name>.text</name>
         <load_address>0x2af4</load_address>
         <run_address>0x2af4</run_address>
         <size>0x2e</size>
         <input_file_ref idref="fl-145"/>
      </object_component>
      <object_component id="oc-2ba">
         <name>.text</name>
         <load_address>0x2b22</load_address>
         <run_address>0x2b22</run_address>
         <size>0x2e</size>
         <input_file_ref idref="fl-153"/>
      </object_component>
      <object_component id="oc-13a">
         <name>.text:GPIODirModeSet</name>
         <load_address>0x2b50</load_address>
         <run_address>0x2b50</run_address>
         <size>0x2a</size>
         <input_file_ref idref="fl-156"/>
      </object_component>
      <object_component id="oc-223">
         <name>.text</name>
         <load_address>0x2b7a</load_address>
         <run_address>0x2b7a</run_address>
         <size>0x2a</size>
         <input_file_ref idref="fl-14c"/>
      </object_component>
      <object_component id="oc-211">
         <name>.text</name>
         <load_address>0x2ba4</load_address>
         <run_address>0x2ba4</run_address>
         <size>0x22</size>
         <input_file_ref idref="fl-143"/>
      </object_component>
      <object_component id="oc-229">
         <name>.text</name>
         <load_address>0x2bc6</load_address>
         <run_address>0x2bc6</run_address>
         <size>0x1a</size>
         <input_file_ref idref="fl-148"/>
      </object_component>
      <object_component id="oc-cb">
         <name>.text:GPIOPortIntRegister</name>
         <load_address>0x2be0</load_address>
         <run_address>0x2be0</run_address>
         <size>0x18</size>
         <input_file_ref idref="fl-156"/>
      </object_component>
      <object_component id="oc-64">
         <name>.text</name>
         <load_address>0x2bf8</load_address>
         <run_address>0x2bf8</run_address>
         <size>0x18</size>
         <input_file_ref idref="fl-139"/>
      </object_component>
      <object_component id="oc-21d">
         <name>.text</name>
         <load_address>0x2c10</load_address>
         <run_address>0x2c10</run_address>
         <size>0x16</size>
         <input_file_ref idref="fl-149"/>
      </object_component>
      <object_component id="oc-11f">
         <name>.text</name>
         <load_address>0x2c28</load_address>
         <run_address>0x2c28</run_address>
         <size>0x14</size>
         <input_file_ref idref="fl-137"/>
      </object_component>
      <object_component id="oc-1e2">
         <name>.text</name>
         <load_address>0x2c3c</load_address>
         <run_address>0x2c3c</run_address>
         <size>0x14</size>
         <input_file_ref idref="fl-14a"/>
      </object_component>
      <object_component id="oc-bf">
         <name>.text:GPIOPinTypeGPIOInput</name>
         <load_address>0x2c50</load_address>
         <run_address>0x2c50</run_address>
         <size>0x12</size>
         <input_file_ref idref="fl-156"/>
      </object_component>
      <object_component id="oc-e9">
         <name>.text:GPIOPinTypeGPIOOutput</name>
         <load_address>0x2c62</load_address>
         <run_address>0x2c62</run_address>
         <size>0x12</size>
         <input_file_ref idref="fl-156"/>
      </object_component>
      <object_component id="oc-178">
         <name>.text:GPIOPinTypeSSI</name>
         <load_address>0x2c74</load_address>
         <run_address>0x2c74</run_address>
         <size>0x12</size>
         <input_file_ref idref="fl-156"/>
      </object_component>
      <object_component id="oc-184">
         <name>.text:SSIDataGetNonBlocking</name>
         <load_address>0x2c86</load_address>
         <run_address>0x2c86</run_address>
         <size>0x12</size>
         <input_file_ref idref="fl-158"/>
      </object_component>
      <object_component id="oc-12">
         <name>.text:decompress:none</name>
         <load_address>0x2c98</load_address>
         <run_address>0x2c98</run_address>
         <size>0xe</size>
         <input_file_ref idref="fl-12d"/>
      </object_component>
      <object_component id="oc-1a6">
         <name>.text:CPUcpsie</name>
         <load_address>0x2ca6</load_address>
         <run_address>0x2ca6</run_address>
         <size>0xc</size>
         <input_file_ref idref="fl-15a"/>
      </object_component>
      <object_component id="oc-c5">
         <name>.text:GPIOPinIntEnable</name>
         <load_address>0x2cb2</load_address>
         <run_address>0x2cb2</run_address>
         <size>0xc</size>
         <input_file_ref idref="fl-156"/>
      </object_component>
      <object_component id="oc-1e">
         <name>.text:decompress:ZI</name>
         <load_address>0x2cbe</load_address>
         <run_address>0x2cbe</run_address>
         <size>0xc</size>
         <input_file_ref idref="fl-12f"/>
      </object_component>
      <object_component id="oc-2a">
         <name>.text</name>
         <load_address>0x2cca</load_address>
         <run_address>0x2cca</run_address>
         <size>0xc</size>
         <input_file_ref idref="fl-4"/>
      </object_component>
      <object_component id="oc-107">
         <name>.text:IntMasterEnable</name>
         <load_address>0x2cd6</load_address>
         <run_address>0x2cd6</run_address>
         <size>0xa</size>
         <input_file_ref idref="fl-157"/>
      </object_component>
      <object_component id="oc-15d">
         <name>.text:SSIDataPut</name>
         <load_address>0x2ce0</load_address>
         <run_address>0x2ce0</run_address>
         <size>0xa</size>
         <input_file_ref idref="fl-158"/>
      </object_component>
      <object_component id="oc-166">
         <name>.text:SSIDisable</name>
         <load_address>0x2cea</load_address>
         <run_address>0x2cea</run_address>
         <size>0xa</size>
         <input_file_ref idref="fl-158"/>
      </object_component>
      <object_component id="oc-17e">
         <name>.text:SSIEnable</name>
         <load_address>0x2cf4</load_address>
         <run_address>0x2cf4</run_address>
         <size>0xa</size>
         <input_file_ref idref="fl-158"/>
      </object_component>
      <object_component id="oc-157">
         <name>.text:SSIBusy</name>
         <load_address>0x2cfe</load_address>
         <run_address>0x2cfe</run_address>
         <size>0x8</size>
         <input_file_ref idref="fl-158"/>
      </object_component>
      <object_component id="oc-f5">
         <name>.text:GPIOPinIntClear</name>
         <load_address>0x2d06</load_address>
         <run_address>0x2d06</run_address>
         <size>0x6</size>
         <input_file_ref idref="fl-156"/>
      </object_component>
      <object_component id="oc-fb">
         <name>.text:GPIOPinRead</name>
         <load_address>0x2d0c</load_address>
         <run_address>0x2d0c</run_address>
         <size>0x6</size>
         <input_file_ref idref="fl-156"/>
      </object_component>
      <object_component id="oc-ef">
         <name>.text:GPIOPinWrite</name>
         <load_address>0x2d12</load_address>
         <run_address>0x2d12</run_address>
         <size>0x6</size>
         <input_file_ref idref="fl-156"/>
      </object_component>
      <object_component id="oc-18">
         <name>.text:decompress:rle24</name>
         <load_address>0x2d18</load_address>
         <run_address>0x2d18</run_address>
         <size>0x6</size>
         <input_file_ref idref="fl-12e"/>
      </object_component>
      <object_component id="oc-58">
         <name>.text</name>
         <load_address>0x2d1e</load_address>
         <run_address>0x2d1e</run_address>
         <size>0x4</size>
         <input_file_ref idref="fl-133"/>
      </object_component>
      <object_component id="oc-18e">
         <name>.const:g_pucFont</name>
         <load_address>0x2d24</load_address>
         <run_address>0x2d24</run_address>
         <size>0x1e0</size>
         <input_file_ref idref="fl-3"/>
      </object_component>
      <object_component id="oc-277">
         <name>.const:.string:_ctypes_</name>
         <load_address>0x2f04</load_address>
         <run_address>0x2f04</run_address>
         <size>0x101</size>
         <input_file_ref idref="fl-13d"/>
      </object_component>
      <object_component id="oc-152">
         <name>.const</name>
         <load_address>0x3008</load_address>
         <run_address>0x3008</run_address>
         <size>0x70</size>
         <input_file_ref idref="fl-157"/>
      </object_component>
      <object_component id="oc-1cf">
         <name>.const:g_pulXtals</name>
         <load_address>0x3078</load_address>
         <run_address>0x3078</run_address>
         <size>0x6c</size>
         <input_file_ref idref="fl-159"/>
      </object_component>
      <object_component id="oc-191">
         <name>.const:.string:g_pucRIT128x96x4Init</name>
         <load_address>0x30e4</load_address>
         <run_address>0x30e4</run_address>
         <size>0x4f</size>
         <input_file_ref idref="fl-3"/>
      </object_component>
      <object_component id="oc-134">
         <name>.const</name>
         <load_address>0x3134</load_address>
         <run_address>0x3134</run_address>
         <size>0x40</size>
         <input_file_ref idref="fl-159"/>
      </object_component>
      <object_component id="oc-110">
         <name>.const:.string</name>
         <load_address>0x3174</load_address>
         <run_address>0x3174</run_address>
         <size>0x10</size>
         <input_file_ref idref="fl-2"/>
      </object_component>
      <object_component id="oc-18b">
         <name>.const:.string</name>
         <load_address>0x3184</load_address>
         <run_address>0x3184</run_address>
         <size>0xc</size>
         <input_file_ref idref="fl-3"/>
      </object_component>
      <object_component id="oc-311">
         <name>.cinit..data.load</name>
         <load_address>0x3190</load_address>
         <run_address>0x3190</run_address>
         <size>0x41</size>
      </object_component>
      <object_component id="oc-30e">
         <name>__TI_handler_table</name>
         <load_address>0x31d4</load_address>
         <run_address>0x31d4</run_address>
         <size>0xc</size>
      </object_component>
      <object_component id="oc-312">
         <name>.cinit..bss.load</name>
         <load_address>0x31e0</load_address>
         <run_address>0x31e0</run_address>
         <size>0x8</size>
      </object_component>
      <object_component id="oc-310">
         <name>.cinit..vtable.load</name>
         <load_address>0x31e8</load_address>
         <run_address>0x31e8</run_address>
         <size>0x8</size>
      </object_component>
      <object_component id="oc-30f">
         <name>__TI_cinit_table</name>
         <load_address>0x31f0</load_address>
         <run_address>0x31f0</run_address>
         <size>0x18</size>
      </object_component>
      <object_component id="oc-1c1">
         <name>.vtable</name>
         <uninitialized>true</uninitialized>
         <run_address>0x20000000</run_address>
         <size>0x26c</size>
         <input_file_ref idref="fl-157"/>
      </object_component>
      <object_component id="oc-29">
         <name>.stack</name>
         <uninitialized>true</uninitialized>
         <run_address>0x2000026c</run_address>
         <size>0x0</size>
         <input_file_ref idref="fl-12c"/>
      </object_component>
      <object_component id="oc-313">
         <name>.stack</name>
         <uninitialized>true</uninitialized>
         <run_address>0x2000026c</run_address>
         <size>0x0</size>
      </object_component>
      <object_component id="oc-163">
         <name>.common:g_ulSSIFlags</name>
         <uninitialized>true</uninitialized>
         <run_address>0x200005cc</run_address>
         <size>0x4</size>
      </object_component>
      <object_component id="oc-18a">
         <name>.common:g_pucBuffer</name>
         <uninitialized>true</uninitialized>
         <run_address>0x200005c4</run_address>
         <size>0x8</size>
      </object_component>
      <object_component id="oc-10d">
         <name>.data</name>
         <load_address>0x200005c0</load_address>
         <run_address>0x200005c0</run_address>
         <size>0x3</size>
         <input_file_ref idref="fl-2"/>
      </object_component>
      <object_component id="oc-a3">
         <name>.data</name>
         <load_address>0x200005a8</load_address>
         <run_address>0x200005a8</run_address>
         <size>0x8</size>
         <input_file_ref idref="fl-130"/>
      </object_component>
      <object_component id="oc-70">
         <name>.data</name>
         <load_address>0x200005bc</load_address>
         <run_address>0x200005bc</run_address>
         <size>0x4</size>
         <input_file_ref idref="fl-135"/>
      </object_component>
      <object_component id="oc-a0">
         <name>.data</name>
         <load_address>0x200005a0</load_address>
         <run_address>0x200005a0</run_address>
         <size>0x8</size>
         <input_file_ref idref="fl-137"/>
      </object_component>
      <object_component id="oc-291">
         <name>.data</name>
         <load_address>0x20000520</load_address>
         <run_address>0x20000520</run_address>
         <size>0x80</size>
         <input_file_ref idref="fl-150"/>
      </object_component>
      <object_component id="oc-29c">
         <name>.data</name>
         <load_address>0x200005b8</load_address>
         <run_address>0x200005b8</run_address>
         <size>0x4</size>
         <input_file_ref idref="fl-151"/>
      </object_component>
      <object_component id="oc-2c0">
         <name>.data</name>
         <load_address>0x200005b0</load_address>
         <run_address>0x200005b0</run_address>
         <size>0x8</size>
         <input_file_ref idref="fl-152"/>
      </object_component>
      <object_component id="oc-2db">
         <name>.data:sigtable</name>
         <load_address>0x20000470</load_address>
         <run_address>0x20000470</run_address>
         <size>0xb0</size>
         <input_file_ref idref="fl-154"/>
      </object_component>
      <object_component id="oc-117">
         <name>.debug_info</name>
         <load_address>0x0</load_address>
         <run_address>0x0</run_address>
         <size>0x46f</size>
         <input_file_ref idref="fl-2"/>
      </object_component>
      <object_component id="oc-10e">
         <name>.debug_info</name>
         <load_address>0x46f</load_address>
         <run_address>0x46f</run_address>
         <size>0xe5</size>
         <input_file_ref idref="fl-2"/>
      </object_component>
      <object_component id="oc-99">
         <name>.debug_info</name>
         <load_address>0x554</load_address>
         <run_address>0x554</run_address>
         <size>0x53d</size>
         <input_file_ref idref="fl-2"/>
      </object_component>
      <object_component id="oc-77">
         <name>.debug_info</name>
         <load_address>0xa91</load_address>
         <run_address>0xa91</run_address>
         <size>0x84</size>
         <input_file_ref idref="fl-2"/>
      </object_component>
      <object_component id="oc-112">
         <name>.debug_info</name>
         <load_address>0xb15</load_address>
         <run_address>0xb15</run_address>
         <size>0x18b</size>
         <input_file_ref idref="fl-2"/>
      </object_component>
      <object_component id="oc-1ad">
         <name>.debug_info</name>
         <load_address>0xca0</load_address>
         <run_address>0xca0</run_address>
         <size>0x2c</size>
         <input_file_ref idref="fl-2"/>
      </object_component>
      <object_component id="oc-1a1">
         <name>.debug_info</name>
         <load_address>0xccc</load_address>
         <run_address>0xccc</run_address>
         <size>0x4e</size>
         <input_file_ref idref="fl-2"/>
      </object_component>
      <object_component id="oc-164">
         <name>.debug_info</name>
         <load_address>0xd1a</load_address>
         <run_address>0xd1a</run_address>
         <size>0x448</size>
         <input_file_ref idref="fl-3"/>
      </object_component>
      <object_component id="oc-18c">
         <name>.debug_info</name>
         <load_address>0x1162</load_address>
         <run_address>0x1162</run_address>
         <size>0x18e</size>
         <input_file_ref idref="fl-3"/>
      </object_component>
      <object_component id="oc-18f">
         <name>.debug_info</name>
         <load_address>0x12f0</load_address>
         <run_address>0x12f0</run_address>
         <size>0x120</size>
         <input_file_ref idref="fl-3"/>
      </object_component>
      <object_component id="oc-192">
         <name>.debug_info</name>
         <load_address>0x1410</load_address>
         <run_address>0x1410</run_address>
         <size>0x136</size>
         <input_file_ref idref="fl-3"/>
      </object_component>
      <object_component id="oc-e6">
         <name>.debug_info</name>
         <load_address>0x1546</load_address>
         <run_address>0x1546</run_address>
         <size>0x10cc</size>
         <input_file_ref idref="fl-3"/>
      </object_component>
      <object_component id="oc-32">
         <name>.debug_info</name>
         <load_address>0x2612</load_address>
         <run_address>0x2612</run_address>
         <size>0x108</size>
         <input_file_ref idref="fl-4"/>
      </object_component>
      <object_component id="oc-10">
         <name>.debug_info</name>
         <load_address>0x271a</load_address>
         <run_address>0x271a</run_address>
         <size>0xee</size>
         <input_file_ref idref="fl-4"/>
      </object_component>
      <object_component id="oc-2c">
         <name>.debug_info</name>
         <load_address>0x2808</load_address>
         <run_address>0x2808</run_address>
         <size>0x1f9</size>
         <input_file_ref idref="fl-4"/>
      </object_component>
      <object_component id="oc-87">
         <name>.debug_info</name>
         <load_address>0x2a01</load_address>
         <run_address>0x2a01</run_address>
         <size>0x2c</size>
         <input_file_ref idref="fl-5"/>
      </object_component>
      <object_component id="oc-25">
         <name>.debug_info</name>
         <load_address>0x2a2d</load_address>
         <run_address>0x2a2d</run_address>
         <size>0x136</size>
         <input_file_ref idref="fl-12c"/>
      </object_component>
      <object_component id="oc-3e">
         <name>.debug_info</name>
         <load_address>0x2b63</load_address>
         <run_address>0x2b63</run_address>
         <size>0x123</size>
         <input_file_ref idref="fl-12d"/>
      </object_component>
      <object_component id="oc-16">
         <name>.debug_info</name>
         <load_address>0x2c86</load_address>
         <run_address>0x2c86</run_address>
         <size>0x1c2</size>
         <input_file_ref idref="fl-12d"/>
      </object_component>
      <object_component id="oc-39">
         <name>.debug_info</name>
         <load_address>0x2e48</load_address>
         <run_address>0x2e48</run_address>
         <size>0x46</size>
         <input_file_ref idref="fl-12d"/>
      </object_component>
      <object_component id="oc-7d">
         <name>.debug_info</name>
         <load_address>0x2e8e</load_address>
         <run_address>0x2e8e</run_address>
         <size>0x2c</size>
         <input_file_ref idref="fl-12d"/>
      </object_component>
      <object_component id="oc-46">
         <name>.debug_info</name>
         <load_address>0x2eba</load_address>
         <run_address>0x2eba</run_address>
         <size>0x117</size>
         <input_file_ref idref="fl-12e"/>
      </object_component>
      <object_component id="oc-43">
         <name>.debug_info</name>
         <load_address>0x2fd1</load_address>
         <run_address>0x2fd1</run_address>
         <size>0x22a</size>
         <input_file_ref idref="fl-12e"/>
      </object_component>
      <object_component id="oc-1c">
         <name>.debug_info</name>
         <load_address>0x31fb</load_address>
         <run_address>0x31fb</run_address>
         <size>0x194</size>
         <input_file_ref idref="fl-12e"/>
      </object_component>
      <object_component id="oc-47">
         <name>.debug_info</name>
         <load_address>0x338f</load_address>
         <run_address>0x338f</run_address>
         <size>0x39</size>
         <input_file_ref idref="fl-12e"/>
      </object_component>
      <object_component id="oc-57">
         <name>.debug_info</name>
         <load_address>0x33c8</load_address>
         <run_address>0x33c8</run_address>
         <size>0x112</size>
         <input_file_ref idref="fl-12f"/>
      </object_component>
      <object_component id="oc-1f">
         <name>.debug_info</name>
         <load_address>0x34da</load_address>
         <run_address>0x34da</run_address>
         <size>0x18d</size>
         <input_file_ref idref="fl-12f"/>
      </object_component>
      <object_component id="oc-52">
         <name>.debug_info</name>
         <load_address>0x3667</load_address>
         <run_address>0x3667</run_address>
         <size>0x46</size>
         <input_file_ref idref="fl-12f"/>
      </object_component>
      <object_component id="oc-a7">
         <name>.debug_info</name>
         <load_address>0x36ad</load_address>
         <run_address>0x36ad</run_address>
         <size>0x174</size>
         <input_file_ref idref="fl-130"/>
      </object_component>
      <object_component id="oc-a4">
         <name>.debug_info</name>
         <load_address>0x3821</load_address>
         <run_address>0x3821</run_address>
         <size>0x119</size>
         <input_file_ref idref="fl-130"/>
      </object_component>
      <object_component id="oc-6b">
         <name>.debug_info</name>
         <load_address>0x393a</load_address>
         <run_address>0x393a</run_address>
         <size>0x1f0</size>
         <input_file_ref idref="fl-130"/>
      </object_component>
      <object_component id="oc-34">
         <name>.debug_info</name>
         <load_address>0x3b2a</load_address>
         <run_address>0x3b2a</run_address>
         <size>0xf8</size>
         <input_file_ref idref="fl-131"/>
      </object_component>
      <object_component id="oc-4f">
         <name>.debug_info</name>
         <load_address>0x3c22</load_address>
         <run_address>0x3c22</run_address>
         <size>0x126</size>
         <input_file_ref idref="fl-132"/>
      </object_component>
      <object_component id="oc-5b">
         <name>.debug_info</name>
         <load_address>0x3d48</load_address>
         <run_address>0x3d48</run_address>
         <size>0x12b</size>
         <input_file_ref idref="fl-133"/>
      </object_component>
      <object_component id="oc-1a0">
         <name>.debug_info</name>
         <load_address>0x3e73</load_address>
         <run_address>0x3e73</run_address>
         <size>0x19e</size>
         <input_file_ref idref="fl-134"/>
      </object_component>
      <object_component id="oc-104">
         <name>.debug_info</name>
         <load_address>0x4011</load_address>
         <run_address>0x4011</run_address>
         <size>0x2c7</size>
         <input_file_ref idref="fl-134"/>
      </object_component>
      <object_component id="oc-23c">
         <name>.debug_info</name>
         <load_address>0x42d8</load_address>
         <run_address>0x42d8</run_address>
         <size>0x2c</size>
         <input_file_ref idref="fl-134"/>
      </object_component>
      <object_component id="oc-71">
         <name>.debug_info</name>
         <load_address>0x4304</load_address>
         <run_address>0x4304</run_address>
         <size>0xec</size>
         <input_file_ref idref="fl-135"/>
      </object_component>
      <object_component id="oc-127">
         <name>.debug_info</name>
         <load_address>0x43f0</load_address>
         <run_address>0x43f0</run_address>
         <size>0x107</size>
         <input_file_ref idref="fl-137"/>
      </object_component>
      <object_component id="oc-a1">
         <name>.debug_info</name>
         <load_address>0x44f7</load_address>
         <run_address>0x44f7</run_address>
         <size>0xf6</size>
         <input_file_ref idref="fl-137"/>
      </object_component>
      <object_component id="oc-122">
         <name>.debug_info</name>
         <load_address>0x45ed</load_address>
         <run_address>0x45ed</run_address>
         <size>0x202</size>
         <input_file_ref idref="fl-137"/>
      </object_component>
      <object_component id="oc-236">
         <name>.debug_info</name>
         <load_address>0x47ef</load_address>
         <run_address>0x47ef</run_address>
         <size>0x3a9</size>
         <input_file_ref idref="fl-138"/>
      </object_component>
      <object_component id="oc-19d">
         <name>.debug_info</name>
         <load_address>0x4b98</load_address>
         <run_address>0x4b98</run_address>
         <size>0x17ea</size>
         <input_file_ref idref="fl-138"/>
      </object_component>
      <object_component id="oc-237">
         <name>.debug_info</name>
         <load_address>0x6382</load_address>
         <run_address>0x6382</run_address>
         <size>0x86</size>
         <input_file_ref idref="fl-138"/>
      </object_component>
      <object_component id="oc-27e">
         <name>.debug_info</name>
         <load_address>0x6408</load_address>
         <run_address>0x6408</run_address>
         <size>0x46</size>
         <input_file_ref idref="fl-138"/>
      </object_component>
      <object_component id="oc-241">
         <name>.debug_info</name>
         <load_address>0x644e</load_address>
         <run_address>0x644e</run_address>
         <size>0x39</size>
         <input_file_ref idref="fl-138"/>
      </object_component>
      <object_component id="oc-9f">
         <name>.debug_info</name>
         <load_address>0x6487</load_address>
         <run_address>0x6487</run_address>
         <size>0x149</size>
         <input_file_ref idref="fl-139"/>
      </object_component>
      <object_component id="oc-67">
         <name>.debug_info</name>
         <load_address>0x65d0</load_address>
         <run_address>0x65d0</run_address>
         <size>0x14a</size>
         <input_file_ref idref="fl-139"/>
      </object_component>
      <object_component id="oc-11a">
         <name>.debug_info</name>
         <load_address>0x671a</load_address>
         <run_address>0x671a</run_address>
         <size>0x5e</size>
         <input_file_ref idref="fl-139"/>
      </object_component>
      <object_component id="oc-27b">
         <name>.debug_info</name>
         <load_address>0x6778</load_address>
         <run_address>0x6778</run_address>
         <size>0xf7</size>
         <input_file_ref idref="fl-13a"/>
      </object_component>
      <object_component id="oc-232">
         <name>.debug_info</name>
         <load_address>0x686f</load_address>
         <run_address>0x686f</run_address>
         <size>0x154</size>
         <input_file_ref idref="fl-13a"/>
      </object_component>
      <object_component id="oc-97">
         <name>.debug_info</name>
         <load_address>0x69c3</load_address>
         <run_address>0x69c3</run_address>
         <size>0x2a0</size>
         <input_file_ref idref="fl-13b"/>
      </object_component>
      <object_component id="oc-62">
         <name>.debug_info</name>
         <load_address>0x6c63</load_address>
         <run_address>0x6c63</run_address>
         <size>0x194</size>
         <input_file_ref idref="fl-13b"/>
      </object_component>
      <object_component id="oc-af">
         <name>.debug_info</name>
         <load_address>0x6df7</load_address>
         <run_address>0x6df7</run_address>
         <size>0x39</size>
         <input_file_ref idref="fl-13b"/>
      </object_component>
      <object_component id="oc-b4">
         <name>.debug_info</name>
         <load_address>0x6e30</load_address>
         <run_address>0x6e30</run_address>
         <size>0xcd</size>
         <input_file_ref idref="fl-13b"/>
      </object_component>
      <object_component id="oc-ac">
         <name>.debug_info</name>
         <load_address>0x6efd</load_address>
         <run_address>0x6efd</run_address>
         <size>0x1c3</size>
         <input_file_ref idref="fl-13c"/>
      </object_component>
      <object_component id="oc-93">
         <name>.debug_info</name>
         <load_address>0x70c0</load_address>
         <run_address>0x70c0</run_address>
         <size>0x166</size>
         <input_file_ref idref="fl-13c"/>
      </object_component>
      <object_component id="oc-12f">
         <name>.debug_info</name>
         <load_address>0x7226</load_address>
         <run_address>0x7226</run_address>
         <size>0x2c</size>
         <input_file_ref idref="fl-13c"/>
      </object_component>
      <object_component id="oc-2aa">
         <name>.debug_info</name>
         <load_address>0x7252</load_address>
         <run_address>0x7252</run_address>
         <size>0xd1</size>
         <input_file_ref idref="fl-13d"/>
      </object_component>
      <object_component id="oc-278">
         <name>.debug_info</name>
         <load_address>0x7323</load_address>
         <run_address>0x7323</run_address>
         <size>0xdd</size>
         <input_file_ref idref="fl-13d"/>
      </object_component>
      <object_component id="oc-20e">
         <name>.debug_info</name>
         <load_address>0x7400</load_address>
         <run_address>0x7400</run_address>
         <size>0x12b</size>
         <input_file_ref idref="fl-13e"/>
      </object_component>
      <object_component id="oc-1e9">
         <name>.debug_info</name>
         <load_address>0x752b</load_address>
         <run_address>0x752b</run_address>
         <size>0x107</size>
         <input_file_ref idref="fl-13f"/>
      </object_component>
      <object_component id="oc-1f8">
         <name>.debug_info</name>
         <load_address>0x7632</load_address>
         <run_address>0x7632</run_address>
         <size>0x109</size>
         <input_file_ref idref="fl-13f"/>
      </object_component>
      <object_component id="oc-1f5">
         <name>.debug_info</name>
         <load_address>0x773b</load_address>
         <run_address>0x773b</run_address>
         <size>0x119</size>
         <input_file_ref idref="fl-140"/>
      </object_component>
      <object_component id="oc-1f0">
         <name>.debug_info</name>
         <load_address>0x7854</load_address>
         <run_address>0x7854</run_address>
         <size>0x119</size>
         <input_file_ref idref="fl-141"/>
      </object_component>
      <object_component id="oc-1fe">
         <name>.debug_info</name>
         <load_address>0x796d</load_address>
         <run_address>0x796d</run_address>
         <size>0x10d</size>
         <input_file_ref idref="fl-142"/>
      </object_component>
      <object_component id="oc-262">
         <name>.debug_info</name>
         <load_address>0x7a7a</load_address>
         <run_address>0x7a7a</run_address>
         <size>0x16f</size>
         <input_file_ref idref="fl-143"/>
      </object_component>
      <object_component id="oc-214">
         <name>.debug_info</name>
         <load_address>0x7be9</load_address>
         <run_address>0x7be9</run_address>
         <size>0x16f</size>
         <input_file_ref idref="fl-143"/>
      </object_component>
      <object_component id="oc-208">
         <name>.debug_info</name>
         <load_address>0x7d58</load_address>
         <run_address>0x7d58</run_address>
         <size>0x10b</size>
         <input_file_ref idref="fl-145"/>
      </object_component>
      <object_component id="oc-270">
         <name>.debug_info</name>
         <load_address>0x7e63</load_address>
         <run_address>0x7e63</run_address>
         <size>0x171</size>
         <input_file_ref idref="fl-146"/>
      </object_component>
      <object_component id="oc-218">
         <name>.debug_info</name>
         <load_address>0x7fd4</load_address>
         <run_address>0x7fd4</run_address>
         <size>0x166</size>
         <input_file_ref idref="fl-146"/>
      </object_component>
      <object_component id="oc-258">
         <name>.debug_info</name>
         <load_address>0x813a</load_address>
         <run_address>0x813a</run_address>
         <size>0x12f</size>
         <input_file_ref idref="fl-147"/>
      </object_component>
      <object_component id="oc-204">
         <name>.debug_info</name>
         <load_address>0x8269</load_address>
         <run_address>0x8269</run_address>
         <size>0x1a5</size>
         <input_file_ref idref="fl-147"/>
      </object_component>
      <object_component id="oc-276">
         <name>.debug_info</name>
         <load_address>0x840e</load_address>
         <run_address>0x840e</run_address>
         <size>0xd4</size>
         <input_file_ref idref="fl-148"/>
      </object_component>
      <object_component id="oc-22a">
         <name>.debug_info</name>
         <load_address>0x84e2</load_address>
         <run_address>0x84e2</run_address>
         <size>0x18e</size>
         <input_file_ref idref="fl-148"/>
      </object_component>
      <object_component id="oc-272">
         <name>.debug_info</name>
         <load_address>0x8670</load_address>
         <run_address>0x8670</run_address>
         <size>0xd8</size>
         <input_file_ref idref="fl-149"/>
      </object_component>
      <object_component id="oc-220">
         <name>.debug_info</name>
         <load_address>0x8748</load_address>
         <run_address>0x8748</run_address>
         <size>0x1f7</size>
         <input_file_ref idref="fl-149"/>
      </object_component>
      <object_component id="oc-251">
         <name>.debug_info</name>
         <load_address>0x893f</load_address>
         <run_address>0x893f</run_address>
         <size>0xcd</size>
         <input_file_ref idref="fl-14a"/>
      </object_component>
      <object_component id="oc-1e3">
         <name>.debug_info</name>
         <load_address>0x8a0c</load_address>
         <run_address>0x8a0c</run_address>
         <size>0x1dd</size>
         <input_file_ref idref="fl-14a"/>
      </object_component>
      <object_component id="oc-1df">
         <name>.debug_info</name>
         <load_address>0x8be9</load_address>
         <run_address>0x8be9</run_address>
         <size>0x164</size>
         <input_file_ref idref="fl-14b"/>
      </object_component>
      <object_component id="oc-274">
         <name>.debug_info</name>
         <load_address>0x8d4d</load_address>
         <run_address>0x8d4d</run_address>
         <size>0x122</size>
         <input_file_ref idref="fl-14c"/>
      </object_component>
      <object_component id="oc-227">
         <name>.debug_info</name>
         <load_address>0x8e6f</load_address>
         <run_address>0x8e6f</run_address>
         <size>0x136</size>
         <input_file_ref idref="fl-14c"/>
      </object_component>
      <object_component id="oc-295">
         <name>.debug_info</name>
         <load_address>0x8fa5</load_address>
         <run_address>0x8fa5</run_address>
         <size>0x182</size>
         <input_file_ref idref="fl-14d"/>
      </object_component>
      <object_component id="oc-264">
         <name>.debug_info</name>
         <load_address>0x9127</load_address>
         <run_address>0x9127</run_address>
         <size>0x194</size>
         <input_file_ref idref="fl-14d"/>
      </object_component>
      <object_component id="oc-2b3">
         <name>.debug_info</name>
         <load_address>0x92bb</load_address>
         <run_address>0x92bb</run_address>
         <size>0x86</size>
         <input_file_ref idref="fl-14d"/>
      </object_component>
      <object_component id="oc-28e">
         <name>.debug_info</name>
         <load_address>0x9341</load_address>
         <run_address>0x9341</run_address>
         <size>0x16c</size>
         <input_file_ref idref="fl-14e"/>
      </object_component>
      <object_component id="oc-25e">
         <name>.debug_info</name>
         <load_address>0x94ad</load_address>
         <run_address>0x94ad</run_address>
         <size>0x175</size>
         <input_file_ref idref="fl-14e"/>
      </object_component>
      <object_component id="oc-26a">
         <name>.debug_info</name>
         <load_address>0x9622</load_address>
         <run_address>0x9622</run_address>
         <size>0x155</size>
         <input_file_ref idref="fl-14f"/>
      </object_component>
      <object_component id="oc-292">
         <name>.debug_info</name>
         <load_address>0x9777</load_address>
         <run_address>0x9777</run_address>
         <size>0x1b7</size>
         <input_file_ref idref="fl-150"/>
      </object_component>
      <object_component id="oc-29d">
         <name>.debug_info</name>
         <load_address>0x992e</load_address>
         <run_address>0x992e</run_address>
         <size>0xd8</size>
         <input_file_ref idref="fl-151"/>
      </object_component>
      <object_component id="oc-2d9">
         <name>.debug_info</name>
         <load_address>0x9a06</load_address>
         <run_address>0x9a06</run_address>
         <size>0x1af</size>
         <input_file_ref idref="fl-152"/>
      </object_component>
      <object_component id="oc-2c1">
         <name>.debug_info</name>
         <load_address>0x9bb5</load_address>
         <run_address>0x9bb5</run_address>
         <size>0x110</size>
         <input_file_ref idref="fl-152"/>
      </object_component>
      <object_component id="oc-297">
         <name>.debug_info</name>
         <load_address>0x9cc5</load_address>
         <run_address>0x9cc5</run_address>
         <size>0x171</size>
         <input_file_ref idref="fl-152"/>
      </object_component>
      <object_component id="oc-2d4">
         <name>.debug_info</name>
         <load_address>0x9e36</load_address>
         <run_address>0x9e36</run_address>
         <size>0x6f</size>
         <input_file_ref idref="fl-152"/>
      </object_component>
      <object_component id="oc-2d1">
         <name>.debug_info</name>
         <load_address>0x9ea5</load_address>
         <run_address>0x9ea5</run_address>
         <size>0xff</size>
         <input_file_ref idref="fl-153"/>
      </object_component>
      <object_component id="oc-2bb">
         <name>.debug_info</name>
         <load_address>0x9fa4</load_address>
         <run_address>0x9fa4</run_address>
         <size>0x156</size>
         <input_file_ref idref="fl-153"/>
      </object_component>
      <object_component id="oc-2e2">
         <name>.debug_info</name>
         <load_address>0xa0fa</load_address>
         <run_address>0xa0fa</run_address>
         <size>0x2c</size>
         <input_file_ref idref="fl-153"/>
      </object_component>
      <object_component id="oc-2df">
         <name>.debug_info</name>
         <load_address>0xa126</load_address>
         <run_address>0xa126</run_address>
         <size>0x11f</size>
         <input_file_ref idref="fl-154"/>
      </object_component>
      <object_component id="oc-2dc">
         <name>.debug_info</name>
         <load_address>0xa245</load_address>
         <run_address>0xa245</run_address>
         <size>0xdd</size>
         <input_file_ref idref="fl-154"/>
      </object_component>
      <object_component id="oc-2cd">
         <name>.debug_info</name>
         <load_address>0xa322</load_address>
         <run_address>0xa322</run_address>
         <size>0x16c</size>
         <input_file_ref idref="fl-154"/>
      </object_component>
      <object_component id="oc-2ae">
         <name>.debug_info</name>
         <load_address>0xa48e</load_address>
         <run_address>0xa48e</run_address>
         <size>0x137</size>
         <input_file_ref idref="fl-155"/>
      </object_component>
      <object_component id="oc-28a">
         <name>.debug_info</name>
         <load_address>0xa5c5</load_address>
         <run_address>0xa5c5</run_address>
         <size>0x14f</size>
         <input_file_ref idref="fl-155"/>
      </object_component>
      <object_component id="oc-141">
         <name>.debug_info</name>
         <load_address>0xa714</load_address>
         <run_address>0xa714</run_address>
         <size>0x1b5</size>
         <input_file_ref idref="fl-156"/>
      </object_component>
      <object_component id="oc-144">
         <name>.debug_info</name>
         <load_address>0xa8c9</load_address>
         <run_address>0xa8c9</run_address>
         <size>0x21a</size>
         <input_file_ref idref="fl-156"/>
      </object_component>
      <object_component id="oc-cc">
         <name>.debug_info</name>
         <load_address>0xaae3</load_address>
         <run_address>0xaae3</run_address>
         <size>0x234</size>
         <input_file_ref idref="fl-156"/>
      </object_component>
      <object_component id="oc-f0">
         <name>.debug_info</name>
         <load_address>0xad17</load_address>
         <run_address>0xad17</run_address>
         <size>0x1f7</size>
         <input_file_ref idref="fl-156"/>
      </object_component>
      <object_component id="oc-13b">
         <name>.debug_info</name>
         <load_address>0xaf0e</load_address>
         <run_address>0xaf0e</run_address>
         <size>0x203</size>
         <input_file_ref idref="fl-156"/>
      </object_component>
      <object_component id="oc-d2">
         <name>.debug_info</name>
         <load_address>0xb111</load_address>
         <run_address>0xb111</run_address>
         <size>0x249</size>
         <input_file_ref idref="fl-156"/>
      </object_component>
      <object_component id="oc-179">
         <name>.debug_info</name>
         <load_address>0xb35a</load_address>
         <run_address>0xb35a</run_address>
         <size>0x201</size>
         <input_file_ref idref="fl-156"/>
      </object_component>
      <object_component id="oc-ea">
         <name>.debug_info</name>
         <load_address>0xb55b</load_address>
         <run_address>0xb55b</run_address>
         <size>0x20f</size>
         <input_file_ref idref="fl-156"/>
      </object_component>
      <object_component id="oc-c0">
         <name>.debug_info</name>
         <load_address>0xb76a</load_address>
         <run_address>0xb76a</run_address>
         <size>0x20d</size>
         <input_file_ref idref="fl-156"/>
      </object_component>
      <object_component id="oc-fc">
         <name>.debug_info</name>
         <load_address>0xb977</load_address>
         <run_address>0xb977</run_address>
         <size>0x1d3</size>
         <input_file_ref idref="fl-156"/>
      </object_component>
      <object_component id="oc-c6">
         <name>.debug_info</name>
         <load_address>0xbb4a</load_address>
         <run_address>0xbb4a</run_address>
         <size>0x1d9</size>
         <input_file_ref idref="fl-156"/>
      </object_component>
      <object_component id="oc-f6">
         <name>.debug_info</name>
         <load_address>0xbd23</load_address>
         <run_address>0xbd23</run_address>
         <size>0x1d7</size>
         <input_file_ref idref="fl-156"/>
      </object_component>
      <object_component id="oc-da">
         <name>.debug_info</name>
         <load_address>0xbefa</load_address>
         <run_address>0xbefa</run_address>
         <size>0x20b</size>
         <input_file_ref idref="fl-156"/>
      </object_component>
      <object_component id="oc-156">
         <name>.debug_info</name>
         <load_address>0xc105</load_address>
         <run_address>0xc105</run_address>
         <size>0x1bc</size>
         <input_file_ref idref="fl-157"/>
      </object_component>
      <object_component id="oc-153">
         <name>.debug_info</name>
         <load_address>0xc2c1</load_address>
         <run_address>0xc2c1</run_address>
         <size>0x1ac</size>
         <input_file_ref idref="fl-157"/>
      </object_component>
      <object_component id="oc-1c2">
         <name>.debug_info</name>
         <load_address>0xc46d</load_address>
         <run_address>0xc46d</run_address>
         <size>0x10b</size>
         <input_file_ref idref="fl-157"/>
      </object_component>
      <object_component id="oc-14a">
         <name>.debug_info</name>
         <load_address>0xc578</load_address>
         <run_address>0xc578</run_address>
         <size>0x219</size>
         <input_file_ref idref="fl-157"/>
      </object_component>
      <object_component id="oc-109">
         <name>.debug_info</name>
         <load_address>0xc791</load_address>
         <run_address>0xc791</run_address>
         <size>0x1a2</size>
         <input_file_ref idref="fl-157"/>
      </object_component>
      <object_component id="oc-df">
         <name>.debug_info</name>
         <load_address>0xc933</load_address>
         <run_address>0xc933</run_address>
         <size>0x1c4</size>
         <input_file_ref idref="fl-157"/>
      </object_component>
      <object_component id="oc-1ca">
         <name>.debug_info</name>
         <load_address>0xcaf7</load_address>
         <run_address>0xcaf7</run_address>
         <size>0x1bf</size>
         <input_file_ref idref="fl-158"/>
      </object_component>
      <object_component id="oc-17f">
         <name>.debug_info</name>
         <load_address>0xccb6</load_address>
         <run_address>0xccb6</run_address>
         <size>0x19e</size>
         <input_file_ref idref="fl-158"/>
      </object_component>
      <object_component id="oc-167">
         <name>.debug_info</name>
         <load_address>0xce54</load_address>
         <run_address>0xce54</run_address>
         <size>0x1a0</size>
         <input_file_ref idref="fl-158"/>
      </object_component>
      <object_component id="oc-15e">
         <name>.debug_info</name>
         <load_address>0xcff4</load_address>
         <run_address>0xcff4</run_address>
         <size>0x1ca</size>
         <input_file_ref idref="fl-158"/>
      </object_component>
      <object_component id="oc-185">
         <name>.debug_info</name>
         <load_address>0xd1be</load_address>
         <run_address>0xd1be</run_address>
         <size>0x1ee</size>
         <input_file_ref idref="fl-158"/>
      </object_component>
      <object_component id="oc-173">
         <name>.debug_info</name>
         <load_address>0xd3ac</load_address>
         <run_address>0xd3ac</run_address>
         <size>0x300</size>
         <input_file_ref idref="fl-158"/>
      </object_component>
      <object_component id="oc-158">
         <name>.debug_info</name>
         <load_address>0xd6ac</load_address>
         <run_address>0xd6ac</run_address>
         <size>0x19e</size>
         <input_file_ref idref="fl-158"/>
      </object_component>
      <object_component id="oc-138">
         <name>.debug_info</name>
         <load_address>0xd84a</load_address>
         <run_address>0xd84a</run_address>
         <size>0x2aa</size>
         <input_file_ref idref="fl-159"/>
      </object_component>
      <object_component id="oc-135">
         <name>.debug_info</name>
         <load_address>0xdaf4</load_address>
         <run_address>0xdaf4</run_address>
         <size>0x1a7</size>
         <input_file_ref idref="fl-159"/>
      </object_component>
      <object_component id="oc-1d0">
         <name>.debug_info</name>
         <load_address>0xdc9b</load_address>
         <run_address>0xdc9b</run_address>
         <size>0xfd</size>
         <input_file_ref idref="fl-159"/>
      </object_component>
      <object_component id="oc-ba">
         <name>.debug_info</name>
         <load_address>0xdd98</load_address>
         <run_address>0xdd98</run_address>
         <size>0x1d9</size>
         <input_file_ref idref="fl-159"/>
      </object_component>
      <object_component id="oc-16d">
         <name>.debug_info</name>
         <load_address>0xdf71</load_address>
         <run_address>0xdf71</run_address>
         <size>0x207</size>
         <input_file_ref idref="fl-159"/>
      </object_component>
      <object_component id="oc-1a8">
         <name>.debug_info</name>
         <load_address>0xe178</load_address>
         <run_address>0xe178</run_address>
         <size>0x176</size>
         <input_file_ref idref="fl-15a"/>
      </object_component>
      <object_component id="oc-314">
         <name>.debug_info</name>
         <load_address>0xe2ee</load_address>
         <run_address>0xe2ee</run_address>
         <size>0xb5</size>
      </object_component>
      <object_component id="oc-1b5">
         <name>.debug_line</name>
         <load_address>0x0</load_address>
         <run_address>0x0</run_address>
         <size>0x158</size>
         <input_file_ref idref="fl-2"/>
      </object_component>
      <object_component id="oc-1b3">
         <name>.debug_line</name>
         <load_address>0x158</load_address>
         <run_address>0x158</run_address>
         <size>0x34</size>
         <input_file_ref idref="fl-2"/>
      </object_component>
      <object_component id="oc-9d">
         <name>.debug_line</name>
         <load_address>0x18c</load_address>
         <run_address>0x18c</run_address>
         <size>0xeb</size>
         <input_file_ref idref="fl-2"/>
      </object_component>
      <object_component id="oc-7a">
         <name>.debug_line</name>
         <load_address>0x277</load_address>
         <run_address>0x277</run_address>
         <size>0x20</size>
         <input_file_ref idref="fl-2"/>
      </object_component>
      <object_component id="oc-115">
         <name>.debug_line</name>
         <load_address>0x297</load_address>
         <run_address>0x297</run_address>
         <size>0x66</size>
         <input_file_ref idref="fl-2"/>
      </object_component>
      <object_component id="oc-1b0">
         <name>.debug_line</name>
         <load_address>0x2fd</load_address>
         <run_address>0x2fd</run_address>
         <size>0x53</size>
         <input_file_ref idref="fl-2"/>
      </object_component>
      <object_component id="oc-1a4">
         <name>.debug_line</name>
         <load_address>0x350</load_address>
         <run_address>0x350</run_address>
         <size>0x66</size>
         <input_file_ref idref="fl-2"/>
      </object_component>
      <object_component id="oc-1cd">
         <name>.debug_line</name>
         <load_address>0x3b6</load_address>
         <run_address>0x3b6</run_address>
         <size>0x10d</size>
         <input_file_ref idref="fl-3"/>
      </object_component>
      <object_component id="oc-1d8">
         <name>.debug_line</name>
         <load_address>0x4c3</load_address>
         <run_address>0x4c3</run_address>
         <size>0x6d</size>
         <input_file_ref idref="fl-3"/>
      </object_component>
      <object_component id="oc-1da">
         <name>.debug_line</name>
         <load_address>0x530</load_address>
         <run_address>0x530</run_address>
         <size>0x6d</size>
         <input_file_ref idref="fl-3"/>
      </object_component>
      <object_component id="oc-1dc">
         <name>.debug_line</name>
         <load_address>0x59d</load_address>
         <run_address>0x59d</run_address>
         <size>0x6d</size>
         <input_file_ref idref="fl-3"/>
      </object_component>
      <object_component id="oc-e5">
         <name>.debug_line</name>
         <load_address>0x60a</load_address>
         <run_address>0x60a</run_address>
         <size>0x2b8</size>
         <input_file_ref idref="fl-3"/>
      </object_component>
      <object_component id="oc-76">
         <name>.debug_line</name>
         <load_address>0x8c2</load_address>
         <run_address>0x8c2</run_address>
         <size>0x34</size>
         <input_file_ref idref="fl-4"/>
      </object_component>
      <object_component id="oc-31">
         <name>.debug_line</name>
         <load_address>0x8f6</load_address>
         <run_address>0x8f6</run_address>
         <size>0x34</size>
         <input_file_ref idref="fl-4"/>
      </object_component>
      <object_component id="oc-2b">
         <name>.debug_line</name>
         <load_address>0x92a</load_address>
         <run_address>0x92a</run_address>
         <size>0x94</size>
         <input_file_ref idref="fl-4"/>
      </object_component>
      <object_component id="oc-8a">
         <name>.debug_line</name>
         <load_address>0x9be</load_address>
         <run_address>0x9be</run_address>
         <size>0x66</size>
         <input_file_ref idref="fl-5"/>
      </object_component>
      <object_component id="oc-28">
         <name>.debug_line</name>
         <load_address>0xa24</load_address>
         <run_address>0xa24</run_address>
         <size>0x4c</size>
         <input_file_ref idref="fl-12c"/>
      </object_component>
      <object_component id="oc-83">
         <name>.debug_line</name>
         <load_address>0xa70</load_address>
         <run_address>0xa70</run_address>
         <size>0x72</size>
         <input_file_ref idref="fl-12d"/>
      </object_component>
      <object_component id="oc-13">
         <name>.debug_line</name>
         <load_address>0xae2</load_address>
         <run_address>0xae2</run_address>
         <size>0x55</size>
         <input_file_ref idref="fl-12d"/>
      </object_component>
      <object_component id="oc-3c">
         <name>.debug_line</name>
         <load_address>0xb37</load_address>
         <run_address>0xb37</run_address>
         <size>0x3a</size>
         <input_file_ref idref="fl-12d"/>
      </object_component>
      <object_component id="oc-80">
         <name>.debug_line</name>
         <load_address>0xb71</load_address>
         <run_address>0xb71</run_address>
         <size>0x72</size>
         <input_file_ref idref="fl-12d"/>
      </object_component>
      <object_component id="oc-86">
         <name>.debug_line</name>
         <load_address>0xbe3</load_address>
         <run_address>0xbe3</run_address>
         <size>0x72</size>
         <input_file_ref idref="fl-12e"/>
      </object_component>
      <object_component id="oc-41">
         <name>.debug_line</name>
         <load_address>0xc55</load_address>
         <run_address>0xc55</run_address>
         <size>0x98</size>
         <input_file_ref idref="fl-12e"/>
      </object_component>
      <object_component id="oc-19">
         <name>.debug_line</name>
         <load_address>0xced</load_address>
         <run_address>0xced</run_address>
         <size>0x4b</size>
         <input_file_ref idref="fl-12e"/>
      </object_component>
      <object_component id="oc-4a">
         <name>.debug_line</name>
         <load_address>0xd38</load_address>
         <run_address>0xd38</run_address>
         <size>0x39</size>
         <input_file_ref idref="fl-12e"/>
      </object_component>
      <object_component id="oc-8e">
         <name>.debug_line</name>
         <load_address>0xd71</load_address>
         <run_address>0xd71</run_address>
         <size>0x72</size>
         <input_file_ref idref="fl-12f"/>
      </object_component>
      <object_component id="oc-22">
         <name>.debug_line</name>
         <load_address>0xde3</load_address>
         <run_address>0xde3</run_address>
         <size>0x4f</size>
         <input_file_ref idref="fl-12f"/>
      </object_component>
      <object_component id="oc-55">
         <name>.debug_line</name>
         <load_address>0xe32</load_address>
         <run_address>0xe32</run_address>
         <size>0x34</size>
         <input_file_ref idref="fl-12f"/>
      </object_component>
      <object_component id="oc-12c">
         <name>.debug_line</name>
         <load_address>0xe66</load_address>
         <run_address>0xe66</run_address>
         <size>0x71</size>
         <input_file_ref idref="fl-130"/>
      </object_component>
      <object_component id="oc-12a">
         <name>.debug_line</name>
         <load_address>0xed7</load_address>
         <run_address>0xed7</run_address>
         <size>0x2a</size>
         <input_file_ref idref="fl-130"/>
      </object_component>
      <object_component id="oc-6e">
         <name>.debug_line</name>
         <load_address>0xf01</load_address>
         <run_address>0xf01</run_address>
         <size>0x7a</size>
         <input_file_ref idref="fl-130"/>
      </object_component>
      <object_component id="oc-37">
         <name>.debug_line</name>
         <load_address>0xf7b</load_address>
         <run_address>0xf7b</run_address>
         <size>0x88</size>
         <input_file_ref idref="fl-131"/>
      </object_component>
      <object_component id="oc-4d">
         <name>.debug_line</name>
         <load_address>0x1003</load_address>
         <run_address>0x1003</run_address>
         <size>0x79</size>
         <input_file_ref idref="fl-132"/>
      </object_component>
      <object_component id="oc-5a">
         <name>.debug_line</name>
         <load_address>0x107c</load_address>
         <run_address>0x107c</run_address>
         <size>0x40</size>
         <input_file_ref idref="fl-133"/>
      </object_component>
      <object_component id="oc-247">
         <name>.debug_line</name>
         <load_address>0x10bc</load_address>
         <run_address>0x10bc</run_address>
         <size>0x7f</size>
         <input_file_ref idref="fl-134"/>
      </object_component>
      <object_component id="oc-102">
         <name>.debug_line</name>
         <load_address>0x113b</load_address>
         <run_address>0x113b</run_address>
         <size>0x83</size>
         <input_file_ref idref="fl-134"/>
      </object_component>
      <object_component id="oc-23f">
         <name>.debug_line</name>
         <load_address>0x11be</load_address>
         <run_address>0x11be</run_address>
         <size>0x71</size>
         <input_file_ref idref="fl-134"/>
      </object_component>
      <object_component id="oc-aa">
         <name>.debug_line</name>
         <load_address>0x122f</load_address>
         <run_address>0x122f</run_address>
         <size>0x33</size>
         <input_file_ref idref="fl-135"/>
      </object_component>
      <object_component id="oc-1b8">
         <name>.debug_line</name>
         <load_address>0x1262</load_address>
         <run_address>0x1262</run_address>
         <size>0x20</size>
         <input_file_ref idref="fl-137"/>
      </object_component>
      <object_component id="oc-126">
         <name>.debug_line</name>
         <load_address>0x1282</load_address>
         <run_address>0x1282</run_address>
         <size>0x2b</size>
         <input_file_ref idref="fl-137"/>
      </object_component>
      <object_component id="oc-121">
         <name>.debug_line</name>
         <load_address>0x12ad</load_address>
         <run_address>0x12ad</run_address>
         <size>0x68</size>
         <input_file_ref idref="fl-137"/>
      </object_component>
      <object_component id="oc-27d">
[...]
            <compression>rle</compression>
         </cprec>
         <cprec>
            <name>.bss</name>
            <load_address>0x31e0</load_address>
            <load_size>0x8</load_size>
            <run_address>0x200005c4</run_address>
            <run_size>0xc</run_size>
            <compression>zero_init</compression>
         </cprec>
         <cprec>
            <name>.vtable</name>
            <load_address>0x31e8</load_address>
            <load_size>0x8</load_size>
            <run_address>0x20000000</run_address>
            <run_size>0x26c</run_size>
            <compression>zero_init</compression>
         </cprec>
      </cptbl>
   </cptbl_list>
   <handler_table>
      <handler_table_name>__TI_handler_table</handler_table_name>
      <handler>
         <index>0x0</index>
         <name>__TI_zero_init</name>
      </handler>
      <handler>
         <index>0x1</index>
         <name>__TI_decompress_rle24</name>
      </handler>
      <handler>
         <index>0x2</index>
         <name>__TI_decompress_none</name>
      </handler>
   </handler_table>
   <symbol_table>
      <symbol id="sm-1">
         <name>__STACK_TOP</name>
         <value>0x2000046c</value>
      </symbol>
      <symbol id="sm-2">
         <name>__TI_CINIT_Base</name>
         <value>0x31f0</value>
      </symbol>
      <symbol id="sm-3">
         <name>__TI_CINIT_Limit</name>
         <value>0x3208</value>
      </symbol>
      <symbol id="sm-4">
         <name>__TI_Handler_Table_Base</name>
         <value>0x31d4</value>
      </symbol>
      <symbol id="sm-5">
         <name>__TI_Handler_Table_Limit</name>
         <value>0x31e0</value>
      </symbol>
      <symbol id="sm-6">
         <name>binit</name>
         <value>0xffffffff</value>
      </symbol>
      <symbol id="sm-7">
         <name>__binit__</name>
         <value>0xffffffff</value>
      </symbol>
      <symbol id="sm-8">
         <name>__STACK_SIZE</name>
         <value>0x200</value>
      </symbol>
      <symbol id="sm-9">
         <name>__STACK_END</name>
         <value>0x2000046c</value>
      </symbol>
      <symbol id="sm-a">
         <name>__c_args__</name>
         <value>0xffffffff</value>
      </symbol>
      <symbol id="sm-5e">
         <name>Quad_Decoder_ISR</name>
         <value>0x1c7d</value>
         <object_component_ref idref="oc-98"/>
      </symbol>
      <symbol id="sm-5f">
         <name>main</name>
         <value>0x1d15</value>
         <object_component_ref idref="oc-98"/>
      </symbol>
      <symbol id="sm-60">
         <name>Display_Val</name>
         <value>0x1ceb</value>
         <object_component_ref idref="oc-98"/>
      </symbol>
      <symbol id="sm-61">
         <name>Init_Pins</name>
         <value>0x1c11</value>
         <object_component_ref idref="oc-98"/>
      </symbol>
      <symbol id="sm-62">
         <name>Init_Ref_Pin</name>
         <value>0x1c55</value>
         <object_component_ref idref="oc-98"/>
      </symbol>
      <symbol id="sm-63">
         <name>Get_Yaw</name>
         <value>0x1cd5</value>
         <object_component_ref idref="oc-98"/>
      </symbol>
      <symbol id="sm-d4">
         <name>RIT128x96x4StringDraw</name>
         <value>0x12f1</value>
         <object_component_ref idref="oc-e3"/>
      </symbol>
      <symbol id="sm-d5">
         <name>RIT128x96x4DisplayOn</name>
         <value>0x1631</value>
         <object_component_ref idref="oc-e3"/>
      </symbol>
      <symbol id="sm-d6">
         <name>RIT128x96x4Enable</name>
         <value>0x14b9</value>
         <object_component_ref idref="oc-e3"/>
      </symbol>
      <symbol id="sm-d7">
         <name>RIT128x96x4Clear</name>
         <value>0x1295</value>
         <object_component_ref idref="oc-e3"/>
      </symbol>
      <symbol id="sm-d8">
         <name>RIT128x96x4Disable</name>
         <value>0x1513</value>
         <object_component_ref idref="oc-e3"/>
      </symbol>
      <symbol id="sm-d9">
         <name>RIT128x96x4DisplayOff</name>
         <value>0x1665</value>
         <object_component_ref idref="oc-e3"/>
      </symbol>
      <symbol id="sm-da">
         <name>RIT128x96x4ImageDraw</name>
         <value>0x1431</value>
         <object_component_ref idref="oc-e3"/>
      </symbol>
      <symbol id="sm-db">
         <name>RIT128x96x4Init</name>
         <value>0x158d</value>
         <object_component_ref idref="oc-e3"/>
      </symbol>
      <symbol id="sm-f7">
         <name>ResetISR</name>
         <value>0x2ccb</value>
         <object_component_ref idref="oc-2a"/>
      </symbol>
      <symbol id="sm-f8">
         <name>g_pfnVectors</name>
         <value>0x0</value>
         <object_component_ref idref="oc-f"/>
      </symbol>
      <symbol id="sm-10e">
         <name>_c_int00</name>
         <value>0x2a21</value>
         <object_component_ref idref="oc-24"/>
      </symbol>
      <symbol id="sm-10f">
         <name>__stack</name>
         <value>0x2000026c</value>
         <object_component_ref idref="oc-29"/>
      </symbol>
      <symbol id="sm-126">
         <name>__TI_decompress_none</name>
         <value>0x2c99</value>
         <object_component_ref idref="oc-12"/>
      </symbol>
      <symbol id="sm-149">
         <name>__TI_decompress_rle24</name>
         <value>0x2d19</value>
         <object_component_ref idref="oc-18"/>
      </symbol>
      <symbol id="sm-15b">
         <name>__TI_zero_init</name>
         <value>0x2cbf</value>
         <object_component_ref idref="oc-1e"/>
      </symbol>
      <symbol id="sm-17a">
         <name>C$$EXIT</name>
         <value>0x2919</value>
         <object_component_ref idref="oc-6a"/>
      </symbol>
      <symbol id="sm-17b">
         <name>abort</name>
         <value>0x291d</value>
         <object_component_ref idref="oc-6a"/>
      </symbol>
      <symbol id="sm-17c">
         <name>exit</name>
         <value>0x2925</value>
         <object_component_ref idref="oc-6a"/>
      </symbol>
      <symbol id="sm-17d">
         <name>__TI_dtors_ptr</name>
         <value>0x200005ac</value>
         <object_component_ref idref="oc-a3"/>
      </symbol>
      <symbol id="sm-17e">
         <name>__TI_cleanup_ptr</name>
         <value>0x200005a8</value>
         <object_component_ref idref="oc-a3"/>
      </symbol>
      <symbol id="sm-199">
         <name>memcpy</name>
         <value>0x2313</value>
         <object_component_ref idref="oc-33"/>
      </symbol>
      <symbol id="sm-19a">
         <name>__aeabi_memcpy</name>
         <value>0x2313</value>
         <object_component_ref idref="oc-33"/>
      </symbol>
      <symbol id="sm-19b">
         <name>__aeabi_memcpy8</name>
         <value>0x2313</value>
         <object_component_ref idref="oc-33"/>
      </symbol>
      <symbol id="sm-19c">
         <name>__aeabi_memcpy4</name>
         <value>0x2313</value>
         <object_component_ref idref="oc-33"/>
      </symbol>
      <symbol id="sm-1ab">
         <name>__aeabi_memset</name>
         <value>0x24bd</value>
         <object_component_ref idref="oc-4c"/>
      </symbol>
      <symbol id="sm-1ac">
         <name>memset</name>
         <value>0x24c3</value>
         <object_component_ref idref="oc-4c"/>
      </symbol>
      <symbol id="sm-1ad">
         <name>__aeabi_memset8</name>
         <value>0x24bd</value>
         <object_component_ref idref="oc-4c"/>
      </symbol>
      <symbol id="sm-1ae">
         <name>__aeabi_memset4</name>
         <value>0x24bd</value>
         <object_component_ref idref="oc-4c"/>
      </symbol>
      <symbol id="sm-1af">
         <name>__aeabi_memclr8</name>
         <value>0x24bb</value>
         <object_component_ref idref="oc-4c"/>
      </symbol>
      <symbol id="sm-1b0">
         <name>__aeabi_memclr4</name>
         <value>0x24bb</value>
         <object_component_ref idref="oc-4c"/>
      </symbol>
      <symbol id="sm-1b1">
         <name>__aeabi_memclr</name>
         <value>0x24bb</value>
         <object_component_ref idref="oc-4c"/>
      </symbol>
      <symbol id="sm-1bb">
         <name>_system_pre_init</name>
         <value>0x2d1f</value>
         <object_component_ref idref="oc-58"/>
      </symbol>
      <symbol id="sm-1d4">
         <name>sprintf</name>
         <value>0x26dd</value>
         <object_component_ref idref="oc-101"/>
      </symbol>
      <symbol id="sm-1dc">
         <name>main_func_sp</name>
         <value>0x200005bc</value>
         <object_component_ref idref="oc-70"/>
      </symbol>
      <symbol id="sm-1f9">
         <name>_nop</name>
         <value>0x2c37</value>
         <object_component_ref idref="oc-11f"/>
      </symbol>
      <symbol id="sm-1fa">
         <name>_lock</name>
         <value>0x200005a0</value>
         <object_component_ref idref="oc-a0"/>
      </symbol>
      <symbol id="sm-1fb">
         <name>_unlock</name>
         <value>0x200005a4</value>
         <object_component_ref idref="oc-a0"/>
      </symbol>
      <symbol id="sm-1fc">
         <name>_register_lock</name>
         <value>0x2c2f</value>
         <object_component_ref idref="oc-11f"/>
      </symbol>
      <symbol id="sm-1fd">
         <name>_register_unlock</name>
         <value>0x2c29</value>
         <object_component_ref idref="oc-11f"/>
      </symbol>
      <symbol id="sm-302">
         <name>__TI_printfi</name>
         <value>0xe85</value>
         <object_component_ref idref="oc-199"/>
      </symbol>
      <symbol id="sm-317">
         <name>_args_main</name>
         <value>0x2bf9</value>
         <object_component_ref idref="oc-64"/>
      </symbol>
      <symbol id="sm-32d">
         <name>atoi</name>
         <value>0x27f1</value>
         <object_component_ref idref="oc-22f"/>
      </symbol>
      <symbol id="sm-353">
         <name>__TI_auto_init</name>
         <value>0x2535</value>
         <object_component_ref idref="oc-5e"/>
      </symbol>
      <symbol id="sm-36d">
         <name>copy_in</name>
         <value>0x283d</value>
         <object_component_ref idref="oc-90"/>
      </symbol>
      <symbol id="sm-378">
         <name>_ctypes_</name>
         <value>0x2f04</value>
         <object_component_ref idref="oc-277"/>
      </symbol>
      <symbol id="sm-39c">
         <name>__aeabi_dsub</name>
         <value>0x1a59</value>
         <object_component_ref idref="oc-20c"/>
      </symbol>
      <symbol id="sm-39d">
         <name>__aeabi_dadd</name>
         <value>0x1a63</value>
         <object_component_ref idref="oc-20c"/>
      </symbol>
      <symbol id="sm-3c4">
         <name>__aeabi_cdcmpeq</name>
         <value>0x23af</value>
         <object_component_ref idref="oc-1e8"/>
      </symbol>
      <symbol id="sm-3c5">
         <name>__aeabi_cdcmple</name>
         <value>0x23af</value>
         <object_component_ref idref="oc-1e8"/>
      </symbol>
      <symbol id="sm-3c6">
         <name>__aeabi_cdrcmple</name>
         <value>0x2435</value>
         <object_component_ref idref="oc-1f7"/>
      </symbol>
      <symbol id="sm-3e6">
         <name>__aeabi_ddiv</name>
         <value>0x1d5d</value>
         <object_component_ref idref="oc-1f2"/>
      </symbol>
      <symbol id="sm-3fd">
         <name>__aeabi_dmul</name>
         <value>0x20a1</value>
         <object_component_ref idref="oc-1ed"/>
      </symbol>
      <symbol id="sm-40b">
         <name>__aeabi_d2iz</name>
         <value>0x2889</value>
         <object_component_ref idref="oc-1fc"/>
      </symbol>
      <symbol id="sm-418">
         <name>frexp</name>
         <value>0x2ba5</value>
         <object_component_ref idref="oc-211"/>
      </symbol>
      <symbol id="sm-425">
         <name>__aeabi_i2d</name>
         <value>0x2af5</value>
         <object_component_ref idref="oc-207"/>
      </symbol>
      <symbol id="sm-436">
         <name>ldexp</name>
         <value>0x28d1</value>
         <object_component_ref idref="oc-217"/>
      </symbol>
      <symbol id="sm-445">
         <name>ltoa</name>
         <value>0x2799</value>
         <object_component_ref idref="oc-201"/>
      </symbol>
      <symbol id="sm-455">
         <name>memccpy</name>
         <value>0x2bc7</value>
         <object_component_ref idref="oc-229"/>
      </symbol>
      <symbol id="sm-465">
         <name>strchr</name>
         <value>0x2c11</value>
         <object_component_ref idref="oc-21d"/>
      </symbol>
      <symbol id="sm-473">
         <name>strlen</name>
         <value>0x2c3d</value>
         <object_component_ref idref="oc-1e2"/>
      </symbol>
      <symbol id="sm-49d">
         <name>__aeabi_uldivmod</name>
         <value>0x169d</value>
         <object_component_ref idref="oc-1dd"/>
      </symbol>
      <symbol id="sm-4ab">
         <name>_Dclass</name>
         <value>0x2b7b</value>
         <object_component_ref idref="oc-223"/>
      </symbol>
      <symbol id="sm-4cc">
         <name>_Dscale</name>
         <value>0x1e95</value>
         <object_component_ref idref="oc-263"/>
      </symbol>
      <symbol id="sm-4e0">
         <name>_Dunscale</name>
         <value>0x2675</value>
         <object_component_ref idref="oc-25b"/>
      </symbol>
      <symbol id="sm-4ef">
         <name>_Feraise</name>
         <value>0x2ac5</value>
         <object_component_ref idref="oc-269"/>
      </symbol>
      <symbol id="sm-4ff">
         <name>_Rteps</name>
         <value>0x20000580</value>
         <object_component_ref idref="oc-291"/>
      </symbol>
      <symbol id="sm-500">
         <name>_Zero</name>
         <value>0x20000598</value>
         <object_component_ref idref="oc-291"/>
      </symbol>
      <symbol id="sm-501">
         <name>_Hugeval</name>
         <value>0x20000540</value>
         <object_component_ref idref="oc-291"/>
      </symbol>
      <symbol id="sm-502">
         <name>_Snan</name>
         <value>0x20000570</value>
         <object_component_ref idref="oc-291"/>
      </symbol>
      <symbol id="sm-503">
         <name>_Nan</name>
         <value>0x20000560</value>
         <object_component_ref idref="oc-291"/>
      </symbol>
      <symbol id="sm-504">
         <name>_Inf</name>
         <value>0x20000550</value>
         <object_component_ref idref="oc-291"/>
      </symbol>
      <symbol id="sm-505">
         <name>_Xbig</name>
         <value>0x20000590</value>
         <object_component_ref idref="oc-291"/>
      </symbol>
      <symbol id="sm-506">
         <name>_Eps</name>
         <value>0x20000530</value>
         <object_component_ref idref="oc-291"/>
      </symbol>
      <symbol id="sm-507">
         <name>_Denorm</name>
         <value>0x20000520</value>
         <object_component_ref idref="oc-291"/>
      </symbol>
      <symbol id="sm-50f">
         <name>_Errno</name>
         <value>0x200005b8</value>
         <object_component_ref idref="oc-29c"/>
      </symbol>
      <symbol id="sm-52d">
         <name>feraiseexcept</name>
         <value>0x2a91</value>
         <object_component_ref idref="oc-296"/>
      </symbol>
      <symbol id="sm-52e">
         <name>_Tls_setup__Fenv</name>
         <value>0x200005b4</value>
         <object_component_ref idref="oc-2c0"/>
      </symbol>
      <symbol id="sm-52f">
         <name>_Fenv</name>
         <value>0x200005b0</value>
         <object_component_ref idref="oc-2c0"/>
      </symbol>
      <symbol id="sm-543">
         <name>raise</name>
         <value>0x2b23</value>
         <object_component_ref idref="oc-2ba"/>
      </symbol>
      <symbol id="sm-55d">
         <name>signal</name>
         <value>0x29a1</value>
         <object_component_ref idref="oc-2ca"/>
      </symbol>
      <symbol id="sm-572">
         <name>_Dnorm</name>
         <value>0x219d</value>
         <object_component_ref idref="oc-287"/>
      </symbol>
      <symbol id="sm-5f2">
         <name>GPIOPinIntClear</name>
         <value>0x2d07</value>
         <object_component_ref idref="oc-f5"/>
      </symbol>
      <symbol id="sm-5f3">
         <name>GPIOIntTypeSet</name>
         <value>0x29e1</value>
         <object_component_ref idref="oc-d7"/>
      </symbol>
      <symbol id="sm-5f4">
         <name>GPIOPinTypeGPIOInput</name>
         <value>0x2c51</value>
         <object_component_ref idref="oc-bf"/>
      </symbol>
      <symbol id="sm-5f5">
         <name>GPIOPinIntEnable</name>
         <value>0x2cb3</value>
         <object_component_ref idref="oc-c5"/>
      </symbol>
      <symbol id="sm-5f6">
         <name>GPIOPinTypeGPIOOutput</name>
         <value>0x2c63</value>
         <object_component_ref idref="oc-e9"/>
      </symbol>
      <symbol id="sm-5f7">
         <name>GPIOPinRead</name>
         <value>0x2d0d</value>
         <object_component_ref idref="oc-fb"/>
      </symbol>
      <symbol id="sm-5f8">
         <name>GPIODirModeSet</name>
         <value>0x2b51</value>
         <object_component_ref idref="oc-13a"/>
      </symbol>
      <symbol id="sm-5f9">
         <name>GPIOPinWrite</name>
         <value>0x2d13</value>
         <object_component_ref idref="oc-ef"/>
      </symbol>
      <symbol id="sm-5fa">
         <name>GPIOPadConfigSet</name>
         <value>0x225b</value>
         <object_component_ref idref="oc-d1"/>
      </symbol>
      <symbol id="sm-5fb">
         <name>GPIOPinTypeSSI</name>
         <value>0x2c75</value>
         <object_component_ref idref="oc-178"/>
      </symbol>
      <symbol id="sm-5fc">
         <name>GPIOPortIntRegister</name>
         <value>0x2be1</value>
         <object_component_ref idref="oc-cb"/>
      </symbol>
      <symbol id="sm-63d">
         <name>IntEnable</name>
         <value>0x260d</value>
         <object_component_ref idref="oc-dd"/>
      </symbol>
      <symbol id="sm-63e">
         <name>IntRegister</name>
         <value>0x2a5d</value>
         <object_component_ref idref="oc-149"/>
      </symbol>
      <symbol id="sm-63f">
         <name>g_pfnRAMVectors</name>
         <value>0x20000000</value>
         <object_component_ref idref="oc-1c1"/>
      </symbol>
      <symbol id="sm-640">
         <name>IntMasterEnable</name>
         <value>0x2cd7</value>
         <object_component_ref idref="oc-107"/>
      </symbol>
      <symbol id="sm-679">
         <name>SSIDataPut</name>
         <value>0x2ce1</value>
         <object_component_ref idref="oc-15d"/>
      </symbol>
      <symbol id="sm-67a">
         <name>SSIDataGetNonBlocking</name>
         <value>0x2c87</value>
         <object_component_ref idref="oc-184"/>
      </symbol>
      <symbol id="sm-67b">
         <name>SSIConfigSetExpClk</name>
         <value>0x295d</value>
         <object_component_ref idref="oc-172"/>
      </symbol>
      <symbol id="sm-67c">
         <name>SSIEnable</name>
         <value>0x2cf5</value>
         <object_component_ref idref="oc-17e"/>
      </symbol>
      <symbol id="sm-67d">
         <name>SSIBusy</name>
         <value>0x2cff</value>
         <object_component_ref idref="oc-157"/>
      </symbol>
      <symbol id="sm-67e">
         <name>SSIDisable</name>
         <value>0x2ceb</value>
         <object_component_ref idref="oc-166"/>
      </symbol>
      <symbol id="sm-6d4">
         <name>SysCtlPeripheralEnable</name>
         <value>0x273d</value>
         <object_component_ref idref="oc-b9"/>
      </symbol>
      <symbol id="sm-6d5">
         <name>SysCtlClockGet</name>
         <value>0x1891</value>
         <object_component_ref idref="oc-16c"/>
      </symbol>
      <symbol id="sm-6df">
         <name>CPUcpsie</name>
         <value>0x2ca7</value>
         <object_component_ref idref="oc-1a6"/>
      </symbol>
      <symbol id="sm-6e0">
         <name>__TI_static_base__</name>
         <value>0x0</value>
      </symbol>
      <symbol id="sm-6e3">
         <name>SHT$$INIT_ARRAY$$Limit</name>
         <value>0x0</value>
      </symbol>
      <symbol id="sm-6e4">
         <name>SHT$$INIT_ARRAY$$Base</name>
         <value>0x0</value>
      </symbol>
   </symbol_table>
   <title>Link successful</title>
</link_info>
