******************************************************************************
                  TI ARM Linker PC v5.2.4                      
******************************************************************************
>> Linked Fri May 08 02:59:37 2015

OUTPUT FILE NAME:   <Milestone 2.2.out>
ENTRY POINT SYMBOL: "_c_int00"  address: 00003405


MEMORY CONFIGURATION

         name            origin    length      used     unused   attr    fill
----------------------  --------  ---------  --------  --------  ----  --------
  FLASH                 00000000   00040000  00003e1a  0003c1e6  R  X
  SRAM                  20000000   00010000  000013f6  0000ec0a  RW X


SEGMENT ALLOCATION MAP

run origin  load origin   length   init length attrs members
----------  ----------- ---------- ----------- ----- -------
00000000    00000000    00003e20   00003e20    r-x
  00000000    00000000    000000f0   000000f0    r-- .intvecs
  000000f0    000000f0    0000382e   0000382e    r-x .text
  00003920    00003920    0000046c   0000046c    r-- .const
  00003d90    00003d90    00000090   00000090    r-- .cinit
20000000    20000000    000013fa   00000000    rw-
  20000000    20000000    0000026c   00000000    rw- .vtable
  2000026c    2000026c    00000800   00000000    rw- .stack
  20000a70    20000a70    00000800   00000000    rw- .sysmem
  20001270    20001270    00000168   00000000    rw- .data
  200013d8    200013d8    00000022   00000000    rw- .bss


SECTION ALLOCATION MAP

 output                                  attributes/
section   page    origin      length       input sections
--------  ----  ----------  ----------   ----------------
.intvecs   0    00000000    000000f0     
                  00000000    000000f0     startup_ccs.obj (.intvecs)

.text      0    000000f0    0000382e     
                  000000f0    0000109a     rtsv7M3_T_le_eabi.lib : _printfi.obj (.text)
                  0000118a    00000002     --HOLE-- [fill = 0]
                  0000118c    00000510     rit128x96x4.obj (.text)
                  0000169c    000003dc     quadEncoder.obj (.text)
                  00001a78    000003dc     rtsv7M3_T_le_eabi.lib : memory.obj (.text)
                  00001e54    000001f4                           : ull_div_t2.obj (.text)
                  00002048    000001c8     driverlib-cm3.lib : sysctl.obj (.text:SysCtlClockGet)
                  00002210    000001b6     rtsv7M3_T_le_eabi.lib : fd_add_t2.obj (.text)
                  000023c6    00000002     --HOLE-- [fill = 0]
                  000023c8    00000148     driverlib-cm3.lib : sysctl.obj (.text:SysCtlClockSet)
                  00002510    00000136     rtsv7M3_T_le_eabi.lib : fd_div_t2.obj (.text)
                  00002646    00000002     --HOLE-- [fill = 0]
                  00002648    00000110                           : xdscale.obj (.text)
                  00002758    000000fc     driverlib-cm3.lib : gpio.obj (.text:GPIOGetIntNumber)
                  00002854    000000fc     rtsv7M3_T_le_eabi.lib : fd_mul_t2.obj (.text)
                  00002950    000000be                           : xdnorm.obj (.text)
                  00002a0e    000000b8     driverlib-cm3.lib : gpio.obj (.text:GPIOPadConfigSet)
                  00002ac6    000000b8     circBuf.obj (.text)
                  00002b7e    0000009c     rtsv7M3_T_le_eabi.lib : memcpy_t2.obj (.text)
                  00002c1a    00000092                           : fs_div_t2.obj (.text)
                  00002cac    00000086                           : fd_cmp_t2.obj (.text:__aeabi_cdcmple)
                  00002d32    00000086                           : fd_cmp_t2.obj (.text:__aeabi_cdrcmple)
                  00002db8    0000007a                           : fs_mul_t2.obj (.text)
                  00002e32    0000007a                           : memset_t2.obj (.text)
                  00002eac    0000006c     driverlib-cm3.lib : adc.obj (.text:ADCSequenceStepConfigure)
                  00002f18    0000006c     rtsv7M3_T_le_eabi.lib : autoinit.obj (.text)
                  00002f84    0000006a                           : copy_decompress_rle.obj (.text)
                  00002fee    00000002     --HOLE-- [fill = 0]
                  00002ff0    00000068     driverlib-cm3.lib : interrupt.obj (.text:IntEnable)
                  00003058    00000066     rtsv7M3_T_le_eabi.lib : xdunscal.obj (.text)
                  000030be    00000002     --HOLE-- [fill = 0]
                  000030c0    00000060                           : sprintf.obj (.text)
                  00003120    0000005c     driverlib-cm3.lib : sysctl.obj (.text:SysCtlPeripheralEnable)
                  0000317c    00000056     rtsv7M3_T_le_eabi.lib : ltoa.obj (.text)
                  000031d2    00000002     --HOLE-- [fill = 0]
                  000031d4    0000004c                           : atoi.obj (.text)
                  00003220    0000004c                           : cpy_tbl.obj (.text)
                  0000326c    00000048                           : fd_toi_t2.obj (.text)
                  000032b4    00000046                           : ldexp.obj (.text)
                  000032fa    00000002     --HOLE-- [fill = 0]
                  000032fc    00000044                           : exit.obj (.text)
                  00003340    00000042     driverlib-cm3.lib : ssi.obj (.text:SSIConfigSetExpClk)
                  00003382    00000002     --HOLE-- [fill = 0]
                  00003384    00000040     rtsv7M3_T_le_eabi.lib : signal.obj (.text)
                  000033c4    0000003e     driverlib-cm3.lib : gpio.obj (.text:GPIOIntTypeSet)
                  00003402    00000002     --HOLE-- [fill = 0]
                  00003404    0000003c     rtsv7M3_T_le_eabi.lib : boot.obj (.text)
                  00003440    00000038                           : fs_toi_t2.obj (.text)
                  00003478    00000034     driverlib-cm3.lib : interrupt.obj (.text:IntRegister)
                  000034ac    00000034     rtsv7M3_T_le_eabi.lib : feraiseexcept.obj (.text)
                  000034e0    00000034                           : fs_tou_t2.obj (.text)
                  00003514    00000030                           : xferaise.obj (.text)
                  00003544    0000002e                           : i_tofd_t2.obj (.text)
                  00003572    0000002e                           : raise.obj (.text)
                  000035a0    0000002a     driverlib-cm3.lib : adc.obj (.text:ADCSequenceConfigure)
                  000035ca    0000002a                       : gpio.obj (.text:GPIODirModeSet)
                  000035f4    0000002a     rtsv7M3_T_le_eabi.lib : xdclass.obj (.text)
                  0000361e    00000002     --HOLE-- [fill = 0]
                  00003620    00000024     driverlib-cm3.lib : adc.obj (.text:ADCIntRegister)
                  00003644    00000024     rtsv7M3_T_le_eabi.lib : u_tofs_t2.obj (.text)
                  00003668    00000022     driverlib-cm3.lib : pwm.obj (.text:PWMGenConfigure)
                  0000368a    00000022     rtsv7M3_T_le_eabi.lib : frexp.obj (.text)
                  000036ac    0000001e     driverlib-cm3.lib : adc.obj (.text:ADCSequenceDataGet)
                  000036ca    0000001e                       : pwm.obj (.text:PWMPulseWidthSet)
                  000036e8    0000001c                       : systick.obj (.text:SysTickIntRegister)
                  00003704    0000001a                       : adc.obj (.text:ADCProcessorTrigger)
                  0000371e    0000001a     rtsv7M3_T_le_eabi.lib : memccpy.obj (.text)
                  00003738    00000018     driverlib-cm3.lib : gpio.obj (.text:GPIOPortIntRegister)
                  00003750    00000018     rtsv7M3_T_le_eabi.lib : args_main.obj (.text)
                  00003768    00000016                           : strchr.obj (.text)
                  0000377e    00000002     --HOLE-- [fill = 0]
                  00003780    00000014     driverlib-cm3.lib : systick.obj (.text:SysTickEnable)
                  00003794    00000014                       : systick.obj (.text:SysTickIntEnable)
                  000037a8    00000014     rtsv7M3_T_le_eabi.lib : _lock.obj (.text)
                  000037bc    00000014                           : strlen.obj (.text)
                  000037d0    00000012     driverlib-cm3.lib : gpio.obj (.text:GPIOPinTypeGPIOInput)
                  000037e2    00000012                       : gpio.obj (.text:GPIOPinTypeGPIOOutput)
                  000037f4    00000012                       : gpio.obj (.text:GPIOPinTypePWM)
                  00003806    00000012                       : gpio.obj (.text:GPIOPinTypeSSI)
                  00003818    00000012                       : pwm.obj (.text:PWMOutputState)
                  0000382a    00000012                       : ssi.obj (.text:SSIDataGetNonBlocking)
                  0000383c    00000010                       : adc.obj (.text:ADCIntEnable)
                  0000384c    00000010                       : pwm.obj (.text:PWMGenPeriodSet)
                  0000385c    00000010                       : systick.obj (.text:SysTickPeriodSet)
                  0000386c    0000000e                       : adc.obj (.text:ADCSequenceEnable)
                  0000387a    0000000e     rtsv7M3_T_le_eabi.lib : copy_decompress_none.obj (.text:decompress:none)
                  00003888    0000000c     driverlib-cm3.lib : cpu.obj (.text:CPUcpsie)
                  00003894    0000000c                       : gpio.obj (.text:GPIOPinIntEnable)
                  000038a0    0000000c     rtsv7M3_T_le_eabi.lib : copy_zero_init.obj (.text:decompress:ZI)
                  000038ac    0000000c     startup_ccs.obj (.text)
                  000038b8    0000000a     driverlib-cm3.lib : adc.obj (.text:ADCIntClear)
                  000038c2    0000000a                       : interrupt.obj (.text:IntMasterEnable)
                  000038cc    0000000a                       : pwm.obj (.text:PWMGenEnable)
                  000038d6    0000000a                       : ssi.obj (.text:SSIDataPut)
                  000038e0    0000000a                       : ssi.obj (.text:SSIDisable)
                  000038ea    0000000a                       : ssi.obj (.text:SSIEnable)
                  000038f4    00000008                       : ssi.obj (.text:SSIBusy)
                  000038fc    00000006                       : gpio.obj (.text:GPIOPinIntClear)
                  00003902    00000006                       : gpio.obj (.text:GPIOPinRead)
                  00003908    00000006                       : gpio.obj (.text:GPIOPinWrite)
                  0000390e    00000006                       : sysctl.obj (.text:SysCtlDelay)
                  00003914    00000006     rtsv7M3_T_le_eabi.lib : copy_decompress_rle.obj (.text:decompress:rle24)
                  0000391a    00000004                           : pre_init.obj (.text)

.const     0    00003920    0000046c     
                  00003920    000001e0     rit128x96x4.obj (.const:g_pucFont)
                  00003b00    00000101     rtsv7M3_T_le_eabi.lib : ctype.obj (.const:.string:_ctypes_)
                  00003c01    00000003     --HOLE-- [fill = 0]
                  00003c04    00000070     driverlib-cm3.lib : interrupt.obj (.const)
                  00003c74    0000006c                       : sysctl.obj (.const:g_pulXtals)
                  00003ce0    0000004f     rit128x96x4.obj (.const:.string:g_pucRIT128x96x4Init)
                  00003d2f    00000001     --HOLE-- [fill = 0]
                  00003d30    00000040     driverlib-cm3.lib : sysctl.obj (.const)
                  00003d70    00000010     quadEncoder.obj (.const:.string)
                  00003d80    0000000c     rit128x96x4.obj (.const:.string)

.cinit     0    00003d90    00000090     
                  00003d90    00000056     (.cinit..data.load) [load image, compression = rle]
                  00003de6    00000002     --HOLE-- [fill = 0]
                  00003de8    0000000c     (__TI_handler_table)
                  00003df4    00000004     --HOLE-- [fill = 0]
                  00003df8    00000008     (.cinit..bss.load) [load image, compression = zero_init]
                  00003e00    00000008     (.cinit..vtable.load) [load image, compression = zero_init]
                  00003e08    00000018     (__TI_cinit_table)

.init_array 
*          0    00000000    00000000     UNINITIALIZED

.vtable    0    20000000    0000026c     UNINITIALIZED
                  20000000    0000026c     driverlib-cm3.lib : interrupt.obj (.vtable)

.stack     0    2000026c    00000800     UNINITIALIZED
                  2000026c    00000800     --HOLE--

.sysmem    0    20000a70    00000800     UNINITIALIZED
                  20000a70    00000008     rtsv7M3_T_le_eabi.lib : memory.obj (.sysmem)
                  20000a78    000007f8     --HOLE--

.data      0    20001270    00000168     UNINITIALIZED
                  20001270    000000b0     rtsv7M3_T_le_eabi.lib : signal.obj (.data:sigtable)
                  20001320    00000080                           : xvalues.obj (.data)
                  200013a0    0000000c                           : memory.obj (.data)
                  200013ac    0000000b     quadEncoder.obj (.data)
                  200013b7    00000001     --HOLE--
                  200013b8    00000008     rtsv7M3_T_le_eabi.lib : _lock.obj (.data)
                  200013c0    00000008                           : exit.obj (.data)
                  200013c8    00000008                           : feraiseexcept.obj (.data)
                  200013d0    00000004                           : errno.obj (.data)
                  200013d4    00000004                           : stkdepth_vars.obj (.data)

.TI.persistent 
*          0    20001270    00000000     UNINITIALIZED

.bss       0    200013d8    00000022     UNINITIALIZED
                  200013d8    00000010     (.common:g_AltitudeBuff)
                  200013e8    00000008     (.common:g_pucBuffer)
                  200013f0    00000004     (.common:g_ulSSIFlags)
                  200013f4    00000004     (.common:gul_AltitudeSampCnt)
                  200013f8    00000002     (.common:ul_AltitudeVal)

.TI.noinit 
*          0    200013d8    00000000     UNINITIALIZED


LINKER GENERATED COPY TABLES

__TI_cinit_table @ 00003e08 records: 3, size/record: 8, table size: 24
	.data: load addr=00003d90, load size=00000056 bytes, run addr=20001270, run size=00000168 bytes, compression=rle
	.bss: load addr=00003df8, load size=00000008 bytes, run addr=200013d8, run size=00000022 bytes, compression=zero_init
	.vtable: load addr=00003e00, load size=00000008 bytes, run addr=20000000, run size=0000026c bytes, compression=zero_init


LINKER GENERATED HANDLER TABLE

__TI_handler_table @ 00003de8 records: 3, size/record: 4, table size: 12
	index: 0, handler: __TI_zero_init
	index: 1, handler: __TI_decompress_rle24
	index: 2, handler: __TI_decompress_none


GLOBAL SYMBOLS: SORTED ALPHABETICALLY BY Name 

address   name                    
-------   ----                    
000038b9  ADCIntClear             
0000383d  ADCIntEnable            
00003621  ADCIntRegister          
00003705  ADCProcessorTrigger     
000035a1  ADCSequenceConfigure    
000036ad  ADCSequenceDataGet      
0000386d  ADCSequenceEnable       
00002ead  ADCSequenceStepConfigure
00001845  Altitude_Monitor_ISR    
000032fd  C$$EXIT                 
00003889  CPUcpsie                
000018b9  Display_Val             
000035cb  GPIODirModeSet          
000033c5  GPIOIntTypeSet          
00002a0f  GPIOPadConfigSet        
000038fd  GPIOPinIntClear         
00003895  GPIOPinIntEnable        
00003903  GPIOPinRead             
000037d1  GPIOPinTypeGPIOInput    
000037e3  GPIOPinTypeGPIOOutput   
000037f5  GPIOPinTypePWM          
00003807  GPIOPinTypeSSI          
00003909  GPIOPinWrite            
00003739  GPIOPortIntRegister     
000018b3  Get_Alt                 
0000189d  Get_Yaw                 
00001705  Init_ADC                
0000169d  Init_Clock              
000016bd  Init_Display            
00001747  Init_PWM                
000016c7  Init_Quad_Decoder       
000017c5  Init_Ref_Pin            
00002ff1  IntEnable               
000038c3  IntMasterEnable         
00003479  IntRegister             
00003669  PWMGenConfigure         
000038cd  PWMGenEnable            
0000384d  PWMGenPeriodSet         
00003819  PWMOutputState          
000036cb  PWMPulseWidthSet        
000017ed  Quad_Decoder_ISR        
00001295  RIT128x96x4Clear        
00001513  RIT128x96x4Disable      
00001665  RIT128x96x4DisplayOff   
00001631  RIT128x96x4DisplayOn    
000014b9  RIT128x96x4Enable       
00001431  RIT128x96x4ImageDraw    
0000158d  RIT128x96x4Init         
000012f1  RIT128x96x4StringDraw   
000038ad  ResetISR                
UNDEFED   SHT$$INIT_ARRAY$$Base   
UNDEFED   SHT$$INIT_ARRAY$$Limit  
000038f5  SSIBusy                 
00003341  SSIConfigSetExpClk      
0000382b  SSIDataGetNonBlocking   
000038d7  SSIDataPut              
000038e1  SSIDisable              
000038eb  SSIEnable               
0000177d  Set_PWM                 
00002049  SysCtlClockGet          
000023c9  SysCtlClockSet          
0000390f  SysCtlDelay             
00003121  SysCtlPeripheralEnable  
00003781  SysTickEnable           
00003795  SysTickIntEnable        
00001889  SysTickIntHandler       
000036e9  SysTickIntRegister      
0000385d  SysTickPeriodSet        
000035f5  _Dclass                 
20001320  _Denorm                 
00002951  _Dnorm                  
00002649  _Dscale                 
00003059  _Dunscale               
20001330  _Eps                    
200013d0  _Errno                  
200013c8  _Fenv                   
00003515  _Feraise                
20001340  _Hugeval                
20001350  _Inf                    
20001360  _Nan                    
20001380  _Rteps                  
20001370  _Snan                   
200013cc  _Tls_setup__Fenv        
20001390  _Xbig                   
20001398  _Zero                   
20000a6c  __STACK_END             
00000800  __STACK_SIZE            
2000046c  __STACK_TOP             
00000800  __SYSMEM_SIZE           
00003e08  __TI_CINIT_Base         
00003e20  __TI_CINIT_Limit        
00003de8  __TI_Handler_Table_Base 
00003df4  __TI_Handler_Table_Limit
00002f19  __TI_auto_init          
200013c0  __TI_cleanup_ptr        
0000387b  __TI_decompress_none    
00003915  __TI_decompress_rle24   
200013c4  __TI_dtors_ptr          
00000e85  __TI_printfi            
00000000  __TI_static_base__      
000038a1  __TI_zero_init          
00002cad  __aeabi_cdcmpeq         
00002cad  __aeabi_cdcmple         
00002d33  __aeabi_cdrcmple        
0000326d  __aeabi_d2iz            
0000221b  __aeabi_dadd            
00002511  __aeabi_ddiv            
00002855  __aeabi_dmul            
00002211  __aeabi_dsub            
00003441  __aeabi_f2iz            
000034e1  __aeabi_f2uiz           
00002c1b  __aeabi_fdiv            
00002db9  __aeabi_fmul            
00003545  __aeabi_i2d             
00002e33  __aeabi_memclr          
00002e33  __aeabi_memclr4         
00002e33  __aeabi_memclr8         
00002b7f  __aeabi_memcpy          
00002b7f  __aeabi_memcpy4         
00002b7f  __aeabi_memcpy8         
00002e35  __aeabi_memset          
00002e35  __aeabi_memset4         
00002e35  __aeabi_memset8         
00003645  __aeabi_ui2f            
00001e55  __aeabi_uldivmod        
ffffffff  __binit__               
ffffffff  __c_args__              
2000026c  __stack                 
00003751  _args_main              
00003405  _c_int00                
00003b00  _ctypes_                
200013b8  _lock                   
000037b7  _nop                    
000037af  _register_lock          
000037a9  _register_unlock        
20000a70  _sys_memory             
0000391b  _system_pre_init        
200013bc  _unlock                 
00003301  abort                   
200013b2  altStr                  
000031d5  atoi                    
ffffffff  binit                   
00001e21  calloc                  
00003221  copy_in                 
000018e5  displayMeanVal          
00003309  exit                    
000034ad  feraiseexcept           
00001b6f  free                    
00002b59  freeCircBuf             
0000368b  frexp                   
20000000  g_pfnRAMVectors         
00000000  g_pfnVectors            
00002ac7  initCircBuf             
000032b5  ldexp                   
0000317d  ltoa                    
00001959  main                    
200013d4  main_func_sp            
00001b07  malloc                  
00001d3d  memalign                
0000371f  memccpy                 
00002b7f  memcpy                  
00002e3b  memset                  
00001a79  minit                   
00003573  raise                   
00002b25  readCircBuf             
00001c31  realloc                 
00003385  signal                  
000030c1  sprintf                 
00003769  strchr                  
000037bd  strlen                  
00002af1  writeCircBuf            
200013ae  yawStr                  


GLOBAL SYMBOLS: SORTED BY Symbol Address 

address   name                    
-------   ----                    
00000000  __TI_static_base__      
00000000  g_pfnVectors            
00000800  __STACK_SIZE            
00000800  __SYSMEM_SIZE           
00000e85  __TI_printfi            
00001295  RIT128x96x4Clear        
000012f1  RIT128x96x4StringDraw   
00001431  RIT128x96x4ImageDraw    
000014b9  RIT128x96x4Enable       
00001513  RIT128x96x4Disable      
0000158d  RIT128x96x4Init         
00001631  RIT128x96x4DisplayOn    
00001665  RIT128x96x4DisplayOff   
0000169d  Init_Clock              
000016bd  Init_Display            
000016c7  Init_Quad_Decoder       
00001705  Init_ADC                
00001747  Init_PWM                
0000177d  Set_PWM                 
000017c5  Init_Ref_Pin            
000017ed  Quad_Decoder_ISR        
00001845  Altitude_Monitor_ISR    
00001889  SysTickIntHandler       
0000189d  Get_Yaw                 
000018b3  Get_Alt                 
000018b9  Display_Val             
000018e5  displayMeanVal          
00001959  main                    
00001a79  minit                   
00001b07  malloc                  
00001b6f  free                    
00001c31  realloc                 
00001d3d  memalign                
00001e21  calloc                  
00001e55  __aeabi_uldivmod        
00002049  SysCtlClockGet          
00002211  __aeabi_dsub            
0000221b  __aeabi_dadd            
000023c9  SysCtlClockSet          
00002511  __aeabi_ddiv            
00002649  _Dscale                 
00002855  __aeabi_dmul            
00002951  _Dnorm                  
00002a0f  GPIOPadConfigSet        
00002ac7  initCircBuf             
00002af1  writeCircBuf            
00002b25  readCircBuf             
00002b59  freeCircBuf             
00002b7f  __aeabi_memcpy          
00002b7f  __aeabi_memcpy4         
00002b7f  __aeabi_memcpy8         
00002b7f  memcpy                  
00002c1b  __aeabi_fdiv            
00002cad  __aeabi_cdcmpeq         
00002cad  __aeabi_cdcmple         
00002d33  __aeabi_cdrcmple        
00002db9  __aeabi_fmul            
00002e33  __aeabi_memclr          
00002e33  __aeabi_memclr4         
00002e33  __aeabi_memclr8         
00002e35  __aeabi_memset          
00002e35  __aeabi_memset4         
00002e35  __aeabi_memset8         
00002e3b  memset                  
00002ead  ADCSequenceStepConfigure
00002f19  __TI_auto_init          
00002ff1  IntEnable               
00003059  _Dunscale               
000030c1  sprintf                 
00003121  SysCtlPeripheralEnable  
0000317d  ltoa                    
000031d5  atoi                    
00003221  copy_in                 
0000326d  __aeabi_d2iz            
000032b5  ldexp                   
000032fd  C$$EXIT                 
00003301  abort                   
00003309  exit                    
00003341  SSIConfigSetExpClk      
00003385  signal                  
000033c5  GPIOIntTypeSet          
00003405  _c_int00                
00003441  __aeabi_f2iz            
00003479  IntRegister             
000034ad  feraiseexcept           
000034e1  __aeabi_f2uiz           
00003515  _Feraise                
00003545  __aeabi_i2d             
00003573  raise                   
000035a1  ADCSequenceConfigure    
000035cb  GPIODirModeSet          
000035f5  _Dclass                 
00003621  ADCIntRegister          
00003645  __aeabi_ui2f            
00003669  PWMGenConfigure         
0000368b  frexp                   
000036ad  ADCSequenceDataGet      
000036cb  PWMPulseWidthSet        
000036e9  SysTickIntRegister      
00003705  ADCProcessorTrigger     
0000371f  memccpy                 
00003739  GPIOPortIntRegister     
00003751  _args_main              
00003769  strchr                  
00003781  SysTickEnable           
00003795  SysTickIntEnable        
000037a9  _register_unlock        
000037af  _register_lock          
000037b7  _nop                    
000037bd  strlen                  
000037d1  GPIOPinTypeGPIOInput    
000037e3  GPIOPinTypeGPIOOutput   
000037f5  GPIOPinTypePWM          
00003807  GPIOPinTypeSSI          
00003819  PWMOutputState          
0000382b  SSIDataGetNonBlocking   
0000383d  ADCIntEnable            
0000384d  PWMGenPeriodSet         
0000385d  SysTickPeriodSet        
0000386d  ADCSequenceEnable       
0000387b  __TI_decompress_none    
00003889  CPUcpsie                
00003895  GPIOPinIntEnable        
000038a1  __TI_zero_init          
000038ad  ResetISR                
000038b9  ADCIntClear             
000038c3  IntMasterEnable         
000038cd  PWMGenEnable            
000038d7  SSIDataPut              
000038e1  SSIDisable              
000038eb  SSIEnable               
000038f5  SSIBusy                 
000038fd  GPIOPinIntClear         
00003903  GPIOPinRead             
00003909  GPIOPinWrite            
0000390f  SysCtlDelay             
00003915  __TI_decompress_rle24   
0000391b  _system_pre_init        
00003b00  _ctypes_                
00003de8  __TI_Handler_Table_Base 
00003df4  __TI_Handler_Table_Limit
00003e08  __TI_CINIT_Base         
00003e20  __TI_CINIT_Limit        
20000000  g_pfnRAMVectors         
2000026c  __stack                 
2000046c  __STACK_TOP             
20000a6c  __STACK_END             
20000a70  _sys_memory             
20001320  _Denorm                 
20001330  _Eps                    
20001340  _Hugeval                
20001350  _Inf                    
20001360  _Nan                    
20001370  _Snan                   
20001380  _Rteps                  
20001390  _Xbig                   
20001398  _Zero                   
200013ae  yawStr                  
200013b2  altStr                  
200013b8  _lock                   
200013bc  _unlock                 
200013c0  __TI_cleanup_ptr        
200013c4  __TI_dtors_ptr          
200013c8  _Fenv                   
200013cc  _Tls_setup__Fenv        
200013d0  _Errno                  
200013d4  main_func_sp            
ffffffff  __binit__               
ffffffff  __c_args__              
ffffffff  binit                   
UNDEFED   SHT$$INIT_ARRAY$$Base   
UNDEFED   SHT$$INIT_ARRAY$$Limit  

[172 symbols]
