******************************************************************************
                  TI ARM Linker PC v5.1.6                      
******************************************************************************
>> Linked Fri May 01 10:28:31 2015

OUTPUT FILE NAME:   <Week-3_time_triggered_ADC.out>
ENTRY POINT SYMBOL: "_c_int00"  address: 00000ef9


MEMORY CONFIGURATION

         name            origin    length      used     unused   attr    fill
----------------------  --------  ---------  --------  --------  ----  --------
  FLASH                 00000000   00040000  000014e8  0003eb18  R  X
  SRAM                  20000000   00010000  0000061e  0000f9e2  RW X


SEGMENT ALLOCATION MAP

run origin  load origin   length   init length attrs members
----------  ----------- ---------- ----------- ----- -------
00000000    00000000    000014e8   000014e8    r-x
  00000000    00000000    000000f0   000000f0    r-- .intvecs
  000000f0    000000f0    00001058   00001058    r-x .text
  00001148    00001148    00000358   00000358    r-- .const
  000014a0    000014a0    00000048   00000048    r-- .cinit
20000000    20000000    00000620   00000000    rw-
  20000000    20000000    0000026c   00000000    rw- .vtable
  2000026c    2000026c    00000200   00000000    rw- .stack
  2000046c    2000046c    0000019e   00000000    rw- .bss
  2000060c    2000060c    00000014   00000000    rw- .data


SECTION ALLOCATION MAP

 output                                  attributes/
section   page    origin      length       input sections
--------  ----  ----------  ----------   ----------------
.intvecs   0    00000000    000000f0     
                  00000000    000000f0     startup_ccs.obj (.intvecs)

.init_array 
*          0    00000000    00000000     UNINITIALIZED

.text      0    000000f0    00001058     
                  000000f0    00000510     rit128x96x4.obj (.text)
                  00000600    000001d8     driverlib-cm3.lib : sysctl.obj (.text:SysCtlClockGet)
                  000007d8    0000015c     adc_triggered_main.obj (.text)
                  00000934    00000144     driverlib-cm3.lib : sysctl.obj (.text:SysCtlClockSet)
                  00000a78    000000c8                       : gpio.obj (.text:GPIOPadConfigSet)
                  00000b40    0000009c     rtsv7M3_T_le_eabi.lib : memcpy_t2.obj (.text)
                  00000bdc    00000094                           : auto_init.obj (.text)
                  00000c70    0000006c     driverlib-cm3.lib : adc.obj (.text:ADCSequenceStepConfigure)
                  00000cdc    00000064                       : interrupt.obj (.text:IntEnable)
                  00000d40    0000005e     rtsv7M3_T_le_eabi.lib : copy_decompress_rle.obj (.text)
                  00000d9e    00000002     --HOLE-- [fill = 0]
                  00000da0    00000058     driverlib-cm3.lib : sysctl.obj (.text:SysCtlPeripheralEnable)
                  00000df8    00000044                       : ssi.obj (.text:SSIConfigSetExpClk)
                  00000e3c    00000044     rtsv7M3_T_le_eabi.lib : cpy_tbl.obj (.text)
                  00000e80    00000044                           : exit.obj (.text)
                  00000ec4    00000034     driverlib-cm3.lib : interrupt.obj (.text:IntRegister)
                  00000ef8    00000034     rtsv7M3_T_le_eabi.lib : boot.obj (.text)
                  00000f2c    0000002e     driverlib-cm3.lib : gpio.obj (.text:GPIODirModeSet)
                  00000f5a    0000002a                       : adc.obj (.text:ADCSequenceConfigure)
                  00000f84    00000028                       : adc.obj (.text:ADCIntRegister)
                  00000fac    00000024                       : timer.obj (.text:TimerConfigure)
                  00000fd0    00000020                       : adc.obj (.text:ADCSequenceDataGet)
                  00000ff0    00000020                       : sysctl.obj (.text:SysCtlADCSpeedSet)
                  00001010    00000018                       : timer.obj (.text:TimerControlTrigger)
                  00001028    00000018     rtsv7M3_T_le_eabi.lib : args_main.obj (.text)
                  00001040    00000014                           : _lock.obj (.text)
                  00001054    00000012     driverlib-cm3.lib : gpio.obj (.text:GPIOPinTypeADC)
                  00001066    00000012                       : gpio.obj (.text:GPIOPinTypeGPIOOutput)
                  00001078    00000012                       : gpio.obj (.text:GPIOPinTypeSSI)
                  0000108a    00000012                       : ssi.obj (.text:SSIDataGetNonBlocking)
                  0000109c    00000012                       : timer.obj (.text:TimerLoadSet)
                  000010ae    00000012     rtsv7M3_T_le_eabi.lib : copy_zero_init.obj (.text:decompress:ZI)
                  000010c0    00000010     driverlib-cm3.lib : adc.obj (.text:ADCIntEnable)
                  000010d0    0000000e                       : adc.obj (.text:ADCSequenceEnable)
                  000010de    0000000e                       : timer.obj (.text:TimerEnable)
                  000010ec    0000000e     rtsv7M3_T_le_eabi.lib : copy_decompress_none.obj (.text:decompress:none)
                  000010fa    0000000c     startup_ccs.obj (.text)
                  00001106    0000000a     driverlib-cm3.lib : adc.obj (.text:ADCIntClear)
                  00001110    0000000a                       : ssi.obj (.text:SSIDataPut)
                  0000111a    0000000a                       : ssi.obj (.text:SSIDisable)
                  00001124    0000000a                       : ssi.obj (.text:SSIEnable)
                  0000112e    00000008                       : ssi.obj (.text:SSIBusy)
                  00001136    00000006                       : gpio.obj (.text:GPIOPinWrite)
                  0000113c    00000006                       : sysctl.obj (.text:SysCtlDelay)
                  00001142    00000006     rtsv7M3_T_le_eabi.lib : copy_decompress_rle.obj (.text:decompress:rle24)

.const     0    00001148    00000358     
                  00001148    000001e0     rit128x96x4.obj (.const:g_pucFont)
                  00001328    00000070     driverlib-cm3.lib : interrupt.obj (.const)
                  00001398    0000006c                       : sysctl.obj (.const:g_pulXtals)
                  00001404    0000004f     rit128x96x4.obj (.const:.string:g_pucRIT128x96x4Init)
                  00001453    00000001     --HOLE-- [fill = 0]
                  00001454    00000040     driverlib-cm3.lib : sysctl.obj (.const)
                  00001494    0000000c     rit128x96x4.obj (.const:.string)

.cinit     0    000014a0    00000048     
                  000014a0    0000000f     (.cinit..data.load) [load image, compression = rle]
                  000014af    00000001     --HOLE-- [fill = 0]
                  000014b0    0000000c     (__TI_handler_table)
                  000014bc    00000004     --HOLE-- [fill = 0]
                  000014c0    00000008     (.cinit..bss.load) [load image, compression = zero_init]
                  000014c8    00000008     (.cinit..vtable.load) [load image, compression = zero_init]
                  000014d0    00000018     (__TI_cinit_table)

.vtable    0    20000000    0000026c     UNINITIALIZED
                  20000000    0000026c     driverlib-cm3.lib : interrupt.obj (.vtable)

.stack     0    2000026c    00000200     UNINITIALIZED
                  2000026c    00000200     --HOLE--

.bss       0    2000046c    0000019e     UNINITIALIZED
                  2000046c    00000190     adc_triggered_main.obj (.bss:ADC_array)
                  200005fc    00000008     (.common:g_pucBuffer)
                  20000604    00000004     (.common:g_ulSSIFlags)
                  20000608    00000002     (.common:index)

.data      0    2000060c    00000014     UNINITIALIZED
                  2000060c    00000008     rtsv7M3_T_le_eabi.lib : _lock.obj (.data)
                  20000614    00000008                           : exit.obj (.data)
                  2000061c    00000004                           : stkdepth_vars.obj (.data)


LINKER GENERATED COPY TABLES

__TI_cinit_table @ 000014d0 records: 3, size/record: 8, table size: 24
	.data: load addr=000014a0, load size=0000000f bytes, run addr=2000060c, run size=00000014 bytes, compression=rle
	.bss: load addr=000014c0, load size=00000008 bytes, run addr=2000046c, run size=0000019e bytes, compression=zero_init
	.vtable: load addr=000014c8, load size=00000008 bytes, run addr=20000000, run size=0000026c bytes, compression=zero_init


LINKER GENERATED HANDLER TABLE

__TI_handler_table @ 000014b0 records: 3, size/record: 4, table size: 12
	index: 0, handler: __TI_zero_init
	index: 1, handler: __TI_decompress_rle24
	index: 2, handler: __TI_decompress_none


GLOBAL SYMBOLS: SORTED ALPHABETICALLY BY Name 

address    name
--------   ----
000008a5   ADCISR
00001107   ADCIntClear
000010c1   ADCIntEnable
00000f85   ADCIntRegister
00000f5b   ADCSequenceConfigure
00000fd1   ADCSequenceDataGet
000010d1   ADCSequenceEnable
00000c71   ADCSequenceStepConfigure
00000e81   C$$EXIT
00000f2d   GPIODirModeSet
00000a79   GPIOPadConfigSet
00001055   GPIOPinTypeADC
00001067   GPIOPinTypeGPIOOutput
00001079   GPIOPinTypeSSI
00001137   GPIOPinWrite
00000cdd   IntEnable
00000ec5   IntRegister
000001f9   RIT128x96x4Clear
00000477   RIT128x96x4Disable
000005c9   RIT128x96x4DisplayOff
00000595   RIT128x96x4DisplayOn
0000041d   RIT128x96x4Enable
00000395   RIT128x96x4ImageDraw
000004f1   RIT128x96x4Init
00000255   RIT128x96x4StringDraw
000010fb   ResetISR
UNDEFED    SHT$$INIT_ARRAY$$Base
UNDEFED    SHT$$INIT_ARRAY$$Limit
0000112f   SSIBusy
00000df9   SSIConfigSetExpClk
0000108b   SSIDataGetNonBlocking
00001111   SSIDataPut
0000111b   SSIDisable
00001125   SSIEnable
00000ff1   SysCtlADCSpeedSet
00000601   SysCtlClockGet
00000935   SysCtlClockSet
0000113d   SysCtlDelay
00000da1   SysCtlPeripheralEnable
00000fad   TimerConfigure
00001011   TimerControlTrigger
000010df   TimerEnable
0000109d   TimerLoadSet
2000046c   __STACK_END
00000200   __STACK_SIZE
2000046c   __STACK_TOP
000014d0   __TI_CINIT_Base
000014e8   __TI_CINIT_Limit
000014b0   __TI_Handler_Table_Base
000014bc   __TI_Handler_Table_Limit
00000001   __TI_args_main
00000bdd   __TI_auto_init
20000614   __TI_cleanup_ptr
000010ed   __TI_decompress_none
00001143   __TI_decompress_rle24
20000618   __TI_dtors_ptr
00000000   __TI_static_base__
000010af   __TI_zero_init
00000b41   __aeabi_memcpy
00000b41   __aeabi_memcpy4
00000b41   __aeabi_memcpy8
ffffffff   __binit__
ffffffff   __c_args__
2000026c   __stack
00001029   _args_main
00000ef9   _c_int00
2000060c   _lock
0000104f   _nop
00001047   _register_lock
00001041   _register_unlock
20000610   _unlock
00000e85   abort
ffffffff   binit
00000e3d   copy_in
00000e8d   exit
20000000   g_pfnRAMVectors
00000000   g_pfnVectors
0000080f   init_ADC
000007d9   init_Pins
00000867   init_timer
000008e1   main
2000061c   main_func_sp
00000b41   memcpy


GLOBAL SYMBOLS: SORTED BY Symbol Address 

address    name
--------   ----
00000000   __TI_static_base__
00000000   g_pfnVectors
00000001   __TI_args_main
000001f9   RIT128x96x4Clear
00000200   __STACK_SIZE
00000255   RIT128x96x4StringDraw
00000395   RIT128x96x4ImageDraw
0000041d   RIT128x96x4Enable
00000477   RIT128x96x4Disable
000004f1   RIT128x96x4Init
00000595   RIT128x96x4DisplayOn
000005c9   RIT128x96x4DisplayOff
00000601   SysCtlClockGet
000007d9   init_Pins
0000080f   init_ADC
00000867   init_timer
000008a5   ADCISR
000008e1   main
00000935   SysCtlClockSet
00000a79   GPIOPadConfigSet
00000b41   __aeabi_memcpy
00000b41   __aeabi_memcpy4
00000b41   __aeabi_memcpy8
00000b41   memcpy
00000bdd   __TI_auto_init
00000c71   ADCSequenceStepConfigure
00000cdd   IntEnable
00000da1   SysCtlPeripheralEnable
00000df9   SSIConfigSetExpClk
00000e3d   copy_in
00000e81   C$$EXIT
00000e85   abort
00000e8d   exit
00000ec5   IntRegister
00000ef9   _c_int00
00000f2d   GPIODirModeSet
00000f5b   ADCSequenceConfigure
00000f85   ADCIntRegister
00000fad   TimerConfigure
00000fd1   ADCSequenceDataGet
00000ff1   SysCtlADCSpeedSet
00001011   TimerControlTrigger
00001029   _args_main
00001041   _register_unlock
00001047   _register_lock
0000104f   _nop
00001055   GPIOPinTypeADC
00001067   GPIOPinTypeGPIOOutput
00001079   GPIOPinTypeSSI
0000108b   SSIDataGetNonBlocking
0000109d   TimerLoadSet
000010af   __TI_zero_init
000010c1   ADCIntEnable
000010d1   ADCSequenceEnable
000010df   TimerEnable
000010ed   __TI_decompress_none
000010fb   ResetISR
00001107   ADCIntClear
00001111   SSIDataPut
0000111b   SSIDisable
00001125   SSIEnable
0000112f   SSIBusy
00001137   GPIOPinWrite
0000113d   SysCtlDelay
00001143   __TI_decompress_rle24
000014b0   __TI_Handler_Table_Base
000014bc   __TI_Handler_Table_Limit
000014d0   __TI_CINIT_Base
000014e8   __TI_CINIT_Limit
20000000   g_pfnRAMVectors
2000026c   __stack
2000046c   __STACK_END
2000046c   __STACK_TOP
2000060c   _lock
20000610   _unlock
20000614   __TI_cleanup_ptr
20000618   __TI_dtors_ptr
2000061c   main_func_sp
ffffffff   __binit__
ffffffff   __c_args__
ffffffff   binit
UNDEFED    SHT$$INIT_ARRAY$$Base
UNDEFED    SHT$$INIT_ARRAY$$Limit

[83 symbols]
